[INFO] [launch]: All log files can be found below /home/letandat/Dev/uav-navigation/.artifacts/runtime/external-mode-check-20260904T091715-43792/logs/2026-09-04-16-17-21-403578-letandat-Legion-5-Pro-16IAH7H-44182
[INFO] [launch]: Default logging verbosity is set to INFO
[INFO] [robot_state_publisher-1]: process started with pid [44424]
[INFO] [fast_lio_node-2]: process started with pid [44426]
[INFO] [px4_odometry_bridge_external_node-3]: process started with pid [44427]
[robot_state_publisher-1] [INFO] [1788513441.602350089] [robot_state_publisher]: Robot initialized
[fast_lio_node-2] [WARN] [1788513441.645415237] []: Invalid frame ID "base_link" passed to canTransform argument target_frame - frame does not exist
[fast_lio_node-2] [INFO] [1788513442.120662894] [fast_lio]: Publishing corrected and propagated odometry in lio_odom -> base_link; dynamic TF owner=propagated; static geometry resolved from base_link -> livox_imu_frame; runtime diagnostics are available on /lio/diagnostics
[px4_odometry_bridge_external_node-3] [INFO] [1788513443.720109988] [px4_external_odometry_bridge]: external odometry gate transitioned to READY: previous_gate_reason=GATE_CLOSED current_gate_reason=READY publication_active=true lio_valid=true lio_status_fresh=true odometry_sample_age_ms=0 transport_ready=true timestamp_ready=true covariance_ready=true frame_valid=true public_generation=11883803317025 generation_valid=true geometric_jump_latched=false jump_reason=NO_BASELINE published_count=0 gated_count=0
[px4_odometry_bridge_external_node-3] [INFO] [1788513443.720183294] [px4_external_odometry_bridge]: external odometry publication resumed: previous_gate_reason=GATE_CLOSED current_gate_reason=READY publication_active=true lio_valid=true lio_status_fresh=true odometry_sample_age_ms=0 transport_ready=true timestamp_ready=true covariance_ready=true frame_valid=true public_generation=11883803317025 generation_valid=true geometric_jump_latched=false jump_reason=NO_BASELINE published_count=0 gated_count=0
[WARNING] [launch]: user interrupted with ctrl-c (SIGINT)
[INFO] [px4_odometry_bridge_external_node-3]: sending signal 'SIGINT' to process[px4_odometry_bridge_external_node-3]
[INFO] [fast_lio_node-2]: sending signal 'SIGINT' to process[fast_lio_node-2]
[INFO] [robot_state_publisher-1]: sending signal 'SIGINT' to process[robot_state_publisher-1]
[robot_state_publisher-1] [INFO] [1788513487.952121425] [rclcpp]: signal_handler(SIGINT/SIGTERM)
[fast_lio_node-2] [INFO] [1788513487.952121072] [rclcpp]: signal_handler(SIGINT/SIGTERM)
[px4_odometry_bridge_external_node-3] [INFO] [1788513487.952123369] [rclcpp]: signal_handler(SIGINT/SIGTERM)
[px4_odometry_bridge_external_node-3] [INFO] [1788513487.955770881] [rclcpp]: signal_handler(SIGINT/SIGTERM)
[fast_lio_node-2] [INFO] [1788513487.956253878] [rclcpp]: signal_handler(SIGINT/SIGTERM)
[robot_state_publisher-1] [INFO] [1788513487.956594536] [rclcpp]: signal_handler(SIGINT/SIGTERM)
[INFO] [robot_state_publisher-1]: process has finished cleanly [pid 44424]
[INFO] [px4_odometry_bridge_external_node-3]: process has finished cleanly [pid 44427]
[INFO] [fast_lio_node-2]: process has finished cleanly [pid 44426]
