[INFO] [launch]: All log files can be found below /home/letandat/Dev/uav-navigation/.artifacts/runtime/external-mode-check-20260904T091715-43792/logs/2026-09-04-16-17-21-453419-letandat-Legion-5-Pro-16IAH7H-44172
[INFO] [launch]: Default logging verbosity is set to INFO
[INFO] [navigation_runtime_node-1]: process started with pid [44410]
[navigation_runtime_node-1] [INFO] [1788513441.567736332] [navigation_runtime_node]: Applying mission dynamics to planner backend before optimizer construction: velocity=5.000 acceleration=12.000 jerk=30.000
[navigation_runtime_node-1] Load config file: /home/letandat/Dev/uav-navigation/.artifacts/runtime/external-mode-check-20260904T091715-43792/planner.yaml
[navigation_runtime_node-1] [0;33m Load param rog_map/esdf/resolution failed, use default value: [0;0m0.2
[navigation_runtime_node-1] [0;33m Load param rog_map/esdf/enable failed, use default value: [0;0m0
[navigation_runtime_node-1] [0;33m Load param rog_map/esdf/local_update_box failed, use default value: [0;0m[]
[navigation_runtime_node-1] [0;33m Load param rog_map/load_pcd_en failed, use default value: [0;0m0
[navigation_runtime_node-1] [0;32m Load param rog_map/map_sliding/enable success: [0;0m1
[navigation_runtime_node-1] [0;32m Load param rog_map/map_sliding/threshold success: [0;0m1.5
[navigation_runtime_node-1] [0;32m Load param rog_map/fix_map_origin success: [0;0m[0 0 1.5 ]
[navigation_runtime_node-1] [0;33m Load param rog_map/frontier_extraction_en failed, use default value: [0;0m0
[navigation_runtime_node-1] [0;33m Load param rog_map/ros_callback/enable failed, use default value: [0;0m0
[navigation_runtime_node-1] [0;33m Load param rog_map/ros_callback/cloud_topic failed, use default value: [0;0m/cloud_registered
[navigation_runtime_node-1] [0;33m Load param rog_map/ros_callback/odom_topic failed, use default value: [0;0m/lidar_slam/odom
[navigation_runtime_node-1] [0;33m Load param rog_map/ros_callback/odom_timeout failed, use default value: [0;0m0.05
[navigation_runtime_node-1] [0;33m Load param rog_map/visualization/enable failed, use default value: [0;0m0
[navigation_runtime_node-1] [0;33m Load param rog_map/visualization/use_dynamic_reconfigure failed, use default value: [0;0m0
[navigation_runtime_node-1] [0;33m Load param rog_map/visualization/pub_unknown_map_en failed, use default value: [0;0m0
[navigation_runtime_node-1] [0;33m Load param rog_map/visualization/frame_id failed, use default value: [0;0mworld
[navigation_runtime_node-1] [0;33m Load param rog_map/visualization/time_rate failed, use default value: [0;0m0
[navigation_runtime_node-1] [0;33m Load param rog_map/visualization/frame_rate failed, use default value: [0;0m0
[navigation_runtime_node-1] [0;33m Load param rog_map/visualization/range failed, use default value: [0;0m[0 0 0 ]
[navigation_runtime_node-1] [33m -- [ROG] Visualization range is not set, visualization is disabled[0m
[navigation_runtime_node-1] [0;32m Load param rog_map/resolution success: [0;0m0.2
[navigation_runtime_node-1] [0;32m Load param rog_map/inflation_resolution success: [0;0m0.2
[navigation_runtime_node-1] [0;33m Load param rog_map/unk_inflation_en failed, use default value: [0;0m0
[navigation_runtime_node-1] [0;33m Load param rog_map/unk_inflation_step failed, use default value: [0;0m1
[navigation_runtime_node-1] [0;32m Load param rog_map/inflation_step success: [0;0m4
[navigation_runtime_node-1] [0;32m Load param rog_map/intensity_thresh success: [0;0m-10
[navigation_runtime_node-1] [0;32m Load param rog_map/map_size success: [0;0m[50 50 8 ]
[navigation_runtime_node-1] [0;32m Load param rog_map/point_filt_num success: [0;0m1
[navigation_runtime_node-1] [0;32m Load param rog_map/raycasting/enable success: [0;0m1
[navigation_runtime_node-1] [0;32m Load param rog_map/raycasting/batch_update_size success: [0;0m1
[navigation_runtime_node-1] [0;32m Load param rog_map/raycasting/unk_thresh success: [0;0m1
[navigation_runtime_node-1] [0;32m Load param rog_map/raycasting/p_hit success: [0;0m0.9
[navigation_runtime_node-1] [0;32m Load param rog_map/raycasting/p_miss success: [0;0m0.49
[navigation_runtime_node-1] [0;32m Load param rog_map/raycasting/p_min success: [0;0m0.12
[navigation_runtime_node-1] [0;32m Load param rog_map/raycasting/p_max success: [0;0m0.98
[navigation_runtime_node-1] [0;32m Load param rog_map/raycasting/p_occ success: [0;0m0.85
[navigation_runtime_node-1] [0;32m Load param rog_map/raycasting/p_free success: [0;0m0.499
[navigation_runtime_node-1] [0;32m Load param rog_map/raycasting/ray_range success: [0;0m[0.8 100 ]
[navigation_runtime_node-1] [0;32m Load param rog_map/raycasting/local_update_box success: [0;0m[50 50 8 ]
[navigation_runtime_node-1] [0;32m Load param rog_map/virtual_ground_ceiling_en success: [0;0m0
[navigation_runtime_node-1] [0;32m Load param rog_map/virtual_ground_height success: [0;0m-1.1
[navigation_runtime_node-1] [0;32m Load param rog_map/virtual_ceil_height success: [0;0m5.8
[navigation_runtime_node-1] [32m -- [RM-Config] inflation_resolution: 0.2[0m
[navigation_runtime_node-1]  -- [ROG-Map] Init, resetMapSize: ORIGIN_AT_CORNER.
[navigation_runtime_node-1]  -- [ROG-Map] Init, resetMapSize: virtual_ceil_height: 4.7, virtual_ground_height: -0.30000000000000004.
[navigation_runtime_node-1] [34m	[ROG] n_free: 1[0m
[navigation_runtime_node-1] [34m	[ROG] n_occ: 1[0m
[navigation_runtime_node-1] [34m	[ROG] l_hit: 2.19722[0m
[navigation_runtime_node-1] [34m	[ROG] l_miss: -0.0400053[0m
[navigation_runtime_node-1] [34m	[ROG] l_min: -1.99243[0m
[navigation_runtime_node-1] [34m	[ROG] l_max: 3.89182[0m
[navigation_runtime_node-1] [34m	[ROG] l_occ: 1.7346[0m
[navigation_runtime_node-1] [34m	[ROG] l_free: -0.00399995[0m
[navigation_runtime_node-1] [33m -- [Inf-Map] Clear all local map.[0m
[navigation_runtime_node-1] [32m -- [CounterMap] Init successfully -- .[0m
[navigation_runtime_node-1] [32m	resolution: 0.2[0m
[navigation_runtime_node-1] [32m	map_sliding_en: 1[0m
[navigation_runtime_node-1] [32m	local_map_size_i: 261 261  51[0m
[navigation_runtime_node-1] [32m	local_map_size_d: 52.2 52.2 10.2[0m
[navigation_runtime_node-1] [33m -- [Inf-Map] Clear all local map.[0m
[navigation_runtime_node-1] [32m -- [InfMap] Init successfully -- .[0m
[navigation_runtime_node-1] [32m	resolution: 0.2[0m
[navigation_runtime_node-1] [32m	map_sliding_en: 1[0m
[navigation_runtime_node-1] [32m	local_map_size_i: 261 261  51[0m
[navigation_runtime_node-1] [32m	local_map_size_d: 52.2 52.2 10.2[0m
[navigation_runtime_node-1] [ProbMap] virtual_ceil_height: 4.6
[navigation_runtime_node-1] [ProbMap] virtual_ground_height: -0.4
[navigation_runtime_node-1] [33m -- [Prob-Map] Clear all local map.[0m
[navigation_runtime_node-1] [32m -- [ProbMap] Init successfully -- .[0m
[navigation_runtime_node-1] [32m	resolution: 0.2[0m
[navigation_runtime_node-1] [32m	map_sliding_en: 1[0m
[navigation_runtime_node-1] [32m	local_map_size_i: 251 251  41[0m
[navigation_runtime_node-1] [32m	local_map_size_d: 50.2 50.2  8.2[0m
[navigation_runtime_node-1] Load config file: /home/letandat/Dev/uav-navigation/.artifacts/runtime/external-mode-check-20260904T091715-43792/planner.yaml
[navigation_runtime_node-1] [0;32m Load param traj_opt/switch/print_optimizer_log success: [0;0m0
[navigation_runtime_node-1] [0;32m Load param traj_opt/flatness/mass success: [0;0m1.64
[navigation_runtime_node-1] [0;32m Load param traj_opt/flatness/dh success: [0;0m0.35
[navigation_runtime_node-1] [0;32m Load param traj_opt/flatness/dv success: [0;0m0.35
[navigation_runtime_node-1] [0;32m Load param traj_opt/flatness/grav success: [0;0m9.81
[navigation_runtime_node-1] [0;32m Load param traj_opt/flatness/cp success: [0;0m0.001
[navigation_runtime_node-1] [0;32m Load param traj_opt/flatness/v_eps success: [0;0m0.0001
[navigation_runtime_node-1] [0;32m Load param traj_opt/switch/save_log_en success: [0;0m0
[navigation_runtime_node-1] [0;32m Load param traj_opt/exp_traj/pos_constraint_type success: [0;0m2
[navigation_runtime_node-1] [0;32m Load param traj_opt/exp_traj/block_energy_cost success: [0;0m0
[navigation_runtime_node-1] [0;32m Load param traj_opt/exp_traj/opt_accuracy success: [0;0m5e-06
[navigation_runtime_node-1] [0;32m Load param traj_opt/exp_traj/integral_reso success: [0;0m15
[navigation_runtime_node-1] [0;32m Load param traj_opt/exp_traj/lbfgs_memory_size success: [0;0m32
[navigation_runtime_node-1] [0;32m Load param traj_opt/exp_traj/smooth_eps success: [0;0m0.01
[navigation_runtime_node-1] [0;32m Load param traj_opt/exp_traj/corridor_plane_tolerance_m success: [0;0m0.01
[navigation_runtime_node-1] [0;32m Load param traj_opt/exp_traj/feasibility_retry_max_iterations success: [0;0m64
[navigation_runtime_node-1] [0;32m Load param traj_opt/exp_traj/route_reference/lateral_weight success: [0;0m1
[navigation_runtime_node-1] [0;32m Load param traj_opt/exp_traj/route_reference/vertical_weight success: [0;0m10
[navigation_runtime_node-1] [0;32m Load param traj_opt/exp_traj/route_reference/lateral_deadband_m success: [0;0m0.05
[navigation_runtime_node-1] [0;32m Load param traj_opt/exp_traj/route_reference/vertical_deadband_m success: [0;0m0.05
[navigation_runtime_node-1] [0;32m Load param traj_opt/exp_traj/optimization_dynamic_reserve_ratio success: [0;0m0.98
[navigation_runtime_node-1] [0;32m Load param traj_opt/boundary/max_vel success: [0;0m5
[navigation_runtime_node-1] [0;32m Load param traj_opt/boundary/max_acc success: [0;0m12
[navigation_runtime_node-1] [0;32m Load param traj_opt/boundary/max_jerk success: [0;0m30
[navigation_runtime_node-1] [0;32m Load param traj_opt/boundary/max_omg success: [0;0m5
[navigation_runtime_node-1] [0;32m Load param traj_opt/boundary/max_acc_thr success: [0;0m25
[navigation_runtime_node-1] [0;32m Load param traj_opt/boundary/min_acc_thr success: [0;0m6
[navigation_runtime_node-1] [0;32m Load param traj_opt/exp_traj/objective/time_weight success: [0;0m12000
[navigation_runtime_node-1] [0;32m Load param traj_opt/exp_traj/objective/position_penalty_weight success: [0;0m5e+08
[navigation_runtime_node-1] [0;32m Load param traj_opt/exp_traj/objective/velocity_penalty_weight success: [0;0m500000
[navigation_runtime_node-1] [0;32m Load param traj_opt/exp_traj/objective/acceleration_penalty_weight success: [0;0m500000
[navigation_runtime_node-1] [0;32m Load param traj_opt/exp_traj/objective/jerk_penalty_weight success: [0;0m0
[navigation_runtime_node-1] [0;32m Load param traj_opt/exp_traj/objective/waypoint_attraction_weight success: [0;0m0
[navigation_runtime_node-1] [0;32m Load param traj_opt/exp_traj/objective/angular_rate_penalty_weight success: [0;0m100000
[navigation_runtime_node-1] [0;32m Load param traj_opt/exp_traj/objective/thrust_penalty_weight success: [0;0m100000
[navigation_runtime_node-1] [0;32m Load param traj_opt/switch/print_optimizer_log success: [0;0m0
[navigation_runtime_node-1] [0;32m Load param traj_opt/flatness/mass success: [0;0m1.64
[navigation_runtime_node-1] [0;32m Load param traj_opt/flatness/dh success: [0;0m0.35
[navigation_runtime_node-1] [0;32m Load param traj_opt/flatness/dv success: [0;0m0.35
[navigation_runtime_node-1] [0;32m Load param traj_opt/flatness/grav success: [0;0m9.81
[navigation_runtime_node-1] [0;32m Load param traj_opt/flatness/cp success: [0;0m0.001
[navigation_runtime_node-1] [0;32m Load param traj_opt/flatness/v_eps success: [0;0m0.0001
[navigation_runtime_node-1] [0;32m Load param traj_opt/switch/save_log_en success: [0;0m0
[navigation_runtime_node-1] [0;32m Load param traj_opt/backup_traj/pos_constraint_type success: [0;0m1
[navigation_runtime_node-1] [0;32m Load param traj_opt/backup_traj/piece_num success: [0;0m2
[navigation_runtime_node-1] [0;32m Load param traj_opt/backup_traj/uniform_time_en success: [0;0m1
[navigation_runtime_node-1] [0;32m Load param traj_opt/backup_traj/block_energy_cost success: [0;0m1
[navigation_runtime_node-1] [0;32m Load param traj_opt/backup_traj/opt_accuracy success: [0;0m1e-06
[navigation_runtime_node-1] [0;32m Load param traj_opt/backup_traj/integral_reso success: [0;0m12
[navigation_runtime_node-1] [0;32m Load param traj_opt/backup_traj/lbfgs_memory_size success: [0;0m32
[navigation_runtime_node-1] [0;32m Load param traj_opt/backup_traj/smooth_eps success: [0;0m0.01
[navigation_runtime_node-1] [0;32m Load param traj_opt/backup_traj/corridor_plane_tolerance_m success: [0;0m0.01
[navigation_runtime_node-1] [0;32m Load param traj_opt/boundary/max_vel success: [0;0m5
[navigation_runtime_node-1] [0;32m Load param traj_opt/boundary/max_acc success: [0;0m12
[navigation_runtime_node-1] [0;32m Load param traj_opt/boundary/max_jerk success: [0;0m30
[navigation_runtime_node-1] [0;32m Load param traj_opt/boundary/max_omg success: [0;0m5
[navigation_runtime_node-1] [0;32m Load param traj_opt/boundary/max_acc_thr success: [0;0m25
[navigation_runtime_node-1] [0;32m Load param traj_opt/boundary/min_acc_thr success: [0;0m6
[navigation_runtime_node-1] [0;32m Load param traj_opt/backup_traj/objective/time_weight success: [0;0m1200
[navigation_runtime_node-1] [0;32m Load param traj_opt/backup_traj/objective/terminal_time_weight success: [0;0m100000
[navigation_runtime_node-1] [0;32m Load param traj_opt/backup_traj/objective/position_penalty_weight success: [0;0m1e+10
[navigation_runtime_node-1] [0;32m Load param traj_opt/backup_traj/objective/velocity_penalty_weight success: [0;0m100000
[navigation_runtime_node-1] [0;32m Load param traj_opt/backup_traj/objective/acceleration_penalty_weight success: [0;0m100000
[navigation_runtime_node-1] [0;32m Load param traj_opt/backup_traj/objective/jerk_penalty_weight success: [0;0m100000
[navigation_runtime_node-1] [0;32m Load param traj_opt/backup_traj/objective/angular_rate_penalty_weight success: [0;0m100000
[navigation_runtime_node-1] [0;32m Load param traj_opt/backup_traj/objective/thrust_penalty_weight success: [0;0m100000
[navigation_runtime_node-1] [0;32m Load param astar/allow_diag success: [0;0m1
[navigation_runtime_node-1] [0;32m Load param astar/debug_visualization_en success: [0;0m0
[navigation_runtime_node-1] [0;32m Load param astar/heu_type success: [0;0m2
[navigation_runtime_node-1] [0;32m Load param astar/heuristic_weight success: [0;0m1.5
[navigation_runtime_node-1] [0;32m Load param astar/visual_process success: [0;0m0
[navigation_runtime_node-1] [0;32m Load param planner/print_log success: [0;0m0
[navigation_runtime_node-1] [0;32m Load param planner/visualization_en success: [0;0m0
[navigation_runtime_node-1] [0;32m Load param planner/preserve_backup_altitude success: [0;0m1
[navigation_runtime_node-1] [0;32m Load param planner/backup_refinement_enabled success: [0;0m0
[navigation_runtime_node-1] [0;32m Load param planner/use_fov_cut success: [0;0m0
[navigation_runtime_node-1] [0;32m Load param planner/visibility_horizon_cap_m success: [0;0m23
[navigation_runtime_node-1] [0;32m Load param planner/visibility_horizon_floor_m success: [0;0m14
[navigation_runtime_node-1] [0;32m Load param planner/sensing_horizon_m success: [0;0m0
[navigation_runtime_node-1] [0;32m Load param planner/replan_forward_dt_s success: [0;0m0.4
[navigation_runtime_node-1] [0;32m Load param astar/search_time_limit_s success: [0;0m0.06
[navigation_runtime_node-1] [0;32m Load param astar/total_time_limit_s success: [0;0m0.12
[navigation_runtime_node-1] [0;32m Load param planner/solve_deadline_s success: [0;0m0.18
[navigation_runtime_node-1] [0;32m Load param planner/finalization_reserve_s success: [0;0m0.04
[navigation_runtime_node-1] [0;32m Load param planner/corridor_bound_distance_m success: [0;0m1.5
[navigation_runtime_node-1] [0;32m Load param planner/corridor_segment_max_length_m success: [0;0m3
[navigation_runtime_node-1] [0;32m Load param planner/local_window_m success: [0;0m20
[navigation_runtime_node-1] [0;33m Load param planner/planning_horizon_m failed, use default value: [0;0m0
[navigation_runtime_node-1] [0;32m Load param planner/receding_distance_m success: [0;0m3
[navigation_runtime_node-1] [0;32m Load param planner/vehicle_radius_m success: [0;0m0.35
[navigation_runtime_node-1] [0;32m Load param planner/tracking_error_budget_m success: [0;0m0.25
[navigation_runtime_node-1] [0;32m Load param planner/localization_error_budget_m success: [0;0m0.05
[navigation_runtime_node-1] [0;32m Load param planner/mapping_error_budget_m success: [0;0m0.1
[navigation_runtime_node-1] [0;32m Load param planner/planning_margin_m success: [0;0m0.05
[navigation_runtime_node-1] [0;32m Load param planner/iris_iter_num success: [0;0m1
[navigation_runtime_node-1] [0;32m Load param planner/yaw_rate_max_rad_s success: [0;0m1
[navigation_runtime_node-1] [0;32m Load param planner/yaw_acceleration_max_rad_s2 success: [0;0m0.3
[navigation_runtime_node-1] [0;32m Load param planner/route_yaw/minimum_lookahead_m success: [0;0m2
[navigation_runtime_node-1] [0;32m Load param planner/route_yaw/maximum_lookahead_m success: [0;0m12
[navigation_runtime_node-1] [0;32m Load param planner/route_yaw/lookahead_time_s success: [0;0m1.5
[navigation_runtime_node-1] [0;32m Load param planner/route_yaw/minimum_horizontal_speed_mps success: [0;0m0.3
[navigation_runtime_node-1] [0;32m Load param planner/route_yaw/minimum_horizontal_support_m success: [0;0m0.5
[navigation_runtime_node-1] [0;32m Load param planner/route_yaw/reversal_threshold_rad success: [0;0m2.61799
[navigation_runtime_node-1] [0;32m Load param planner/yaw_tracking_error_budget_rad success: [0;0m0.35
[navigation_runtime_node-1] [32m -- [A*] Initialize sparse search workspace.[0m
[navigation_runtime_node-1] [INFO] [1788513442.030732136] [navigation_runtime_node]: planner backend runtime ready: registered_scan=/lio/mapping_observation propagated_odom=/lio/odometry_propagated goal=/navigation/goal output=/navigation/navigation_command planner=5.0Hz command=50.0Hz snapshot=0.10s planning_input_source_receive=0.50s command_stream=0.10s stopped_recovery=5.0s
[navigation_runtime_node-1] [WARN] [1788513442.674407416] [navigation_runtime_node]: Localization epoch changed to 11883803317025; old mapping and command state invalidated
[navigation_runtime_node-1] Load config file: /home/letandat/Dev/uav-navigation/.artifacts/runtime/external-mode-check-20260904T091715-43792/planner.yaml
[navigation_runtime_node-1] [0;33m Load param rog_map/esdf/resolution failed, use default value: [0;0m0.2
[navigation_runtime_node-1] [0;33m Load param rog_map/esdf/enable failed, use default value: [0;0m0
[navigation_runtime_node-1] [0;33m Load param rog_map/esdf/local_update_box failed, use default value: [0;0m[]
[navigation_runtime_node-1] [0;33m Load param rog_map/load_pcd_en failed, use default value: [0;0m0
[navigation_runtime_node-1] [0;32m Load param rog_map/map_sliding/enable success: [0;0m1
[navigation_runtime_node-1] [0;32m Load param rog_map/map_sliding/threshold success: [0;0m1.5
[navigation_runtime_node-1] [0;32m Load param rog_map/fix_map_origin success: [0;0m[0 0 1.5 ]
[navigation_runtime_node-1] [0;33m Load param rog_map/frontier_extraction_en failed, use default value: [0;0m0
[navigation_runtime_node-1] [0;33m Load param rog_map/ros_callback/enable failed, use default value: [0;0m0
[navigation_runtime_node-1] [0;33m Load param rog_map/ros_callback/cloud_topic failed, use default value: [0;0m/cloud_registered
[navigation_runtime_node-1] [0;33m Load param rog_map/ros_callback/odom_topic failed, use default value: [0;0m/lidar_slam/odom
[navigation_runtime_node-1] [0;33m Load param rog_map/ros_callback/odom_timeout failed, use default value: [0;0m0.05
[navigation_runtime_node-1] [0;33m Load param rog_map/visualization/enable failed, use default value: [0;0m0
[navigation_runtime_node-1] [0;33m Load param rog_map/visualization/use_dynamic_reconfigure failed, use default value: [0;0m0
[navigation_runtime_node-1] [0;33m Load param rog_map/visualization/pub_unknown_map_en failed, use default value: [0;0m0
[navigation_runtime_node-1] [0;33m Load param rog_map/visualization/frame_id failed, use default value: [0;0mworld
[navigation_runtime_node-1] [0;33m Load param rog_map/visualization/time_rate failed, use default value: [0;0m0
[navigation_runtime_node-1] [0;33m Load param rog_map/visualization/frame_rate failed, use default value: [0;0m0
[navigation_runtime_node-1] [0;33m Load param rog_map/visualization/range failed, use default value: [0;0m[0 0 0 ]
[navigation_runtime_node-1] [33m -- [ROG] Visualization range is not set, visualization is disabled[0m
[navigation_runtime_node-1] [0;32m Load param rog_map/resolution success: [0;0m0.2
[navigation_runtime_node-1] [0;32m Load param rog_map/inflation_resolution success: [0;0m0.2
[navigation_runtime_node-1] [0;33m Load param rog_map/unk_inflation_en failed, use default value: [0;0m0
[navigation_runtime_node-1] [0;33m Load param rog_map/unk_inflation_step failed, use default value: [0;0m1
[navigation_runtime_node-1] [0;32m Load param rog_map/inflation_step success: [0;0m4
[navigation_runtime_node-1] [0;32m Load param rog_map/intensity_thresh success: [0;0m-10
[navigation_runtime_node-1] [0;32m Load param rog_map/map_size success: [0;0m[50 50 8 ]
[navigation_runtime_node-1] [0;32m Load param rog_map/point_filt_num success: [0;0m1
[navigation_runtime_node-1] [0;32m Load param rog_map/raycasting/enable success: [0;0m1
[navigation_runtime_node-1] [0;32m Load param rog_map/raycasting/batch_update_size success: [0;0m1
[navigation_runtime_node-1] [0;32m Load param rog_map/raycasting/unk_thresh success: [0;0m1
[navigation_runtime_node-1] [0;32m Load param rog_map/raycasting/p_hit success: [0;0m0.9
[navigation_runtime_node-1] [0;32m Load param rog_map/raycasting/p_miss success: [0;0m0.49
[navigation_runtime_node-1] [0;32m Load param rog_map/raycasting/p_min success: [0;0m0.12
[navigation_runtime_node-1] [0;32m Load param rog_map/raycasting/p_max success: [0;0m0.98
[navigation_runtime_node-1] [0;32m Load param rog_map/raycasting/p_occ success: [0;0m0.85
[navigation_runtime_node-1] [0;32m Load param rog_map/raycasting/p_free success: [0;0m0.499
[navigation_runtime_node-1] [0;32m Load param rog_map/raycasting/ray_range success: [0;0m[0.8 100 ]
[navigation_runtime_node-1] [0;32m Load param rog_map/raycasting/local_update_box success: [0;0m[50 50 8 ]
[navigation_runtime_node-1] [0;32m Load param rog_map/virtual_ground_ceiling_en success: [0;0m0
[navigation_runtime_node-1] [0;32m Load param rog_map/virtual_ground_height success: [0;0m-1.1
[navigation_runtime_node-1] [0;32m Load param rog_map/virtual_ceil_height success: [0;0m5.8
[navigation_runtime_node-1] [32m -- [RM-Config] inflation_resolution: 0.2[0m
[navigation_runtime_node-1]  -- [ROG-Map] Init, resetMapSize: ORIGIN_AT_CORNER.
[navigation_runtime_node-1]  -- [ROG-Map] Init, resetMapSize: virtual_ceil_height: 4.7, virtual_ground_height: -0.30000000000000004.
[navigation_runtime_node-1] [34m	[ROG] n_free: 1[0m
[navigation_runtime_node-1] [34m	[ROG] n_occ: 1[0m
[navigation_runtime_node-1] [34m	[ROG] l_hit: 2.19722[0m
[navigation_runtime_node-1] [34m	[ROG] l_miss: -0.0400053[0m
[navigation_runtime_node-1] [34m	[ROG] l_min: -1.99243[0m
[navigation_runtime_node-1] [34m	[ROG] l_max: 3.89182[0m
[navigation_runtime_node-1] [34m	[ROG] l_occ: 1.7346[0m
[navigation_runtime_node-1] [34m	[ROG] l_free: -0.00399995[0m
[navigation_runtime_node-1] [33m -- [Inf-Map] Clear all local map.[0m
[navigation_runtime_node-1] [32m -- [CounterMap] Init successfully -- .[0m
[navigation_runtime_node-1] [32m	resolution: 0.2[0m
[navigation_runtime_node-1] [32m	map_sliding_en: 1[0m
[navigation_runtime_node-1] [32m	local_map_size_i: 261 261  51[0m
[navigation_runtime_node-1] [32m	local_map_size_d: 52.2 52.2 10.2[0m
[navigation_runtime_node-1] [33m -- [Inf-Map] Clear all local map.[0m
[navigation_runtime_node-1] [32m -- [InfMap] Init successfully -- .[0m
[navigation_runtime_node-1] [32m	resolution: 0.2[0m
[navigation_runtime_node-1] [32m	map_sliding_en: 1[0m
[navigation_runtime_node-1] [32m	local_map_size_i: 261 261  51[0m
[navigation_runtime_node-1] [32m	local_map_size_d: 52.2 52.2 10.2[0m
[navigation_runtime_node-1] [ProbMap] virtual_ceil_height: 4.6
[navigation_runtime_node-1] [ProbMap] virtual_ground_height: -0.4
[navigation_runtime_node-1] [33m -- [Prob-Map] Clear all local map.[0m
[navigation_runtime_node-1] [32m -- [ProbMap] Init successfully -- .[0m
[navigation_runtime_node-1] [32m	resolution: 0.2[0m
[navigation_runtime_node-1] [32m	map_sliding_en: 1[0m
[navigation_runtime_node-1] [32m	local_map_size_i: 251 251  41[0m
[navigation_runtime_node-1] [32m	local_map_size_d: 50.2 50.2  8.2[0m
[navigation_runtime_node-1] [INFO] [1788513469.646142685] [navigation_runtime_node]: planner backend decision_trace cycle=1 solve_generation=1 committed_generation=0 pinned_world_generation=2 pinned_world_revision=203 pinned_world_stamp_ns=24300000000 certificate_world_generation=0 certificate_world_revision=0 certificate_world_stamp_ns=0 cloud_stamp_ns=24300000000 corrected_stamp_ns=24300000000 propagated_stamp_ns=24368000000 state_age_ms=20.000 mode=PlanFromRest result=0 replan_code=3 commit_decision=1 solve_stage=5 solve_stage_name=backup solve_elapsed_ms=15.145 solve_deadline_exceeded=0 target=(3.00,0.00,3.00) planning_target=(6.00,0.00,3.00) goal_radius=0.700 goal_adjusted=1 target_grid=4 target_inf_grid=4 planning_target_grid=4 planning_target_inf_grid=4 committed_end=(0.00,0.00,0.00) endpoint_error=inf command=1 failure=0 exp_frontend_ms=0.876 exp_opt_ms=10.933 backup_frontend_ms=1.204 backup_opt_ms=0.000 robot_grid=4 robot_inf_grid=4 nearest_free_m=nan nearest_occ_m=nan nearest_occ=(nan,nan,nan)
[navigation_runtime_node-1] [INFO] [1788513469.646279261] [navigation_runtime_node]: planner_cycle_metrics cycles=1 commands=0 dropped_cloud=0 planner_cycle_ms=15.357 p50_ms=15.357 p95_ms=15.357 p99_ms=15.357 map_us=31123 planner_us=15145 publish_us=0 store_publish_us=0 transition_lock_us=0 input_lock_us=0 target=(3.00,0.00,3.00) robot=(-0.21,-0.22,2.92) committed_start=(0.00,0.00,0.00) committed_q1=(0.00,0.00,0.00) committed_mid=(0.00,0.00,0.00) committed_q3=(0.00,0.00,0.00) committed_end=(0.00,0.00,0.00) main_end=(0.00,0.00,0.00) backup_start=0.000 guide_end=(6.00,0.00,3.00) guide_bounds=[(-0.21,-0.22,2.92),(6.00,0.00,3.00)] committed_duration=0.000
[navigation_runtime_node-1] [INFO] [1788513470.236682006] [navigation_runtime_node]: planner backend decision_trace cycle=4 solve_generation=2 committed_generation=1 pinned_world_generation=2 pinned_world_revision=208 pinned_world_stamp_ns=24800000000 certificate_world_generation=2 certificate_world_revision=203 certificate_world_stamp_ns=24300000000 cloud_stamp_ns=24800000000 corrected_stamp_ns=24800000000 propagated_stamp_ns=24848000000 state_age_ms=12.000 mode=ReplanOnce result=0 replan_code=3 commit_decision=1 solve_stage=5 solve_stage_name=backup solve_elapsed_ms=5.571 solve_deadline_exceeded=0 target=(3.00,0.00,3.00) planning_target=(6.00,0.00,3.00) goal_radius=0.700 goal_adjusted=1 target_grid=4 target_inf_grid=4 planning_target_grid=4 planning_target_inf_grid=4 committed_end=(6.66,-0.01,3.00) endpoint_error=3.664 command=1 failure=0 exp_frontend_ms=1.305 exp_opt_ms=2.090 backup_frontend_ms=0.832 backup_opt_ms=0.000 robot_grid=4 robot_inf_grid=4 nearest_free_m=nan nearest_occ_m=nan nearest_occ=(nan,nan,nan)
[navigation_runtime_node-1] [INFO] [1788513470.730814399] [navigation_runtime_node]: execution timeline activated successor generation=2 at ns=25256000000
[navigation_runtime_node-1] [planner INFO]  -- [Astar] selected certified constant mission-altitude route altitude=3 start_altitude=2.9154923257154284 points=19
[navigation_runtime_node-1] [planner INFO]  -- [planner] pass-through lookahead input active goal=(3, 0, 3) next=(6, 0, 3) guide_end=(3, 0, 3) guide_error=0
[navigation_runtime_node-1] [planner INFO]  -- [Astar] selected certified constant mission-altitude route altitude=3 start_altitude=3 points=16
[navigation_runtime_node-1] [planner INFO]  -- [planner] pass-through route lookahead distance=3.000 required=3.000 complete=true terminal_speed_cap=4.900 remaining_horizon=16.779 corner=false
[navigation_runtime_node-1] [planner INFO]  -- [planner] inserted route-boundary junction index=2 radius=0.7 overlap_depth=0.4041451884327381
[navigation_runtime_node-1] [planner INFO]  -- [ExpOpt] route-boundary seed cell=2 point=(3, 0, 3) junction=(3, 0, 3) distance=0
[navigation_runtime_node-1] [planner WARN]  -- [ExpOpt] complete baseline has no certified deterministic seed; falling back to bounded certified optimizer seed_stage=5
[navigation_runtime_node-1] [planner INFO]  -- [planner] in [PlanFromRest] GenerateExpTrajectory SUCCESS.
[navigation_runtime_node-1] [planner INFO]  -- [planner] visible MAIN requires certified backup suffix instead of main-only command terminal_stop=0 terminal_rest=0
[navigation_runtime_node-1] [planner INFO]  -- [planner] selected braking-hull-aligned backup SFC switch_t=1.6125476888447072 duration=1.0913048841244795 endpoint=(6.6639839759765955, -0.006940749303230909, 3)
[navigation_runtime_node-1] [planner WARN]  -- [planner] backup refinement failed; using certified minimum-snap seed backup_refinement_success=0 backup_refinement_fallback=1
[navigation_runtime_node-1] [planner WARN]  -- [planner] bounded propagated derivative estimates: acceleration=2.7802441043083874/12 jerk=57.68513554537512/30; raw estimates remain in runtime diagnostics
[navigation_runtime_node-1] [planner INFO]  -- [Astar] selected certified constant mission-altitude route altitude=3 start_altitude=2.998073625995792 points=5
[navigation_runtime_node-1] [planner INFO]  -- [Astar] selected certified constant mission-altitude route altitude=3 start_altitude=3 points=14
[navigation_runtime_node-1] [planner INFO]  -- [planner] pass-through route lookahead distance=2.475 required=3.000 complete=false terminal_speed_cap=1.688 remaining_horizon=16.286 corner=true
[navigation_runtime_node-1] [planner INFO]  -- [planner] inserted route-boundary junction index=17 radius=0.7 overlap_depth=0.4041451884327381
[navigation_runtime_node-1] [planner INFO]  -- [planner] pass-through corner terminal speed cap=2.898 preferred=2.898
[navigation_runtime_node-1] [planner INFO]  -- [ExpOpt] route-boundary seed cell=1 point=(3, 0, 3) junction=(3, 0, 3) distance=0
[navigation_runtime_node-1] [planner INFO]  -- [planner] visible MAIN requires certified backup suffix instead of main-only command terminal_stop=0 terminal_rest=0
[navigation_runtime_node-1] [planner INFO]  -- [planner] selected braking-hull-aligned backup SFC switch_t=1.4412824853117154 duration=0.5833605031933067 endpoint=(6.254262095072705, 6.84774102565341e-05, 3)
[navigation_runtime_node-1] [planner WARN]  -- [planner] backup refinement failed; using certified minimum-snap seed backup_refinement_success=0 backup_refinement_fallback=2
[navigation_runtime_node-1] [planner INFO]  -- [Astar] selected certified constant mission-altitude route altitude=3 start_altitude=2.9999970956412416 points=15
[navigation_runtime_node-1] [planner INFO]  -- [Astar] selected certified constant mission-altitude route altitude=3 start_altitude=3 points=14
[navigation_runtime_node-1] [planner INFO]  -- [planner] pass-through route lookahead distance=2.475 required=3.000 complete=false terminal_speed_cap=1.688 remaining_horizon=14.511 corner=true
[navigation_runtime_node-1] [planner INFO]  -- [planner] inserted route-boundary junction index=16 radius=0.7 overlap_depth=0.4041451884327381
[navigation_runtime_node-1] [planner INFO]  -- [planner] pass-through corner terminal speed cap=2.898 preferred=2.898
[navigation_runtime_node-1] [planner INFO]  -- [ExpOpt] route-boundary seed cell=1 point=(3, 0, 3) junction=(3, 0, 3) distance=0
[navigation_runtime_node-1] [planner WARN]  -- [ExpOpt] bounded time stretch candidate=1.0898910580427847 rejected: corridor_violation=0.11782266739359848
[navigation_runtime_node-1] [planner WARN]  -- [ExpOpt] bounded time stretch candidate=1.6348365870641772 rejected: corridor_violation=0.7186357571385988
[navigation_runtime_node-1] [planner WARN]  -- [ExpOpt] bounded time stretch candidate=4 rejected: corridor_violation=1.3086764574643501
[navigation_runtime_node-1] [planner WARN]  -- [ExpOpt] feasibility retry left corridor: attempt=1 cost=0.07276253358029816
[navigation_runtime_node-1] [planner WARN]  -- [ExpOpt] MINCO and immutable seed unavailable: solver=-1 seed_stage=5 corridor_violation=-0.14164518843273788 boundary_residual=2.6707525080382766e-12 boundary_roundoff_bound=3.418382957704896e-10 boundary_failure=0/-1/-1/-1 boundary_value=nan/nan vel=5.236139232889872/5 acc=29.316703861927095/12 jerk=217.8941044673634/30 flatness_finite=true body_rate=0/5 thrust=[inf,0]/[9.84,41]
[navigation_runtime_node-1] [33m -- [MINCO] TrajOpt failed, (unknown)[0m
[navigation_runtime_node-1] [33m -- [planner] Minco exp_traj opt failed.[0m
[navigation_runtime_node-1] [WARN] [1788513470.838011779] [navigation_runtime_node]: one-shot emergency altitude anchor measured=3.101 command=2.968 terminal=2.968 limit=0.250
[navigation_runtime_node-1] [WARN] [1788513470.838997141] [navigation_runtime_node]: planner backend replaced the exceeded-anchor command with one measured-state emergency brake
[navigation_runtime_node-1] [WARN] [1788513470.839012930] [navigation_runtime_node]: planner backend hot replan failed (4); retaining visible committed trajectory backup=1 elapsed=0.084 backup_start=1.441 end=2.025 anchor_error=0.735 projected_anchor_error=0.903 relative_anchor_speed=0.839 tracking_limit=0.250
[navigation_runtime_node-1] [INFO] [1788513470.839027361] [navigation_runtime_node]: planner backend decision_trace cycle=5 solve_generation=3 committed_generation=3 pinned_world_generation=2 pinned_world_revision=212 pinned_world_stamp_ns=25200000000 certificate_world_generation=2 certificate_world_revision=212 certificate_world_stamp_ns=25200000000 cloud_stamp_ns=25200000000 corrected_stamp_ns=25200000000 propagated_stamp_ns=25328000000 state_age_ms=12.000 mode=ReplanOnce result=4 replan_code=-6 commit_decision=0 solve_stage=4 solve_stage_name=main_minco solve_elapsed_ms=5.836 solve_deadline_exceeded=0 target=(3.00,0.00,3.00) planning_target=(6.00,0.00,3.00) goal_radius=0.700 goal_adjusted=1 target_grid=4 target_inf_grid=4 planning_target_grid=4 planning_target_inf_grid=4 committed_end=(1.49,-0.07,2.97) endpoint_error=1.514 command=1 failure=0 exp_frontend_ms=1.048 exp_opt_ms=4.521 backup_frontend_ms=0.832 backup_opt_ms=0.000 robot_grid=4 robot_inf_grid=4 nearest_free_m=nan nearest_occ_m=nan nearest_occ=(nan,nan,nan)
[navigation_runtime_node-1] [INFO] [1788513470.839071322] [navigation_runtime_node]: planner backend commit_trace generation=3 previous_generation=2 start_wall_time=25.340000000 execution_stamp_ns=25328000000 execution_age_at_solve_ms=8.000 execution_age_at_trace_ms=12.000 execution_p=[0.341130,-0.176162,3.100561] execution_v=[2.807843,0.256859,0.226457] candidate_start_p=[0.341130,-0.176162,3.100561] candidate_start_v=[2.807843,0.256859,0.226457] previous_valid=1 candidate_start_a=[0.000000,0.000000,0.000000] candidate_start_j=[0.000000,0.000000,0.000000] previous_sample_tt=0.084000 splice_p=0.734710 splice_v=0.839248 splice_a=4.605254 splice_j=8.760627 splice_yaw=-0.011903 splice_yaw_rate=0.000000
[navigation_runtime_node-1] [INFO] [1788513470.839291116] [navigation_runtime_node]: planner_cycle_metrics cycles=5 commands=60 dropped_cloud=0 planner_cycle_ms=8.326 p50_ms=8.326 p95_ms=15.357 p99_ms=15.357 map_us=27495 planner_us=5836 publish_us=55 store_publish_us=55 transition_lock_us=0 input_lock_us=0 target=(3.00,0.00,3.00) robot=(0.34,-0.18,3.10) committed_start=(0.34,-0.18,3.10) committed_q1=(0.90,-0.13,3.13) committed_mid=(1.31,-0.09,3.07) committed_q3=(1.47,-0.07,2.98) committed_end=(1.49,-0.07,2.97) main_end=(0.34,-0.18,3.10) backup_start=0.000 guide_end=(6.00,0.00,3.00) guide_bounds=[(2.75,-0.04,2.99),(6.00,0.00,3.00)] committed_duration=0.817
[navigation_runtime_node-1] [planner WARN]  -- [planner] OptimizationExpTrajInPolytopes for new path failed
[navigation_runtime_node-1] [planner WARN]  -- [planner] in [ReplanOnce]: GenerateExpTrajectory failed, force return
[navigation_runtime_node-1] [planner WARN]  -- [planner] committed command-continuous emergency brake: initial_speed=2.828646621811054 speed_limit=5 initial_overspeed=false duration=0.8167960007992763 distance=1.1590741185829272 peak_vel=2.828646621811054 peak_acc=6.510891746266645 peak_jerk=28.8339136501704
[navigation_runtime_node-1] [ERROR] [1788513471.870857786] [navigation_runtime_node]: execution boundary rejected planned STOPPED_HOLD endpoint known_free=1 near_execution=0
[navigation_runtime_node-1] [ERROR] [1788513471.870897787] [navigation_runtime_node]: publishing rejected command planner_failed=1 planner_available=1 sampled_valid=0 sampled_bundle=1 generation=3 role=0 safety_suffix=0 execution_freshness=1
[navigation_runtime_node-1] [WARN] [1788513471.962996790] [navigation_runtime_node]: active generation=3 failed full immutable candidate revalidation failure=1 blocked_role=0 samples=0
[navigation_runtime_node-1] [ERROR] [1788513473.130824390] [navigation_runtime_node]: publishing rejected command planner_failed=1 planner_available=0 sampled_valid=0 sampled_bundle=0 generation=0 role=0 safety_suffix=0 execution_freshness=1
[navigation_runtime_node-1] [ERROR] [1788513474.390828637] [navigation_runtime_node]: publishing rejected command planner_failed=1 planner_available=0 sampled_valid=0 sampled_bundle=0 generation=0 role=0 safety_suffix=0 execution_freshness=1
[navigation_runtime_node-1] [ERROR] [1788513475.650830661] [navigation_runtime_node]: publishing rejected command planner_failed=1 planner_available=0 sampled_valid=0 sampled_bundle=0 generation=0 role=0 safety_suffix=0 execution_freshness=1
[WARNING] [launch]: user interrupted with ctrl-c (SIGINT)
[INFO] [navigation_runtime_node-1]: sending signal 'SIGINT' to process[navigation_runtime_node-1]
[navigation_runtime_node-1] [INFO] [1788513488.181183029] [rclcpp]: signal_handler(SIGINT/SIGTERM)
[ERROR] [navigation_runtime_node-1]: process has died [pid 44410, exit code -2, cmd '/home/letandat/Dev/uav-navigation/install/navigation_runtime/lib/navigation_runtime/navigation_runtime_node --ros-args -r __node:=navigation_runtime_node --params-file /home/letandat/Dev/uav-navigation/.artifacts/runtime/external-mode-check-20260904T091715-43792/navigation_runtime_params.yaml --params-file /tmp/launch_params_acdd7qyy'].
