[INFO] [1788513441.491488872] [rosbag2_recorder]: Press SPACE for pausing/resuming
[INFO] [1788513441.491498282] [rosbag2_recorder]: Event publisher thread: Started
[INFO] [1788513441.497349560] [rosbag2_recorder]: Starting recording to '/home/letandat/Dev/uav-navigation/.artifacts/runtime/external-mode-check-20260904T091715-43792/rosbag'
[INFO] [1788513441.501356436] [rosbag2_storage]: Opened database '/home/letandat/Dev/uav-navigation/.artifacts/runtime/external-mode-check-20260904T091715-43792/rosbag/rosbag_0.db3' for READ_WRITE.
[INFO] [1788513441.501991341] [rosbag2_recorder]: Listening for topics...
[INFO] [1788513441.502033455] [rosbag2_recorder]: Recording...
[INFO] [1788513441.502028698] [rosbag2_recorder]: Topics discovery started.
[INFO] [1788513441.571613223] [rosbag2_recorder]: Subscribed to topic '/navigation/diagnostics'
[INFO] [1788513442.030163786] [rosbag2_recorder]: Subscribed to topic '/lidar/points'
[INFO] [1788513442.036408719] [rosbag2_recorder]: Subscribed to topic '/navigation/navigation_command'
[INFO] [1788513442.144150807] [rosbag2_recorder]: Subscribed to topic '/lio/diagnostics'
[INFO] [1788513442.147376236] [rosbag2_recorder]: Subscribed to topic '/lio/odometry_corrected'
[INFO] [1788513442.154644583] [rosbag2_recorder]: Subscribed to topic '/lio/odometry_propagated'
[INFO] [1788513442.293701786] [rosbag2_recorder]: Subscribed to topic '/clock'
[INFO] [1788513442.296552308] [rosbag2_recorder]: Subscribed to topic '/lidar/imu'
[INFO] [1788513442.703367386] [rosbag2_recorder]: Subscribed to topic '/fmu/in/vehicle_visual_odometry'
[INFO] [1788513445.116624543] [rosbag2_recorder]: Subscribed to topic '/fmu/in/trajectory_setpoint'
[INFO] [1788513445.120748025] [rosbag2_recorder]: Subscribed to topic '/navigation/mode_status'
[INFO] [1788513445.122376931] [rosbag2_recorder]: Subscribed to topic '/navigation/goal'
[INFO] [1788513445.128821430] [rosbag2_recorder]: Subscribed to topic '/navigation/mission_complete'
[INFO] [1788513446.780929723] [rosbag2_recorder]: Subscribed to topic '/fmu/out/vehicle_status_v1'
[INFO] [1788513446.782587773] [rosbag2_recorder]: Subscribed to topic '/fmu/out/vehicle_local_position_v1'
[INFO] [1788513446.783464174] [rosbag2_recorder]: Subscribed to topic '/fmu/out/vehicle_odometry'
[INFO] [1788513446.784930894] [rosbag2_recorder]: Subscribed to topic '/fmu/out/vehicle_local_position_setpoint'
[INFO] [1788513446.786267017] [rosbag2_recorder]: Subscribed to topic '/fmu/out/actuator_motors'
[INFO] [1788513446.787590984] [rosbag2_recorder]: Subscribed to topic '/fmu/out/vehicle_thrust_setpoint'
[INFO] [1788513446.788909612] [rosbag2_recorder]: Subscribed to topic '/fmu/out/vehicle_attitude'
[INFO] [1788513488.709080937] [rosbag2_recorder]: Topics discovery stopped.
[INFO] [1788513488.709184752] [rosbag2_recorder]: Pausing recording.
[INFO] [1788513488.709219787] [rosbag2_cpp]: Writing remaining messages from cache to the bag. It may take a while
[INFO] [1788513488.716676181] [rosbag2_recorder]: Recording stopped
[WARN] [1788513488.716697796] [rosbag2_recorder]: Number of messages lost on the transport layer: 8
