[INFO] [1788517010.762601031] [px4_navigation_external_mode]: External Mode timing contract: command_stream=0.10s state_age=0.20s initial_hold=5.0s stopped_recovery=5.0s
[INFO] [1788517010.765228423] [px4_navigation_external_mode]: External Mode command contract: planner backend PVA
[DEBUG] [1788517010.767553018] [px4_navigation_external_mode]: Waiting for FMU...
[DEBUG] [1788517013.502003868] [px4_navigation_external_mode]: Checking message compatibility...
[DEBUG] [1788517013.503155205] [px4_navigation_external_mode]: Subscriber found, continuing
[DEBUG] [1788517013.503312162] [px4_navigation_external_mode]: Publisher found, continuing
[DEBUG] [1788517014.003072012] [px4_navigation_external_mode]: Registering 'Avoidance Mission' (arming check: 1, mode: 1, mode executor: 1)
[DEBUG] [1788517014.003102577] [px4_navigation_external_mode]: Subscriber found, continuing
[DEBUG] [1788517014.003129415] [px4_navigation_external_mode]: Publisher found, continuing
[DEBUG] [1788517014.026246822] [px4_navigation_external_mode]: Got RegisterExtComponentReply
[WARN] [1788517014.026552157] [rcl.logging_rosout]: Publisher already registered for node name: 'px4_navigation_external_mode'. If this is due to multiple nodes with the same name then all logs for the logger named 'px4_navigation_external_mode' will go out over the existing publisher. As soon as any node with that name is destructed it will unregister the publisher, preventing any further logs for that name from being published on the rosout topic.
[INFO] [1788517014.032185095] [px4_navigation_external_mode]: External Mode state inputs use an independent single-thread receiver node
[INFO] [1788517014.032341387] [px4_navigation_external_mode]: Mission gate: wp=0 request=0 state=0 position_error_m=-1.000 radius_m=0.700 speed_mps=-1.000 acceptance_speed_mps=0.150 airborne=false trajectory_ready=false terminal_hold_pending=false
[DEBUG] [1788517014.041279892] [px4_navigation_external_mode]: Arming check request (id=1, only printed once)
[INFO] [1788517015.316398140] [px4_navigation_external_mode]: Mission gate: wp=0 request=0 state=0 position_error_m=3.011 radius_m=0.700 speed_mps=0.003 acceptance_speed_mps=0.150 airborne=false trajectory_ready=false terminal_hold_pending=false
[INFO] [1788517016.566391358] [px4_navigation_external_mode]: Mission gate: wp=0 request=0 state=0 position_error_m=3.011 radius_m=0.700 speed_mps=0.001 acceptance_speed_mps=0.150 airborne=false trajectory_ready=false terminal_hold_pending=false
[INFO] [1788517017.816390274] [px4_navigation_external_mode]: Mission gate: wp=0 request=0 state=0 position_error_m=3.012 radius_m=0.700 speed_mps=0.001 acceptance_speed_mps=0.150 airborne=false trajectory_ready=false terminal_hold_pending=false
[INFO] [1788517019.066374743] [px4_navigation_external_mode]: Mission gate: wp=0 request=0 state=0 position_error_m=3.012 radius_m=0.700 speed_mps=0.002 acceptance_speed_mps=0.150 airborne=false trajectory_ready=false terminal_hold_pending=false
[INFO] [1788517020.316406091] [px4_navigation_external_mode]: Mission gate: wp=0 request=0 state=0 position_error_m=3.001 radius_m=0.700 speed_mps=0.139 acceptance_speed_mps=0.150 airborne=false trajectory_ready=false terminal_hold_pending=false
[INFO] [1788517021.566382033] [px4_navigation_external_mode]: Mission gate: wp=0 request=0 state=0 position_error_m=2.521 radius_m=0.700 speed_mps=0.879 acceptance_speed_mps=0.150 airborne=false trajectory_ready=false terminal_hold_pending=false
[INFO] [1788517022.816386132] [px4_navigation_external_mode]: Mission gate: wp=0 request=0 state=0 position_error_m=1.530 radius_m=0.700 speed_mps=0.887 acceptance_speed_mps=0.150 airborne=true trajectory_ready=false terminal_hold_pending=false
[INFO] [1788517024.066397628] [px4_navigation_external_mode]: Mission gate: wp=0 request=0 state=0 position_error_m=0.862 radius_m=0.700 speed_mps=0.564 acceptance_speed_mps=0.150 airborne=true trajectory_ready=false terminal_hold_pending=false
[INFO] [1788517025.316384050] [px4_navigation_external_mode]: Mission gate: wp=0 request=0 state=0 position_error_m=0.577 radius_m=0.700 speed_mps=0.224 acceptance_speed_mps=0.150 airborne=true trajectory_ready=false terminal_hold_pending=false
[INFO] [1788517026.566367867] [px4_navigation_external_mode]: Mission gate: wp=0 request=0 state=0 position_error_m=0.451 radius_m=0.700 speed_mps=0.148 acceptance_speed_mps=0.150 airborne=true trajectory_ready=false terminal_hold_pending=false
[INFO] [1788517027.816385122] [px4_navigation_external_mode]: Mission gate: wp=0 request=0 state=0 position_error_m=0.369 radius_m=0.700 speed_mps=0.086 acceptance_speed_mps=0.150 airborne=true trajectory_ready=false terminal_hold_pending=false
[INFO] [1788517029.066413961] [px4_navigation_external_mode]: Mission gate: wp=0 request=0 state=0 position_error_m=0.345 radius_m=0.700 speed_mps=0.083 acceptance_speed_mps=0.150 airborne=true trajectory_ready=false terminal_hold_pending=false
[DEBUG] [1788517029.336741774] [px4_navigation_external_mode]: Mode executor 'Avoidance Mission' activated
[INFO] [1788517029.336775460] [px4_navigation_external_mode]: Avoidance Mission executor activated
[DEBUG] [1788517029.357069742] [px4_navigation_external_mode]: Mode 'Avoidance Mission' activated
[INFO] [1788517029.357388348] [px4_navigation_external_mode]: Published mission waypoint 0 (open_start) behavior=0 next_target=(3.000,0.000,3.000)
[INFO] [1788517029.357427062] [px4_navigation_external_mode]: external_mode_metrics odom_callbacks=0 odom_max_gap_us=0 trajectory_received=0 trajectory_accepted=0 trajectory_rejected=0 waypoint_handoffs_retaining_command=0 setpoint_updates=1 setpoint_max_gap_us=0 last_state_age_s=-1.000000 stale_state_failures=0 velocity_command_enu=(0.000,0.000,0.000) forward_guard_count=0
[INFO] [1788517029.362026256] [px4_navigation_external_mode]: PX4 local frame aligned to LIO: translation_ned=(0.189,0.112,0.006)
[INFO] [1788517029.366422906] [px4_navigation_external_mode]: Mission waypoint accepted: wp=0 position_error_m=0.345 speed_mps=0.076 next_wp=1 next_request=2
[INFO] [1788517029.366583072] [px4_navigation_external_mode]: Published mission waypoint 1 (open_east) behavior=0 next_target=(6.000,0.000,3.000)
[INFO] [1788517030.316384272] [px4_navigation_external_mode]: Mission gate: wp=1 request=2 state=2 position_error_m=3.214 radius_m=0.700 speed_mps=0.025 acceptance_speed_mps=0.150 airborne=true trajectory_ready=true terminal_hold_pending=false
[INFO] [1788517030.617615486] [px4_navigation_external_mode]: external_mode_metrics odom_callbacks=51 odom_max_gap_us=20000 trajectory_received=56 trajectory_accepted=56 trajectory_rejected=0 waypoint_handoffs_retaining_command=0 setpoint_updates=64 setpoint_max_gap_us=16000 last_state_age_s=-1.000000 stale_state_failures=0 velocity_command_enu=(0.094,0.011,0.039) forward_guard_count=0
[INFO] [1788517031.566493192] [px4_navigation_external_mode]: Mission gate: wp=1 request=2 state=2 position_error_m=3.080 radius_m=0.700 speed_mps=0.379 acceptance_speed_mps=0.150 airborne=true trajectory_ready=true terminal_hold_pending=false
[INFO] [1788517031.877615666] [px4_navigation_external_mode]: external_mode_metrics odom_callbacks=101 odom_max_gap_us=20000 trajectory_received=119 trajectory_accepted=119 trajectory_rejected=0 waypoint_handoffs_retaining_command=0 setpoint_updates=127 setpoint_max_gap_us=16000 last_state_age_s=-1.000000 stale_state_failures=0 velocity_command_enu=(0.482,0.035,0.019) forward_guard_count=0
[INFO] [1788517032.816382504] [px4_navigation_external_mode]: Mission gate: wp=1 request=2 state=2 position_error_m=2.470 radius_m=0.700 speed_mps=0.773 acceptance_speed_mps=0.150 airborne=true trajectory_ready=true terminal_hold_pending=false
[INFO] [1788517033.137647337] [px4_navigation_external_mode]: external_mode_metrics odom_callbacks=151 odom_max_gap_us=20000 trajectory_received=182 trajectory_accepted=182 trajectory_rejected=0 waypoint_handoffs_retaining_command=0 setpoint_updates=190 setpoint_max_gap_us=16000 last_state_age_s=-1.000000 stale_state_failures=0 velocity_command_enu=(0.770,0.057,0.002) forward_guard_count=0
[INFO] [1788517034.066407929] [px4_navigation_external_mode]: Mission gate: wp=1 request=2 state=2 position_error_m=1.721 radius_m=0.700 speed_mps=0.718 acceptance_speed_mps=0.150 airborne=true trajectory_ready=true terminal_hold_pending=false
[INFO] [1788517034.397610513] [px4_navigation_external_mode]: external_mode_metrics odom_callbacks=202 odom_max_gap_us=20000 trajectory_received=245 trajectory_accepted=245 trajectory_rejected=0 waypoint_handoffs_retaining_command=0 setpoint_updates=253 setpoint_max_gap_us=16000 last_state_age_s=-1.000000 stale_state_failures=0 velocity_command_enu=(0.697,0.060,0.002) forward_guard_count=0
[INFO] [1788517035.316382195] [px4_navigation_external_mode]: Mission gate: wp=1 request=2 state=2 position_error_m=1.083 radius_m=0.700 speed_mps=0.572 acceptance_speed_mps=0.150 airborne=true trajectory_ready=true terminal_hold_pending=false
[INFO] [1788517035.657703347] [px4_navigation_external_mode]: external_mode_metrics odom_callbacks=252 odom_max_gap_us=20000 trajectory_received=308 trajectory_accepted=308 trajectory_rejected=0 waypoint_handoffs_retaining_command=0 setpoint_updates=316 setpoint_max_gap_us=16000 last_state_age_s=-1.000000 stale_state_failures=0 velocity_command_enu=(0.528,0.049,0.010) forward_guard_count=0
[INFO] [1788517036.266400105] [px4_navigation_external_mode]: Mission waypoint accepted: wp=1 position_error_m=0.687 speed_mps=0.527 next_wp=2 next_request=3
[INFO] [1788517036.266519409] [px4_navigation_external_mode]: Published mission waypoint 2 (open_north) behavior=0 next_target=(7.000,0.000,3.000)
[WARN] [1788517036.336291836] [px4_navigation_external_mode]: planner backend command rejected before acceptance validation: valid=0 command_present=1
[ERROR] [1788517036.457713345] [px4_navigation_external_mode]: planner backend PVA command stale; safety hold then handover to PX4 Hold
[WARN] [1788517036.457769729] [px4_navigation_external_mode]: Avoidance Mission requesting PX4 Hold handover
[DEBUG] [1788517036.457785559] [px4_navigation_external_mode]: Owned navigation mode was deactivated by mode handover
[DEBUG] [1788517036.536893849] [px4_navigation_external_mode]: Mode 'Avoidance Mission' deactivated
[INFO] [1788517047.768809070] [rclcpp]: signal_handler(SIGINT/SIGTERM)
