[INFO] [launch]: All log files can be found below /home/letandat/Dev/uav-navigation/.artifacts/runtime/external-mode-check-20260904T125352-32904/logs/2026-09-04-19-53-58-990873-letandat-Legion-5-Pro-16IAH7H-33328
[INFO] [launch]: Default logging verbosity is set to INFO
[INFO] [robot_state_publisher-1]: process started with pid [33574]
[INFO] [fast_lio_node-2]: process started with pid [33575]
[INFO] [px4_odometry_bridge_external_node-3]: process started with pid [33576]
[robot_state_publisher-1] [INFO] [1788526439.365418627] [robot_state_publisher]: Robot initialized
[fast_lio_node-2] [WARN] [1788526439.410288283] []: Invalid frame ID "base_link" passed to canTransform argument target_frame - frame does not exist
[fast_lio_node-2] [INFO] [1788526439.433033112] [fast_lio]: Publishing corrected and propagated odometry in lio_odom -> base_link; dynamic TF owner=propagated; static geometry resolved from base_link -> livox_imu_frame; runtime diagnostics are available on /lio/diagnostics
[px4_odometry_bridge_external_node-3] [INFO] [1788526441.413676241] [px4_external_odometry_bridge]: external odometry gate transitioned to READY: previous_gate_reason=GATE_CLOSED current_gate_reason=READY publication_active=true lio_valid=true lio_status_fresh=true odometry_sample_age_ms=0 transport_ready=true timestamp_ready=true covariance_ready=true frame_valid=true public_generation=2096565191162 generation_valid=true geometric_jump_latched=false jump_reason=NO_BASELINE published_count=0 gated_count=0
[px4_odometry_bridge_external_node-3] [INFO] [1788526441.413748161] [px4_external_odometry_bridge]: external odometry publication resumed: previous_gate_reason=GATE_CLOSED current_gate_reason=READY publication_active=true lio_valid=true lio_status_fresh=true odometry_sample_age_ms=0 transport_ready=true timestamp_ready=true covariance_ready=true frame_valid=true public_generation=2096565191162 generation_valid=true geometric_jump_latched=false jump_reason=NO_BASELINE published_count=0 gated_count=0
[WARNING] [launch]: user interrupted with ctrl-c (SIGINT)
[INFO] [px4_odometry_bridge_external_node-3]: sending signal 'SIGINT' to process[px4_odometry_bridge_external_node-3]
[INFO] [fast_lio_node-2]: sending signal 'SIGINT' to process[fast_lio_node-2]
[INFO] [robot_state_publisher-1]: sending signal 'SIGINT' to process[robot_state_publisher-1]
[fast_lio_node-2] [INFO] [1788526488.062592505] [rclcpp]: signal_handler(SIGINT/SIGTERM)
[px4_odometry_bridge_external_node-3] [INFO] [1788526488.062606998] [rclcpp]: signal_handler(SIGINT/SIGTERM)
[robot_state_publisher-1] [INFO] [1788526488.062771057] [rclcpp]: signal_handler(SIGINT/SIGTERM)
[px4_odometry_bridge_external_node-3] [INFO] [1788526488.946286157] [rclcpp]: signal_handler(SIGINT/SIGTERM)
[fast_lio_node-2] [INFO] [1788526488.946365210] [rclcpp]: signal_handler(SIGINT/SIGTERM)
[robot_state_publisher-1] [INFO] [1788526488.946487132] [rclcpp]: signal_handler(SIGINT/SIGTERM)
[INFO] [px4_odometry_bridge_external_node-3]: process has finished cleanly [pid 33576]
[INFO] [robot_state_publisher-1]: process has finished cleanly [pid 33574]
[INFO] [fast_lio_node-2]: process has finished cleanly [pid 33575]
