Traceback (most recent call last):
  File "/home/letandat/Dev/uav-navigation/tools/runtime/monitor.py", line 806, in <module>
    raise SystemExit(main())
                     ^^^^^^
  File "/home/letandat/Dev/uav-navigation/tools/runtime/monitor.py", line 802, in main
    return run_monitor(args.output, args.workflow, args.config)
           ^^^^^^^^^^^^^^^^^^^^^^^^^^^^^^^^^^^^^^^^^^^^^^^^^^^^
  File "/home/letandat/Dev/uav-navigation/tools/runtime/monitor.py", line 790, in run_monitor
    rclpy.spin_once(monitor.node, timeout_sec=0.2)
  File "/opt/ros/jazzy/lib/python3.12/site-packages/rclpy/__init__.py", line 226, in spin_once
    executor.spin_once(timeout_sec=timeout_sec)
  File "/opt/ros/jazzy/lib/python3.12/site-packages/rclpy/executors.py", line 926, in spin_once
    self._spin_once_impl(timeout_sec)
  File "/opt/ros/jazzy/lib/python3.12/site-packages/rclpy/executors.py", line 918, in _spin_once_impl
    raise handler.exception()
  File "/opt/ros/jazzy/lib/python3.12/site-packages/rclpy/task.py", line 286, in _execute_coroutine_step
    result = coro.send(None)
             ^^^^^^^^^^^^^^^
  File "/opt/ros/jazzy/lib/python3.12/site-packages/rclpy/executors.py", line 579, in handler
    gc.trigger()
    ^^^^^^^^^^
AttributeError: 'NoneType' object has no attribute 'trigger'
