[WARN] [ros2bag]: Positional "topics" argument deprecated. Please use optional "--topics" argument instead.
stdin is not a terminal device. Keyboard handling disabled.[INFO] [1788526439.360085643] [rosbag2_recorder]: Press SPACE for pausing/resuming
[INFO] [1788526439.360088528] [rosbag2_recorder]: Event publisher thread: Started
[INFO] [1788526439.364044112] [rosbag2_recorder]: Starting recording to '/home/letandat/Dev/uav-navigation/.artifacts/runtime/external-mode-check-20260904T125352-32904/rosbag'
[INFO] [1788526439.366560952] [rosbag2_storage]: Opened database '/home/letandat/Dev/uav-navigation/.artifacts/runtime/external-mode-check-20260904T125352-32904/rosbag/rosbag_0.db3' for READ_WRITE.
[INFO] [1788526439.373561355] [rosbag2_recorder]: Subscribed to topic '/navigation/diagnostics'
[INFO] [1788526439.377870332] [rosbag2_recorder]: Subscribed to topic '/lidar/points'
[INFO] [1788526439.383145281] [rosbag2_recorder]: Subscribed to topic '/fmu/in/vehicle_visual_odometry'
[INFO] [1788526439.383374231] [rosbag2_recorder]: Listening for topics...
[INFO] [1788526439.383398365] [rosbag2_recorder]: Recording...
[INFO] [1788526439.383406691] [rosbag2_recorder]: Topics discovery started.
[INFO] [1788526439.406646877] [rosbag2_recorder]: Subscribed to topic '/lio/odometry_corrected'
[INFO] [1788526439.409413864] [rosbag2_recorder]: Subscribed to topic '/lio/diagnostics'
[INFO] [1788526439.434371796] [rosbag2_recorder]: Subscribed to topic '/lio/odometry_propagated'
[INFO] [1788526439.437353660] [rosbag2_recorder]: Subscribed to topic '/navigation/navigation_command'
[INFO] [1788526439.884596708] [rosbag2_recorder]: Subscribed to topic '/clock'
[INFO] [1788526439.900799893] [rosbag2_recorder]: Subscribed to topic '/lidar/imu'
[INFO] [1788526442.691663590] [rosbag2_recorder]: Subscribed to topic '/fmu/in/trajectory_setpoint'
[INFO] [1788526442.694927771] [rosbag2_recorder]: Subscribed to topic '/navigation/mode_status'
[INFO] [1788526442.696125047] [rosbag2_recorder]: Subscribed to topic '/navigation/goal'
[INFO] [1788526442.699424213] [rosbag2_recorder]: Subscribed to topic '/navigation/mission_complete'
[INFO] [1788526444.347484910] [rosbag2_recorder]: Subscribed to topic '/fmu/out/vehicle_attitude'
[INFO] [1788526444.351704259] [rosbag2_recorder]: Subscribed to topic '/fmu/out/vehicle_status_v1'
[INFO] [1788526444.353481720] [rosbag2_recorder]: Subscribed to topic '/fmu/out/vehicle_local_position_v1'
[INFO] [1788526444.354759073] [rosbag2_recorder]: Subscribed to topic '/fmu/out/vehicle_odometry'
[INFO] [1788526444.356127024] [rosbag2_recorder]: Subscribed to topic '/fmu/out/vehicle_local_position_setpoint'
[INFO] [1788526444.357251475] [rosbag2_recorder]: Subscribed to topic '/fmu/out/actuator_motors'
[INFO] [1788526444.358888023] [rosbag2_recorder]: Subscribed to topic '/fmu/out/vehicle_thrust_setpoint'
[INFO] [1788526489.838814743] [rosbag2_recorder]: Topics discovery stopped.
[INFO] [1788526489.838939514] [rosbag2_recorder]: Pausing recording.
[INFO] [1788526489.838998747] [rosbag2_cpp]: Writing remaining messages from cache to the bag. It may take a while
[INFO] [1788526489.844817834] [rosbag2_recorder]: Recording stopped
[WARN] [1788526489.844851681] [rosbag2_recorder]: Number of messages lost on the transport layer: 32
[INFO] [1788526489.849816708] [rosbag2_recorder]: Event publisher thread: Exited
