[INFO] [launch]: All log files can be found below /home/letandat/Dev/uav-navigation/.artifacts/runtime/external-mode-check-20260904T125955-39028/logs/2026-09-04-20-00-02-269190-letandat-Legion-5-Pro-16IAH7H-39460
[INFO] [launch]: Default logging verbosity is set to INFO
[INFO] [navigation_runtime_node-1]: process started with pid [39695]
[navigation_runtime_node-1] [INFO] [1788526802.398011865] [navigation_runtime_node]: Applying mission dynamics to planner backend before optimizer construction: velocity=3.000 acceleration=12.000 jerk=30.000
[navigation_runtime_node-1] Load config file: /home/letandat/Dev/uav-navigation/.artifacts/runtime/external-mode-check-20260904T125955-39028/planner.yaml
[navigation_runtime_node-1] [0;33m Load param rog_map/esdf/resolution failed, use default value: [0;0m0.2
[navigation_runtime_node-1] [0;33m Load param rog_map/esdf/enable failed, use default value: [0;0m0
[navigation_runtime_node-1] [0;33m Load param rog_map/esdf/local_update_box failed, use default value: [0;0m[]
[navigation_runtime_node-1] [0;33m Load param rog_map/load_pcd_en failed, use default value: [0;0m0
[navigation_runtime_node-1] [0;32m Load param rog_map/map_sliding/enable success: [0;0m1
[navigation_runtime_node-1] [0;32m Load param rog_map/map_sliding/threshold success: [0;0m1.5
[navigation_runtime_node-1] [0;32m Load param rog_map/fix_map_origin success: [0;0m[0 0 1.5 ]
[navigation_runtime_node-1] [0;33m Load param rog_map/frontier_extraction_en failed, use default value: [0;0m0
[navigation_runtime_node-1] [0;33m Load param rog_map/ros_callback/enable failed, use default value: [0;0m0
[navigation_runtime_node-1] [0;33m Load param rog_map/ros_callback/cloud_topic failed, use default value: [0;0m/cloud_registered
[navigation_runtime_node-1] [0;33m Load param rog_map/ros_callback/odom_topic failed, use default value: [0;0m/lidar_slam/odom
[navigation_runtime_node-1] [0;33m Load param rog_map/ros_callback/odom_timeout failed, use default value: [0;0m0.05
[navigation_runtime_node-1] [0;33m Load param rog_map/visualization/enable failed, use default value: [0;0m0
[navigation_runtime_node-1] [0;33m Load param rog_map/visualization/use_dynamic_reconfigure failed, use default value: [0;0m0
[navigation_runtime_node-1] [0;33m Load param rog_map/visualization/pub_unknown_map_en failed, use default value: [0;0m0
[navigation_runtime_node-1] [0;33m Load param rog_map/visualization/frame_id failed, use default value: [0;0mworld
[navigation_runtime_node-1] [0;33m Load param rog_map/visualization/time_rate failed, use default value: [0;0m0
[navigation_runtime_node-1] [0;33m Load param rog_map/visualization/frame_rate failed, use default value: [0;0m0
[navigation_runtime_node-1] [0;33m Load param rog_map/visualization/range failed, use default value: [0;0m[0 0 0 ]
[navigation_runtime_node-1] [33m -- [ROG] Visualization range is not set, visualization is disabled[0m
[navigation_runtime_node-1] [0;32m Load param rog_map/resolution success: [0;0m0.2
[navigation_runtime_node-1] [0;32m Load param rog_map/inflation_resolution success: [0;0m0.2
[navigation_runtime_node-1] [0;33m Load param rog_map/unk_inflation_en failed, use default value: [0;0m0
[navigation_runtime_node-1] [0;33m Load param rog_map/unk_inflation_step failed, use default value: [0;0m1
[navigation_runtime_node-1] [0;32m Load param rog_map/inflation_step success: [0;0m4
[navigation_runtime_node-1] [0;32m Load param rog_map/intensity_thresh success: [0;0m-10
[navigation_runtime_node-1] [0;32m Load param rog_map/map_size success: [0;0m[50 50 8 ]
[navigation_runtime_node-1] [0;32m Load param rog_map/point_filt_num success: [0;0m1
[navigation_runtime_node-1] [0;32m Load param rog_map/raycasting/enable success: [0;0m1
[navigation_runtime_node-1] [0;32m Load param rog_map/raycasting/batch_update_size success: [0;0m1
[navigation_runtime_node-1] [0;32m Load param rog_map/raycasting/unk_thresh success: [0;0m1
[navigation_runtime_node-1] [0;32m Load param rog_map/raycasting/p_hit success: [0;0m0.9
[navigation_runtime_node-1] [0;32m Load param rog_map/raycasting/p_miss success: [0;0m0.49
[navigation_runtime_node-1] [0;32m Load param rog_map/raycasting/p_min success: [0;0m0.12
[navigation_runtime_node-1] [0;32m Load param rog_map/raycasting/p_max success: [0;0m0.98
[navigation_runtime_node-1] [0;32m Load param rog_map/raycasting/p_occ success: [0;0m0.85
[navigation_runtime_node-1] [0;32m Load param rog_map/raycasting/p_free success: [0;0m0.499
[navigation_runtime_node-1] [0;32m Load param rog_map/raycasting/ray_range success: [0;0m[0.8 100 ]
[navigation_runtime_node-1] [0;32m Load param rog_map/raycasting/local_update_box success: [0;0m[50 50 8 ]
[navigation_runtime_node-1] [0;32m Load param rog_map/virtual_ground_ceiling_en success: [0;0m0
[navigation_runtime_node-1] [0;32m Load param rog_map/virtual_ground_height success: [0;0m-1.1
[navigation_runtime_node-1] [0;32m Load param rog_map/virtual_ceil_height success: [0;0m5.8
[navigation_runtime_node-1] [32m -- [RM-Config] inflation_resolution: 0.2[0m
[navigation_runtime_node-1]  -- [ROG-Map] Init, resetMapSize: ORIGIN_AT_CORNER.
[navigation_runtime_node-1]  -- [ROG-Map] Init, resetMapSize: virtual_ceil_height: 4.7, virtual_ground_height: -0.30000000000000004.
[navigation_runtime_node-1] [34m	[ROG] n_free: 1[0m
[navigation_runtime_node-1] [34m	[ROG] n_occ: 1[0m
[navigation_runtime_node-1] [34m	[ROG] l_hit: 2.19722[0m
[navigation_runtime_node-1] [34m	[ROG] l_miss: -0.0400053[0m
[navigation_runtime_node-1] [34m	[ROG] l_min: -1.99243[0m
[navigation_runtime_node-1] [34m	[ROG] l_max: 3.89182[0m
[navigation_runtime_node-1] [34m	[ROG] l_occ: 1.7346[0m
[navigation_runtime_node-1] [34m	[ROG] l_free: -0.00399995[0m
[navigation_runtime_node-1] [33m -- [Inf-Map] Clear all local map.[0m
[navigation_runtime_node-1] [32m -- [CounterMap] Init successfully -- .[0m
[navigation_runtime_node-1] [32m	resolution: 0.2[0m
[navigation_runtime_node-1] [32m	map_sliding_en: 1[0m
[navigation_runtime_node-1] [32m	local_map_size_i: 261 261  51[0m
[navigation_runtime_node-1] [32m	local_map_size_d: 52.2 52.2 10.2[0m
[navigation_runtime_node-1] [33m -- [Inf-Map] Clear all local map.[0m
[navigation_runtime_node-1] [32m -- [InfMap] Init successfully -- .[0m
[navigation_runtime_node-1] [32m	resolution: 0.2[0m
[navigation_runtime_node-1] [32m	map_sliding_en: 1[0m
[navigation_runtime_node-1] [32m	local_map_size_i: 261 261  51[0m
[navigation_runtime_node-1] [32m	local_map_size_d: 52.2 52.2 10.2[0m
[navigation_runtime_node-1] [ProbMap] virtual_ceil_height: 4.6
[navigation_runtime_node-1] [ProbMap] virtual_ground_height: -0.4
[navigation_runtime_node-1] [33m -- [Prob-Map] Clear all local map.[0m
[navigation_runtime_node-1] [32m -- [ProbMap] Init successfully -- .[0m
[navigation_runtime_node-1] [32m	resolution: 0.2[0m
[navigation_runtime_node-1] [32m	map_sliding_en: 1[0m
[navigation_runtime_node-1] [32m	local_map_size_i: 251 251  41[0m
[navigation_runtime_node-1] [32m	local_map_size_d: 50.2 50.2  8.2[0m
[navigation_runtime_node-1] Load config file: /home/letandat/Dev/uav-navigation/.artifacts/runtime/external-mode-check-20260904T125955-39028/planner.yaml
[navigation_runtime_node-1] [0;32m Load param traj_opt/switch/print_optimizer_log success: [0;0m0
[navigation_runtime_node-1] [0;32m Load param traj_opt/flatness/mass success: [0;0m1.64
[navigation_runtime_node-1] [0;32m Load param traj_opt/flatness/dh success: [0;0m0.35
[navigation_runtime_node-1] [0;32m Load param traj_opt/flatness/dv success: [0;0m0.35
[navigation_runtime_node-1] [0;32m Load param traj_opt/flatness/grav success: [0;0m9.81
[navigation_runtime_node-1] [0;32m Load param traj_opt/flatness/cp success: [0;0m0.001
[navigation_runtime_node-1] [0;32m Load param traj_opt/flatness/v_eps success: [0;0m0.0001
[navigation_runtime_node-1] [0;32m Load param traj_opt/switch/save_log_en success: [0;0m0
[navigation_runtime_node-1] [0;32m Load param traj_opt/exp_traj/pos_constraint_type success: [0;0m2
[navigation_runtime_node-1] [0;32m Load param traj_opt/exp_traj/block_energy_cost success: [0;0m0
[navigation_runtime_node-1] [0;32m Load param traj_opt/exp_traj/opt_accuracy success: [0;0m5e-06
[navigation_runtime_node-1] [0;32m Load param traj_opt/exp_traj/integral_reso success: [0;0m15
[navigation_runtime_node-1] [0;32m Load param traj_opt/exp_traj/lbfgs_memory_size success: [0;0m32
[navigation_runtime_node-1] [0;32m Load param traj_opt/exp_traj/smooth_eps success: [0;0m0.01
[navigation_runtime_node-1] [0;32m Load param traj_opt/exp_traj/corridor_plane_tolerance_m success: [0;0m0.01
[navigation_runtime_node-1] [0;32m Load param traj_opt/exp_traj/feasibility_retry_max_iterations success: [0;0m64
[navigation_runtime_node-1] [0;32m Load param traj_opt/exp_traj/route_reference/lateral_weight success: [0;0m1
[navigation_runtime_node-1] [0;32m Load param traj_opt/exp_traj/route_reference/vertical_weight success: [0;0m10
[navigation_runtime_node-1] [0;32m Load param traj_opt/exp_traj/route_reference/lateral_deadband_m success: [0;0m0.05
[navigation_runtime_node-1] [0;32m Load param traj_opt/exp_traj/route_reference/vertical_deadband_m success: [0;0m0.05
[navigation_runtime_node-1] [0;32m Load param traj_opt/exp_traj/optimization_dynamic_reserve_ratio success: [0;0m0.98
[navigation_runtime_node-1] [0;32m Load param traj_opt/boundary/max_vel success: [0;0m3
[navigation_runtime_node-1] [0;32m Load param traj_opt/boundary/max_acc success: [0;0m12
[navigation_runtime_node-1] [0;32m Load param traj_opt/boundary/max_jerk success: [0;0m30
[navigation_runtime_node-1] [0;32m Load param traj_opt/boundary/max_omg success: [0;0m5
[navigation_runtime_node-1] [0;32m Load param traj_opt/boundary/max_acc_thr success: [0;0m25
[navigation_runtime_node-1] [0;32m Load param traj_opt/boundary/min_acc_thr success: [0;0m6
[navigation_runtime_node-1] [0;32m Load param traj_opt/exp_traj/objective/time_weight success: [0;0m12000
[navigation_runtime_node-1] [0;32m Load param traj_opt/exp_traj/objective/position_penalty_weight success: [0;0m5e+08
[navigation_runtime_node-1] [0;32m Load param traj_opt/exp_traj/objective/velocity_penalty_weight success: [0;0m500000
[navigation_runtime_node-1] [0;32m Load param traj_opt/exp_traj/objective/acceleration_penalty_weight success: [0;0m500000
[navigation_runtime_node-1] [0;32m Load param traj_opt/exp_traj/objective/jerk_penalty_weight success: [0;0m0
[navigation_runtime_node-1] [0;32m Load param traj_opt/exp_traj/objective/waypoint_attraction_weight success: [0;0m0
[navigation_runtime_node-1] [0;32m Load param traj_opt/exp_traj/objective/angular_rate_penalty_weight success: [0;0m100000
[navigation_runtime_node-1] [0;32m Load param traj_opt/exp_traj/objective/thrust_penalty_weight success: [0;0m100000
[navigation_runtime_node-1] [0;32m Load param traj_opt/switch/print_optimizer_log success: [0;0m0
[navigation_runtime_node-1] [0;32m Load param traj_opt/flatness/mass success: [0;0m1.64
[navigation_runtime_node-1] [0;32m Load param traj_opt/flatness/dh success: [0;0m0.35
[navigation_runtime_node-1] [0;32m Load param traj_opt/flatness/dv success: [0;0m0.35
[navigation_runtime_node-1] [0;32m Load param traj_opt/flatness/grav success: [0;0m9.81
[navigation_runtime_node-1] [0;32m Load param traj_opt/flatness/cp success: [0;0m0.001
[navigation_runtime_node-1] [0;32m Load param traj_opt/flatness/v_eps success: [0;0m0.0001
[navigation_runtime_node-1] [0;32m Load param traj_opt/switch/save_log_en success: [0;0m0
[navigation_runtime_node-1] [0;32m Load param traj_opt/backup_traj/pos_constraint_type success: [0;0m1
[navigation_runtime_node-1] [0;32m Load param traj_opt/backup_traj/piece_num success: [0;0m2
[navigation_runtime_node-1] [0;32m Load param traj_opt/backup_traj/uniform_time_en success: [0;0m1
[navigation_runtime_node-1] [0;32m Load param traj_opt/backup_traj/block_energy_cost success: [0;0m1
[navigation_runtime_node-1] [0;32m Load param traj_opt/backup_traj/opt_accuracy success: [0;0m1e-06
[navigation_runtime_node-1] [0;32m Load param traj_opt/backup_traj/integral_reso success: [0;0m12
[navigation_runtime_node-1] [0;32m Load param traj_opt/backup_traj/lbfgs_memory_size success: [0;0m32
[navigation_runtime_node-1] [0;32m Load param traj_opt/backup_traj/smooth_eps success: [0;0m0.01
[navigation_runtime_node-1] [0;32m Load param traj_opt/backup_traj/corridor_plane_tolerance_m success: [0;0m0.01
[navigation_runtime_node-1] [0;32m Load param traj_opt/boundary/max_vel success: [0;0m3
[navigation_runtime_node-1] [0;32m Load param traj_opt/boundary/max_acc success: [0;0m12
[navigation_runtime_node-1] [0;32m Load param traj_opt/boundary/max_jerk success: [0;0m30
[navigation_runtime_node-1] [0;32m Load param traj_opt/boundary/max_omg success: [0;0m5
[navigation_runtime_node-1] [0;32m Load param traj_opt/boundary/max_acc_thr success: [0;0m25
[navigation_runtime_node-1] [0;32m Load param traj_opt/boundary/min_acc_thr success: [0;0m6
[navigation_runtime_node-1] [0;32m Load param traj_opt/backup_traj/objective/time_weight success: [0;0m1200
[navigation_runtime_node-1] [0;32m Load param traj_opt/backup_traj/objective/terminal_time_weight success: [0;0m100000
[navigation_runtime_node-1] [0;32m Load param traj_opt/backup_traj/objective/position_penalty_weight success: [0;0m1e+10
[navigation_runtime_node-1] [0;32m Load param traj_opt/backup_traj/objective/velocity_penalty_weight success: [0;0m100000
[navigation_runtime_node-1] [0;32m Load param traj_opt/backup_traj/objective/acceleration_penalty_weight success: [0;0m100000
[navigation_runtime_node-1] [0;32m Load param traj_opt/backup_traj/objective/jerk_penalty_weight success: [0;0m100000
[navigation_runtime_node-1] [0;32m Load param traj_opt/backup_traj/objective/angular_rate_penalty_weight success: [0;0m100000
[navigation_runtime_node-1] [0;32m Load param traj_opt/backup_traj/objective/thrust_penalty_weight success: [0;0m100000
[navigation_runtime_node-1] [0;32m Load param astar/allow_diag success: [0;0m1
[navigation_runtime_node-1] [0;32m Load param astar/debug_visualization_en success: [0;0m0
[navigation_runtime_node-1] [0;32m Load param astar/heu_type success: [0;0m2
[navigation_runtime_node-1] [0;32m Load param astar/heuristic_weight success: [0;0m1.5
[navigation_runtime_node-1] [0;32m Load param astar/visual_process success: [0;0m0
[navigation_runtime_node-1] [0;32m Load param planner/print_log success: [0;0m0
[navigation_runtime_node-1] [0;32m Load param planner/visualization_en success: [0;0m0
[navigation_runtime_node-1] [0;32m Load param planner/preserve_backup_altitude success: [0;0m1
[navigation_runtime_node-1] [0;32m Load param planner/backup_refinement_enabled success: [0;0m0
[navigation_runtime_node-1] [0;32m Load param planner/use_fov_cut success: [0;0m0
[navigation_runtime_node-1] [0;32m Load param planner/visibility_horizon_cap_m success: [0;0m23
[navigation_runtime_node-1] [0;32m Load param planner/visibility_horizon_floor_m success: [0;0m14
[navigation_runtime_node-1] [0;32m Load param planner/sensing_horizon_m success: [0;0m0
[navigation_runtime_node-1] [0;32m Load param planner/replan_forward_dt_s success: [0;0m0.4
[navigation_runtime_node-1] [0;32m Load param astar/search_time_limit_s success: [0;0m0.06
[navigation_runtime_node-1] [0;32m Load param astar/total_time_limit_s success: [0;0m0.12
[navigation_runtime_node-1] [0;32m Load param planner/solve_deadline_s success: [0;0m0.18
[navigation_runtime_node-1] [0;32m Load param planner/finalization_reserve_s success: [0;0m0.04
[navigation_runtime_node-1] [0;32m Load param planner/corridor_bound_distance_m success: [0;0m1.5
[navigation_runtime_node-1] [0;32m Load param planner/corridor_segment_max_length_m success: [0;0m3
[navigation_runtime_node-1] [0;32m Load param planner/local_window_m success: [0;0m20
[navigation_runtime_node-1] [0;33m Load param planner/planning_horizon_m failed, use default value: [0;0m0
[navigation_runtime_node-1] [0;32m Load param planner/receding_distance_m success: [0;0m3
[navigation_runtime_node-1] [0;32m Load param planner/vehicle_radius_m success: [0;0m0.35
[navigation_runtime_node-1] [0;32m Load param planner/tracking_error_budget_m success: [0;0m0.25
[navigation_runtime_node-1] [0;32m Load param planner/localization_error_budget_m success: [0;0m0.05
[navigation_runtime_node-1] [0;32m Load param planner/mapping_error_budget_m success: [0;0m0.1
[navigation_runtime_node-1] [0;32m Load param planner/planning_margin_m success: [0;0m0.05
[navigation_runtime_node-1] [0;32m Load param planner/iris_iter_num success: [0;0m1
[navigation_runtime_node-1] [0;32m Load param planner/yaw_rate_max_rad_s success: [0;0m1
[navigation_runtime_node-1] [0;32m Load param planner/yaw_acceleration_max_rad_s2 success: [0;0m0.3
[navigation_runtime_node-1] [0;32m Load param planner/route_yaw/minimum_lookahead_m success: [0;0m2
[navigation_runtime_node-1] [0;32m Load param planner/route_yaw/maximum_lookahead_m success: [0;0m12
[navigation_runtime_node-1] [0;32m Load param planner/route_yaw/lookahead_time_s success: [0;0m1.5
[navigation_runtime_node-1] [0;32m Load param planner/route_yaw/minimum_horizontal_speed_mps success: [0;0m0.3
[navigation_runtime_node-1] [0;32m Load param planner/route_yaw/minimum_horizontal_support_m success: [0;0m0.5
[navigation_runtime_node-1] [0;32m Load param planner/route_yaw/reversal_threshold_rad success: [0;0m2.61799
[navigation_runtime_node-1] [0;32m Load param planner/yaw_tracking_error_budget_rad success: [0;0m0.35
[navigation_runtime_node-1] [32m -- [A*] Initialize sparse search workspace.[0m
[navigation_runtime_node-1] [INFO] [1788526802.459481022] [navigation_runtime_node]: planner backend runtime ready: registered_scan=/lio/mapping_observation propagated_odom=/lio/odometry_propagated goal=/navigation/goal output=/navigation/navigation_command planner=5.0Hz command=50.0Hz snapshot=0.10s planning_input_source_receive=0.50s command_stream=0.10s stopped_recovery=5.0s
[navigation_runtime_node-1] [WARN] [1788526803.261774506] [navigation_runtime_node]: Localization epoch changed to 2459640654171; old mapping and command state invalidated
[navigation_runtime_node-1] Load config file: /home/letandat/Dev/uav-navigation/.artifacts/runtime/external-mode-check-20260904T125955-39028/planner.yaml
[navigation_runtime_node-1] [0;33m Load param rog_map/esdf/resolution failed, use default value: [0;0m0.2
[navigation_runtime_node-1] [0;33m Load param rog_map/esdf/enable failed, use default value: [0;0m0
[navigation_runtime_node-1] [0;33m Load param rog_map/esdf/local_update_box failed, use default value: [0;0m[]
[navigation_runtime_node-1] [0;33m Load param rog_map/load_pcd_en failed, use default value: [0;0m0
[navigation_runtime_node-1] [0;32m Load param rog_map/map_sliding/enable success: [0;0m1
[navigation_runtime_node-1] [0;32m Load param rog_map/map_sliding/threshold success: [0;0m1.5
[navigation_runtime_node-1] [0;32m Load param rog_map/fix_map_origin success: [0;0m[0 0 1.5 ]
[navigation_runtime_node-1] [0;33m Load param rog_map/frontier_extraction_en failed, use default value: [0;0m0
[navigation_runtime_node-1] [0;33m Load param rog_map/ros_callback/enable failed, use default value: [0;0m0
[navigation_runtime_node-1] [0;33m Load param rog_map/ros_callback/cloud_topic failed, use default value: [0;0m/cloud_registered
[navigation_runtime_node-1] [0;33m Load param rog_map/ros_callback/odom_topic failed, use default value: [0;0m/lidar_slam/odom
[navigation_runtime_node-1] [0;33m Load param rog_map/ros_callback/odom_timeout failed, use default value: [0;0m0.05
[navigation_runtime_node-1] [0;33m Load param rog_map/visualization/enable failed, use default value: [0;0m0
[navigation_runtime_node-1] [0;33m Load param rog_map/visualization/use_dynamic_reconfigure failed, use default value: [0;0m0
[navigation_runtime_node-1] [0;33m Load param rog_map/visualization/pub_unknown_map_en failed, use default value: [0;0m0
[navigation_runtime_node-1] [0;33m Load param rog_map/visualization/frame_id failed, use default value: [0;0mworld
[navigation_runtime_node-1] [0;33m Load param rog_map/visualization/time_rate failed, use default value: [0;0m0
[navigation_runtime_node-1] [0;33m Load param rog_map/visualization/frame_rate failed, use default value: [0;0m0
[navigation_runtime_node-1] [0;33m Load param rog_map/visualization/range failed, use default value: [0;0m[0 0 0 ]
[navigation_runtime_node-1] [33m -- [ROG] Visualization range is not set, visualization is disabled[0m
[navigation_runtime_node-1] [0;32m Load param rog_map/resolution success: [0;0m0.2
[navigation_runtime_node-1] [0;32m Load param rog_map/inflation_resolution success: [0;0m0.2
[navigation_runtime_node-1] [0;33m Load param rog_map/unk_inflation_en failed, use default value: [0;0m0
[navigation_runtime_node-1] [0;33m Load param rog_map/unk_inflation_step failed, use default value: [0;0m1
[navigation_runtime_node-1] [0;32m Load param rog_map/inflation_step success: [0;0m4
[navigation_runtime_node-1] [0;32m Load param rog_map/intensity_thresh success: [0;0m-10
[navigation_runtime_node-1] [0;32m Load param rog_map/map_size success: [0;0m[50 50 8 ]
[navigation_runtime_node-1] [0;32m Load param rog_map/point_filt_num success: [0;0m1
[navigation_runtime_node-1] [0;32m Load param rog_map/raycasting/enable success: [0;0m1
[navigation_runtime_node-1] [0;32m Load param rog_map/raycasting/batch_update_size success: [0;0m1
[navigation_runtime_node-1] [0;32m Load param rog_map/raycasting/unk_thresh success: [0;0m1
[navigation_runtime_node-1] [0;32m Load param rog_map/raycasting/p_hit success: [0;0m0.9
[navigation_runtime_node-1] [0;32m Load param rog_map/raycasting/p_miss success: [0;0m0.49
[navigation_runtime_node-1] [0;32m Load param rog_map/raycasting/p_min success: [0;0m0.12
[navigation_runtime_node-1] [0;32m Load param rog_map/raycasting/p_max success: [0;0m0.98
[navigation_runtime_node-1] [0;32m Load param rog_map/raycasting/p_occ success: [0;0m0.85
[navigation_runtime_node-1] [0;32m Load param rog_map/raycasting/p_free success: [0;0m0.499
[navigation_runtime_node-1] [0;32m Load param rog_map/raycasting/ray_range success: [0;0m[0.8 100 ]
[navigation_runtime_node-1] [0;32m Load param rog_map/raycasting/local_update_box success: [0;0m[50 50 8 ]
[navigation_runtime_node-1] [0;32m Load param rog_map/virtual_ground_ceiling_en success: [0;0m0
[navigation_runtime_node-1] [0;32m Load param rog_map/virtual_ground_height success: [0;0m-1.1
[navigation_runtime_node-1] [0;32m Load param rog_map/virtual_ceil_height success: [0;0m5.8
[navigation_runtime_node-1] [32m -- [RM-Config] inflation_resolution: 0.2[0m
[navigation_runtime_node-1]  -- [ROG-Map] Init, resetMapSize: ORIGIN_AT_CORNER.
[navigation_runtime_node-1]  -- [ROG-Map] Init, resetMapSize: virtual_ceil_height: 4.7, virtual_ground_height: -0.30000000000000004.
[navigation_runtime_node-1] [34m	[ROG] n_free: 1[0m
[navigation_runtime_node-1] [34m	[ROG] n_occ: 1[0m
[navigation_runtime_node-1] [34m	[ROG] l_hit: 2.19722[0m
[navigation_runtime_node-1] [34m	[ROG] l_miss: -0.0400053[0m
[navigation_runtime_node-1] [34m	[ROG] l_min: -1.99243[0m
[navigation_runtime_node-1] [34m	[ROG] l_max: 3.89182[0m
[navigation_runtime_node-1] [34m	[ROG] l_occ: 1.7346[0m
[navigation_runtime_node-1] [34m	[ROG] l_free: -0.00399995[0m
[navigation_runtime_node-1] [33m -- [Inf-Map] Clear all local map.[0m
[navigation_runtime_node-1] [32m -- [CounterMap] Init successfully -- .[0m
[navigation_runtime_node-1] [32m	resolution: 0.2[0m
[navigation_runtime_node-1] [32m	map_sliding_en: 1[0m
[navigation_runtime_node-1] [32m	local_map_size_i: 261 261  51[0m
[navigation_runtime_node-1] [32m	local_map_size_d: 52.2 52.2 10.2[0m
[navigation_runtime_node-1] [33m -- [Inf-Map] Clear all local map.[0m
[navigation_runtime_node-1] [32m -- [InfMap] Init successfully -- .[0m
[navigation_runtime_node-1] [32m	resolution: 0.2[0m
[navigation_runtime_node-1] [32m	map_sliding_en: 1[0m
[navigation_runtime_node-1] [32m	local_map_size_i: 261 261  51[0m
[navigation_runtime_node-1] [32m	local_map_size_d: 52.2 52.2 10.2[0m
[navigation_runtime_node-1] [ProbMap] virtual_ceil_height: 4.6
[navigation_runtime_node-1] [ProbMap] virtual_ground_height: -0.4
[navigation_runtime_node-1] [33m -- [Prob-Map] Clear all local map.[0m
[navigation_runtime_node-1] [32m -- [ProbMap] Init successfully -- .[0m
[navigation_runtime_node-1] [32m	resolution: 0.2[0m
[navigation_runtime_node-1] [32m	map_sliding_en: 1[0m
[navigation_runtime_node-1] [32m	local_map_size_i: 251 251  41[0m
[navigation_runtime_node-1] [32m	local_map_size_d: 50.2 50.2  8.2[0m
[navigation_runtime_node-1] [INFO] [1788526830.674087032] [navigation_runtime_node]: planner backend decision_trace cycle=1 solve_generation=1 committed_generation=0 pinned_world_generation=2 pinned_world_revision=197 pinned_world_stamp_ns=22800000000 certificate_world_generation=0 certificate_world_revision=0 certificate_world_stamp_ns=0 cloud_stamp_ns=22800000000 corrected_stamp_ns=22800000000 propagated_stamp_ns=23048000000 state_age_ms=12.000 mode=PlanFromRest result=0 replan_code=3 commit_decision=1 solve_stage=5 solve_stage_name=backup solve_elapsed_ms=14.234 solve_deadline_exceeded=0 target=(3.00,0.00,3.00) planning_target=(6.00,0.00,3.00) goal_radius=0.700 goal_adjusted=1 target_grid=4 target_inf_grid=4 planning_target_grid=4 planning_target_inf_grid=4 committed_end=(0.00,0.00,0.00) endpoint_error=inf command=1 failure=0 exp_frontend_ms=1.908 exp_opt_ms=1.277 backup_frontend_ms=1.748 backup_opt_ms=0.001 robot_grid=4 robot_inf_grid=4 nearest_free_m=nan nearest_occ_m=nan nearest_occ=(nan,nan,nan)
[navigation_runtime_node-1] [INFO] [1788526830.674354079] [navigation_runtime_node]: planner_cycle_metrics cycles=1 commands=0 dropped_cloud=0 planner_cycle_ms=14.676 p50_ms=14.676 p95_ms=14.676 p99_ms=14.676 map_us=39284 planner_us=14234 publish_us=0 store_publish_us=0 transition_lock_us=0 input_lock_us=0 target=(3.00,0.00,3.00) robot=(-0.19,-0.24,2.90) committed_start=(0.00,0.00,0.00) committed_q1=(0.00,0.00,0.00) committed_mid=(0.00,0.00,0.00) committed_q3=(0.00,0.00,0.00) committed_end=(0.00,0.00,0.00) main_end=(0.00,0.00,0.00) backup_start=0.000 guide_end=(6.00,0.00,3.00) guide_bounds=[(-0.19,-0.24,2.90),(6.00,0.00,3.00)] committed_duration=0.000
[navigation_runtime_node-1] [planner WARN]  -- [planner] bounded propagated derivative estimates: acceleration=0.38758181046310614/12 jerk=35.50625017077995/30; raw estimates remain in runtime diagnostics
[navigation_runtime_node-1] [planner INFO]  -- [Astar] selected certified constant mission-altitude route altitude=3 start_altitude=2.8952495304218795 points=19
[navigation_runtime_node-1] [planner INFO]  -- [planner] pass-through lookahead input active goal=(3, 0, 3) next=(6, 0, 3) guide_end=(3, 0, 3) guide_error=0
[navigation_runtime_node-1] [planner INFO]  -- [Astar] selected certified constant mission-altitude route altitude=3 start_altitude=3 points=16
[navigation_runtime_node-1] [planner INFO]  -- [planner] pass-through route lookahead distance=3.000 required=3.000 complete=true terminal_speed_cap=2.940 remaining_horizon=16.795 corner=false
[navigation_runtime_node-1] [planner INFO]  -- [planner] inserted route-boundary junction index=2 radius=0.7 overlap_depth=0.4041451884327381
[navigation_runtime_node-1] [planner INFO]  -- [ExpOpt] route-boundary seed cell=2 point=(3, 0, 3) junction=(3, 0, 3) distance=0
[navigation_runtime_node-1] [planner INFO]  -- [ExpOpt] complete baseline requested; returning certified nominal seed before optional refinement duration=11.613071596166453
[navigation_runtime_node-1] [planner INFO]  -- [planner] in [PlanFromRest] GenerateExpTrajectory SUCCESS.
[navigation_runtime_node-1] [planner INFO]  -- [planner] visible MAIN requires certified backup suffix instead of main-only command terminal_stop=0 terminal_rest=0
[navigation_runtime_node-1] [planner INFO]  -- [planner] selected braking-hull-aligned backup SFC switch_t=11.368071596166454 duration=0.8655877769217861 endpoint=(6.5579350829915075, 0.0004390845706372694, 3)
[navigation_runtime_node-1] [planner WARN]  -- [planner] backup refinement failed; using certified minimum-snap seed backup_refinement_success=0 backup_refinement_fallback=1
[navigation_runtime_node-1] [INFO] [1788526837.673697228] [navigation_runtime_node]: planner backend decision_trace cycle=36 solve_generation=2 committed_generation=1 pinned_world_generation=2 pinned_world_revision=248 pinned_world_stamp_ns=28600000000 certificate_world_generation=2 certificate_world_revision=198 certificate_world_stamp_ns=23000000000 cloud_stamp_ns=28600000000 corrected_stamp_ns=28600000000 propagated_stamp_ns=28648000000 state_age_ms=12.000 mode=ReplanOnce result=0 replan_code=3 commit_decision=1 solve_stage=5 solve_stage_name=backup solve_elapsed_ms=13.941 solve_deadline_exceeded=0 target=(6.00,0.00,3.00) planning_target=(7.00,0.00,3.00) goal_radius=0.700 goal_adjusted=1 target_grid=4 target_inf_grid=4 planning_target_grid=4 planning_target_inf_grid=4 committed_end=(6.56,0.00,3.00) endpoint_error=0.558 command=1 failure=0 exp_frontend_ms=1.578 exp_opt_ms=10.075 backup_frontend_ms=0.766 backup_opt_ms=0.000 robot_grid=4 robot_inf_grid=4 nearest_free_m=nan nearest_occ_m=nan nearest_occ=(nan,nan,nan)
[navigation_runtime_node-1] [INFO] [1788526837.673973128] [navigation_runtime_node]: planner_cycle_metrics cycles=36 commands=350 dropped_cloud=0 planner_cycle_ms=14.321 p50_ms=14.676 p95_ms=14.676 p99_ms=14.676 map_us=29862 planner_us=13941 publish_us=41 store_publish_us=42 transition_lock_us=0 input_lock_us=0 target=(6.00,0.00,3.00) robot=(2.41,-0.11,2.98) committed_start=(-0.19,-0.24,2.90) committed_q1=(0.89,-0.16,2.97) committed_mid=(2.83,-0.02,3.00) committed_q3=(3.30,0.20,3.00) committed_end=(6.56,0.00,3.00) main_end=(5.29,0.00,3.00) backup_start=11.368 guide_end=(7.00,0.00,3.00) guide_bounds=[(2.73,-0.02,3.00),(7.00,0.20,3.00)] committed_duration=12.234
[navigation_runtime_node-1] [INFO] [1788526838.159570593] [navigation_runtime_node]: execution timeline activated successor generation=2 at ns=29048000000
[navigation_runtime_node-1] [INFO] [1788526838.664646257] [navigation_runtime_node]: planner backend decision_trace cycle=39 solve_generation=3 committed_generation=2 pinned_world_generation=2 pinned_world_revision=255 pinned_world_stamp_ns=29300000000 certificate_world_generation=2 certificate_world_revision=248 certificate_world_stamp_ns=28600000000 cloud_stamp_ns=29300000000 corrected_stamp_ns=29300000000 propagated_stamp_ns=29448000000 state_age_ms=4.000 mode=ReplanOnce result=0 replan_code=3 commit_decision=1 solve_stage=5 solve_stage_name=backup solve_elapsed_ms=4.780 solve_deadline_exceeded=0 target=(6.00,0.00,3.00) planning_target=(7.00,0.00,3.00) goal_radius=0.700 goal_adjusted=1 target_grid=4 target_inf_grid=4 planning_target_grid=4 planning_target_inf_grid=4 committed_end=(7.51,0.00,3.00) endpoint_error=1.506 command=1 failure=0 exp_frontend_ms=1.035 exp_opt_ms=1.691 backup_frontend_ms=0.837 backup_opt_ms=0.001 robot_grid=4 robot_inf_grid=4 nearest_free_m=nan nearest_occ_m=nan nearest_occ=(nan,nan,nan)
[navigation_runtime_node-1] [INFO] [1788526839.159604072] [navigation_runtime_node]: execution timeline activated successor generation=3 at ns=29848000000
[navigation_runtime_node-1] [planner INFO]  -- [Astar] selected certified constant mission-altitude route altitude=3 start_altitude=2.9999999999999996 points=4
[navigation_runtime_node-1] [planner INFO]  -- [Astar] selected certified constant mission-altitude route altitude=3 start_altitude=3 points=6
[navigation_runtime_node-1] [planner INFO]  -- [planner] pass-through route lookahead distance=1.000 required=1.000 complete=true terminal_speed_cap=2.940 remaining_horizon=16.413 corner=false
[navigation_runtime_node-1] [planner INFO]  -- [planner] inserted route-boundary junction index=17 radius=0.7 overlap_depth=0.4041451884327379
[navigation_runtime_node-1] [planner INFO]  -- [ExpOpt] route-boundary seed cell=2 point=(6, 0, 3) junction=(6, 0, 3) distance=0
[navigation_runtime_node-1] [planner INFO]  -- [planner] visible MAIN requires certified backup suffix instead of main-only command terminal_stop=0 terminal_rest=0
[navigation_runtime_node-1] [planner INFO]  -- [planner] selected braking-hull-aligned backup SFC switch_t=1.5910784243939937 duration=0.8339736963659258 endpoint=(7.50634954588058, 0.0002437544855085935, 3)
[navigation_runtime_node-1] [planner WARN]  -- [planner] backup refinement failed; using certified minimum-snap seed backup_refinement_success=0 backup_refinement_fallback=2
[navigation_runtime_node-1] [planner INFO]  -- [Astar] selected certified constant mission-altitude route altitude=3 start_altitude=2.9999894501026816 points=6
[navigation_runtime_node-1] [planner INFO]  -- [Astar] selected certified constant mission-altitude route altitude=3 start_altitude=3 points=4
[navigation_runtime_node-1] [planner INFO]  -- [planner] pass-through route lookahead distance=0.475 required=1.000 complete=false terminal_speed_cap=0.351 remaining_horizon=16.252 corner=true
[navigation_runtime_node-1] [planner INFO]  -- [planner] inserted route-boundary junction index=17 radius=0.7 overlap_depth=0.4041451884327379
[navigation_runtime_node-1] [planner INFO]  -- [planner] pass-through corner terminal speed cap=2.898 preferred=2.898
[navigation_runtime_node-1] [planner INFO]  -- [ExpOpt] route-boundary seed cell=1 point=(6, 0, 3) junction=(6, 0, 3) distance=0
[navigation_runtime_node-1] [planner INFO]  -- [planner] visible MAIN requires certified backup suffix instead of main-only command terminal_stop=0 terminal_rest=0
[navigation_runtime_node-1] [planner INFO]  -- [planner] selected braking-hull-aligned backup SFC switch_t=1.0090261158727127 duration=0.4603026086527124 endpoint=(6.863917063312785, -7.410058365191273e-05, 3)
[navigation_runtime_node-1] [planner WARN]  -- [planner] backup refinement failed; using certified minimum-snap seed backup_refinement_success=0 backup_refinement_fallback=3
[navigation_runtime_node-1] [planner INFO]  -- [Astar] selected certified constant mission-altitude route altitude=3 start_altitude=3.000197137794543 points=6
[navigation_runtime_node-1] [planner INFO]  -- [Astar] selected certified constant mission-altitude route altitude=3 start_altitude=3 points=4
[navigation_runtime_node-1] [planner INFO]  -- [planner] pass-through route lookahead distance=0.475 required=1.000 complete=false terminal_speed_cap=0.742 remaining_horizon=17.732 corner=true
[navigation_runtime_node-1] [planner INFO]  -- [planner] inserted route-boundary junction index=9 radius=0.7 overlap_depth=0.4041451884327379
[navigation_runtime_node-1] [planner INFO]  -- [planner] pass-through corner terminal speed cap=2.898 preferred=2.583
[navigation_runtime_node-1] [planner INFO]  -- [ExpOpt] route-boundary seed cell=1 point=(6, 0, 3) junction=(6, 0, 3) distance=0
[navigation_runtime_node-1] [33m -- [planner] Minco exp_traj opt failed.[0m
[navigation_runtime_node-1] [WARN] [1788526839.262965210] [navigation_runtime_node]: one-shot emergency altitude anchor measured=3.098 command=2.995 terminal=2.995 limit=0.250
[navigation_runtime_node-1] [WARN] [1788526839.264349666] [navigation_runtime_node]: planner backend replaced the exceeded-anchor command with one measured-state emergency brake
[navigation_runtime_node-1] [WARN] [1788526839.264398260] [navigation_runtime_node]: planner backend hot replan failed (4); retaining visible committed trajectory backup=1 elapsed=0.084 backup_start=1.009 end=1.469 anchor_error=0.453 projected_anchor_error=0.477 relative_anchor_speed=0.120 tracking_limit=0.250
[navigation_runtime_node-1] [INFO] [1788526839.264424390] [navigation_runtime_node]: planner backend decision_trace cycle=40 solve_generation=4 committed_generation=4 pinned_world_generation=2 pinned_world_revision=260 pinned_world_stamp_ns=29800000000 certificate_world_generation=2 certificate_world_revision=260 certificate_world_stamp_ns=29800000000 cloud_stamp_ns=29800000000 corrected_stamp_ns=29800000000 propagated_stamp_ns=29928000000 state_age_ms=4.000 mode=ReplanOnce result=4 replan_code=-6 commit_decision=0 solve_stage=4 solve_stage_name=main_minco solve_elapsed_ms=2.393 solve_deadline_exceeded=0 target=(6.00,0.00,3.00) planning_target=(7.00,0.00,3.00) goal_radius=0.700 goal_adjusted=1 target_grid=4 target_inf_grid=4 planning_target_grid=4 planning_target_inf_grid=4 committed_end=(4.92,-0.05,3.00) endpoint_error=1.077 command=1 failure=0 exp_frontend_ms=1.087 exp_opt_ms=1.056 backup_frontend_ms=0.837 backup_opt_ms=0.001 robot_grid=4 robot_inf_grid=4 nearest_free_m=nan nearest_occ_m=nan nearest_occ=(nan,nan,nan)
[navigation_runtime_node-1] [INFO] [1788526839.264486749] [navigation_runtime_node]: planner backend commit_trace generation=4 previous_generation=3 start_wall_time=29.932000000 execution_stamp_ns=29928000000 execution_age_at_solve_ms=0.000 execution_age_at_trace_ms=4.000 execution_p=[3.791046,-0.063105,3.097795] execution_v=[2.792275,0.034488,-0.077395] candidate_start_p=[3.791046,-0.063105,3.097795] candidate_start_v=[2.792275,0.034488,-0.077395] previous_valid=1 candidate_start_a=[0.000000,0.000000,0.000000] candidate_start_j=[0.000000,0.000000,0.000000] previous_sample_tt=0.084000 splice_p=0.453291 splice_v=0.119587 splice_a=1.515431 splice_j=4.746431 splice_yaw=-0.002417 splice_yaw_rate=-0.000000
[navigation_runtime_node-1] [INFO] [1788526839.264763052] [navigation_runtime_node]: planner_cycle_metrics cycles=40 commands=430 dropped_cloud=0 planner_cycle_ms=5.071 p50_ms=14.321 p95_ms=14.676 p99_ms=14.676 map_us=26474 planner_us=2393 publish_us=55 store_publish_us=56 transition_lock_us=0 input_lock_us=0 target=(6.00,0.00,3.00) robot=(3.79,-0.06,3.10) committed_start=(3.79,-0.06,3.10) committed_q1=(4.34,-0.06,3.08) committed_mid=(4.75,-0.05,3.04) committed_q3=(4.91,-0.05,3.00) committed_end=(4.92,-0.05,3.00) main_end=(3.79,-0.06,3.10) backup_start=0.000 guide_end=(7.00,0.00,3.00) guide_bounds=[(5.37,-0.00,3.00),(7.00,0.00,3.00)] committed_duration=0.812
[navigation_runtime_node-1] [ERROR] [1788526840.279623850] [navigation_runtime_node]: execution boundary rejected planned STOPPED_HOLD endpoint known_free=1 near_execution=0
[navigation_runtime_node-1] [ERROR] [1788526840.279698781] [navigation_runtime_node]: publishing rejected command planner_failed=1 planner_available=1 sampled_valid=0 sampled_bundle=1 generation=4 role=0 safety_suffix=0 execution_freshness=1
[navigation_runtime_node-1] [WARN] [1788526840.289152617] [navigation_runtime_node]: active generation=4 failed full immutable candidate revalidation failure=1 blocked_role=0 samples=0
[navigation_runtime_node-1] [ERROR] [1788526841.539613311] [navigation_runtime_node]: publishing rejected command planner_failed=1 planner_available=0 sampled_valid=0 sampled_bundle=0 generation=0 role=0 safety_suffix=0 execution_freshness=1
[navigation_runtime_node-1] [planner WARN]  -- [planner] OptimizationExpTrajInPolytopes for new path failed
[navigation_runtime_node-1] [planner WARN]  -- [planner] in [ReplanOnce]: GenerateExpTrajectory failed, force return
[navigation_runtime_node-1] [planner WARN]  -- [planner] committed command-continuous emergency brake: initial_speed=2.7935600058585903 speed_limit=3 initial_overspeed=false duration=0.8117144127688318 distance=1.138003457951617 peak_vel=2.7935600058585903 peak_acc=6.453042494590608 peak_jerk=24.787413621097645
[navigation_runtime_node-1] [ERROR] [1788526842.799615876] [navigation_runtime_node]: publishing rejected command planner_failed=1 planner_available=0 sampled_valid=0 sampled_bundle=0 generation=0 role=0 safety_suffix=0 execution_freshness=1
[WARNING] [launch]: user interrupted with ctrl-c (SIGINT)
[INFO] [navigation_runtime_node-1]: sending signal 'SIGINT' to process[navigation_runtime_node-1]
[navigation_runtime_node-1] [INFO] [1788526853.524594677] [rclcpp]: signal_handler(SIGINT/SIGTERM)
[ERROR] [navigation_runtime_node-1]: process has died [pid 39695, exit code -2, cmd '/home/letandat/Dev/uav-navigation/install/navigation_runtime/lib/navigation_runtime/navigation_runtime_node --ros-args -r __node:=navigation_runtime_node --params-file /home/letandat/Dev/uav-navigation/.artifacts/runtime/external-mode-check-20260904T125955-39028/navigation_runtime_params.yaml --params-file /tmp/launch_params_7n7hoifw'].
