[INFO] [launch]: All log files can be found below /home/letandat/Dev/uav-navigation/.artifacts/runtime/external-mode-check-20260904T091230-38933/logs/2026-09-04-16-12-36-390286-letandat-Legion-5-Pro-16IAH7H-39359
[INFO] [launch]: Default logging verbosity is set to INFO
[INFO] [robot_state_publisher-1]: process started with pid [39579]
[INFO] [fast_lio_node-2]: process started with pid [39580]
[INFO] [px4_odometry_bridge_external_node-3]: process started with pid [39581]
[robot_state_publisher-1] [INFO] [1788513156.621203970] [robot_state_publisher]: Robot initialized
[fast_lio_node-2] [WARN] [1788513156.651940026] []: Invalid frame ID "base_link" passed to canTransform argument target_frame - frame does not exist
[fast_lio_node-2] [INFO] [1788513156.734725378] [fast_lio]: Publishing corrected and propagated odometry in lio_odom -> base_link; dynamic TF owner=propagated; static geometry resolved from base_link -> livox_imu_frame; runtime diagnostics are available on /lio/diagnostics
[px4_odometry_bridge_external_node-3] [INFO] [1788513158.958536961] [px4_external_odometry_bridge]: external odometry gate transitioned to READY: previous_gate_reason=GATE_CLOSED current_gate_reason=READY publication_active=true lio_valid=true lio_status_fresh=true odometry_sample_age_ms=0 transport_ready=true timestamp_ready=true covariance_ready=true frame_valid=true public_generation=11598806111765 generation_valid=true geometric_jump_latched=false jump_reason=NO_BASELINE published_count=0 gated_count=0
[px4_odometry_bridge_external_node-3] [INFO] [1788513158.958629937] [px4_external_odometry_bridge]: external odometry publication resumed: previous_gate_reason=GATE_CLOSED current_gate_reason=READY publication_active=true lio_valid=true lio_status_fresh=true odometry_sample_age_ms=0 transport_ready=true timestamp_ready=true covariance_ready=true frame_valid=true public_generation=11598806111765 generation_valid=true geometric_jump_latched=false jump_reason=NO_BASELINE published_count=0 gated_count=0
[px4_odometry_bridge_external_node-3] [WARN] [1788513208.323269208] [px4_external_odometry_bridge]: external odometry gate transitioned closed: previous_gate_reason=READY current_gate_reason=GEOMETRIC_CONTINUITY_UNTRUSTED publication_active=false lio_valid=true lio_status_fresh=true odometry_sample_age_ms=0 transport_ready=true timestamp_ready=true covariance_ready=true frame_valid=true public_generation=11598806111765 generation_valid=true geometric_jump_latched=false jump_reason=DT_TOO_LARGE published_count=1950 gated_count=0
[px4_odometry_bridge_external_node-3] [WARN] [1788513208.323311372] [px4_external_odometry_bridge]: external odometry publication stopped: previous_gate_reason=READY current_gate_reason=GEOMETRIC_CONTINUITY_UNTRUSTED publication_active=false lio_valid=true lio_status_fresh=true odometry_sample_age_ms=0 transport_ready=true timestamp_ready=true covariance_ready=true frame_valid=true public_generation=11598806111765 generation_valid=true geometric_jump_latched=false jump_reason=DT_TOO_LARGE published_count=1950 gated_count=0
[px4_odometry_bridge_external_node-3] [INFO] [1788513208.333198087] [px4_external_odometry_bridge]: external odometry gate transitioned to READY: previous_gate_reason=GEOMETRIC_CONTINUITY_UNTRUSTED current_gate_reason=READY publication_active=true lio_valid=true lio_status_fresh=true odometry_sample_age_ms=0 transport_ready=true timestamp_ready=true covariance_ready=true frame_valid=true public_generation=11598806111765 generation_valid=true geometric_jump_latched=false jump_reason=NO_BASELINE published_count=1950 gated_count=1
[px4_odometry_bridge_external_node-3] [INFO] [1788513208.333235738] [px4_external_odometry_bridge]: external odometry publication resumed: previous_gate_reason=GEOMETRIC_CONTINUITY_UNTRUSTED current_gate_reason=READY publication_active=true lio_valid=true lio_status_fresh=true odometry_sample_age_ms=0 transport_ready=true timestamp_ready=true covariance_ready=true frame_valid=true public_generation=11598806111765 generation_valid=true geometric_jump_latched=false jump_reason=NO_BASELINE published_count=1950 gated_count=1
[WARNING] [launch]: user interrupted with ctrl-c (SIGINT)
[px4_odometry_bridge_external_node-3] [INFO] [1788513348.193307257] [rclcpp]: signal_handler(SIGINT/SIGTERM)
[INFO] [px4_odometry_bridge_external_node-3]: sending signal 'SIGINT' to process[px4_odometry_bridge_external_node-3]
[INFO] [fast_lio_node-2]: sending signal 'SIGINT' to process[fast_lio_node-2]
[INFO] [robot_state_publisher-1]: sending signal 'SIGINT' to process[robot_state_publisher-1]
[robot_state_publisher-1] [INFO] [1788513348.193361790] [rclcpp]: signal_handler(SIGINT/SIGTERM)
[fast_lio_node-2] [INFO] [1788513348.193429133] [rclcpp]: signal_handler(SIGINT/SIGTERM)
[px4_odometry_bridge_external_node-3] [INFO] [1788513348.197225518] [rclcpp]: signal_handler(SIGINT/SIGTERM)
[robot_state_publisher-1] [INFO] [1788513348.197992078] [rclcpp]: signal_handler(SIGINT/SIGTERM)
[fast_lio_node-2] [INFO] [1788513348.199833016] [rclcpp]: signal_handler(SIGINT/SIGTERM)
[INFO] [robot_state_publisher-1]: process has finished cleanly [pid 39579]
[INFO] [px4_odometry_bridge_external_node-3]: process has finished cleanly [pid 39581]
[INFO] [fast_lio_node-2]: process has finished cleanly [pid 39580]
