[INFO] [launch]: All log files can be found below /home/letandat/Dev/uav-navigation/.artifacts/runtime/external-mode-check-20260904T091230-38933/logs/2026-09-04-16-12-36-504852-letandat-Legion-5-Pro-16IAH7H-39350
[INFO] [launch]: Default logging verbosity is set to INFO
[INFO] [navigation_runtime_node-1]: process started with pid [39578]
[navigation_runtime_node-1] [INFO] [1788513156.644555932] [navigation_runtime_node]: Applying mission dynamics to planner backend before optimizer construction: velocity=3.000 acceleration=12.000 jerk=30.000
[navigation_runtime_node-1] Load config file: /home/letandat/Dev/uav-navigation/.artifacts/runtime/external-mode-check-20260904T091230-38933/planner.yaml
[navigation_runtime_node-1] [0;33m Load param rog_map/esdf/resolution failed, use default value: [0;0m0.2
[navigation_runtime_node-1] [0;33m Load param rog_map/esdf/enable failed, use default value: [0;0m0
[navigation_runtime_node-1] [0;33m Load param rog_map/esdf/local_update_box failed, use default value: [0;0m[]
[navigation_runtime_node-1] [0;33m Load param rog_map/load_pcd_en failed, use default value: [0;0m0
[navigation_runtime_node-1] [0;32m Load param rog_map/map_sliding/enable success: [0;0m1
[navigation_runtime_node-1] [0;32m Load param rog_map/map_sliding/threshold success: [0;0m1.5
[navigation_runtime_node-1] [0;32m Load param rog_map/fix_map_origin success: [0;0m[0 0 1.5 ]
[navigation_runtime_node-1] [0;33m Load param rog_map/frontier_extraction_en failed, use default value: [0;0m0
[navigation_runtime_node-1] [0;33m Load param rog_map/ros_callback/enable failed, use default value: [0;0m0
[navigation_runtime_node-1] [0;33m Load param rog_map/ros_callback/cloud_topic failed, use default value: [0;0m/cloud_registered
[navigation_runtime_node-1] [0;33m Load param rog_map/ros_callback/odom_topic failed, use default value: [0;0m/lidar_slam/odom
[navigation_runtime_node-1] [0;33m Load param rog_map/ros_callback/odom_timeout failed, use default value: [0;0m0.05
[navigation_runtime_node-1] [0;33m Load param rog_map/visualization/enable failed, use default value: [0;0m0
[navigation_runtime_node-1] [0;33m Load param rog_map/visualization/use_dynamic_reconfigure failed, use default value: [0;0m0
[navigation_runtime_node-1] [0;33m Load param rog_map/visualization/pub_unknown_map_en failed, use default value: [0;0m0
[navigation_runtime_node-1] [0;33m Load param rog_map/visualization/frame_id failed, use default value: [0;0mworld
[navigation_runtime_node-1] [0;33m Load param rog_map/visualization/time_rate failed, use default value: [0;0m0
[navigation_runtime_node-1] [0;33m Load param rog_map/visualization/frame_rate failed, use default value: [0;0m0
[navigation_runtime_node-1] [0;33m Load param rog_map/visualization/range failed, use default value: [0;0m[0 0 0 ]
[navigation_runtime_node-1] [33m -- [ROG] Visualization range is not set, visualization is disabled[0m
[navigation_runtime_node-1] [0;32m Load param rog_map/resolution success: [0;0m0.2
[navigation_runtime_node-1] [0;32m Load param rog_map/inflation_resolution success: [0;0m0.2
[navigation_runtime_node-1] [0;33m Load param rog_map/unk_inflation_en failed, use default value: [0;0m0
[navigation_runtime_node-1] [0;33m Load param rog_map/unk_inflation_step failed, use default value: [0;0m1
[navigation_runtime_node-1] [0;32m Load param rog_map/inflation_step success: [0;0m4
[navigation_runtime_node-1] [0;32m Load param rog_map/intensity_thresh success: [0;0m-10
[navigation_runtime_node-1] [0;32m Load param rog_map/map_size success: [0;0m[50 50 8 ]
[navigation_runtime_node-1] [0;32m Load param rog_map/point_filt_num success: [0;0m1
[navigation_runtime_node-1] [0;32m Load param rog_map/raycasting/enable success: [0;0m1
[navigation_runtime_node-1] [0;32m Load param rog_map/raycasting/batch_update_size success: [0;0m1
[navigation_runtime_node-1] [0;32m Load param rog_map/raycasting/unk_thresh success: [0;0m1
[navigation_runtime_node-1] [0;32m Load param rog_map/raycasting/p_hit success: [0;0m0.9
[navigation_runtime_node-1] [0;32m Load param rog_map/raycasting/p_miss success: [0;0m0.49
[navigation_runtime_node-1] [0;32m Load param rog_map/raycasting/p_min success: [0;0m0.12
[navigation_runtime_node-1] [0;32m Load param rog_map/raycasting/p_max success: [0;0m0.98
[navigation_runtime_node-1] [0;32m Load param rog_map/raycasting/p_occ success: [0;0m0.85
[navigation_runtime_node-1] [0;32m Load param rog_map/raycasting/p_free success: [0;0m0.499
[navigation_runtime_node-1] [0;32m Load param rog_map/raycasting/ray_range success: [0;0m[0.8 100 ]
[navigation_runtime_node-1] [0;32m Load param rog_map/raycasting/local_update_box success: [0;0m[50 50 8 ]
[navigation_runtime_node-1] [0;32m Load param rog_map/virtual_ground_ceiling_en success: [0;0m0
[navigation_runtime_node-1] [0;32m Load param rog_map/virtual_ground_height success: [0;0m-1.1
[navigation_runtime_node-1] [0;32m Load param rog_map/virtual_ceil_height success: [0;0m5.8
[navigation_runtime_node-1] [32m -- [RM-Config] inflation_resolution: 0.2[0m
[navigation_runtime_node-1]  -- [ROG-Map] Init, resetMapSize: ORIGIN_AT_CORNER.
[navigation_runtime_node-1]  -- [ROG-Map] Init, resetMapSize: virtual_ceil_height: 4.7, virtual_ground_height: -0.30000000000000004.
[navigation_runtime_node-1] [34m	[ROG] n_free: 1[0m
[navigation_runtime_node-1] [34m	[ROG] n_occ: 1[0m
[navigation_runtime_node-1] [34m	[ROG] l_hit: 2.19722[0m
[navigation_runtime_node-1] [34m	[ROG] l_miss: -0.0400053[0m
[navigation_runtime_node-1] [34m	[ROG] l_min: -1.99243[0m
[navigation_runtime_node-1] [34m	[ROG] l_max: 3.89182[0m
[navigation_runtime_node-1] [34m	[ROG] l_occ: 1.7346[0m
[navigation_runtime_node-1] [34m	[ROG] l_free: -0.00399995[0m
[navigation_runtime_node-1] [33m -- [Inf-Map] Clear all local map.[0m
[navigation_runtime_node-1] [32m -- [CounterMap] Init successfully -- .[0m
[navigation_runtime_node-1] [32m	resolution: 0.2[0m
[navigation_runtime_node-1] [32m	map_sliding_en: 1[0m
[navigation_runtime_node-1] [32m	local_map_size_i: 261 261  51[0m
[navigation_runtime_node-1] [32m	local_map_size_d: 52.2 52.2 10.2[0m
[navigation_runtime_node-1] [33m -- [Inf-Map] Clear all local map.[0m
[navigation_runtime_node-1] [32m -- [InfMap] Init successfully -- .[0m
[navigation_runtime_node-1] [32m	resolution: 0.2[0m
[navigation_runtime_node-1] [32m	map_sliding_en: 1[0m
[navigation_runtime_node-1] [32m	local_map_size_i: 261 261  51[0m
[navigation_runtime_node-1] [32m	local_map_size_d: 52.2 52.2 10.2[0m
[navigation_runtime_node-1] [ProbMap] virtual_ceil_height: 4.6
[navigation_runtime_node-1] [ProbMap] virtual_ground_height: -0.4
[navigation_runtime_node-1] [33m -- [Prob-Map] Clear all local map.[0m
[navigation_runtime_node-1] [32m -- [ProbMap] Init successfully -- .[0m
[navigation_runtime_node-1] [32m	resolution: 0.2[0m
[navigation_runtime_node-1] [32m	map_sliding_en: 1[0m
[navigation_runtime_node-1] [32m	local_map_size_i: 251 251  41[0m
[navigation_runtime_node-1] [32m	local_map_size_d: 50.2 50.2  8.2[0m
[navigation_runtime_node-1] Load config file: /home/letandat/Dev/uav-navigation/.artifacts/runtime/external-mode-check-20260904T091230-38933/planner.yaml
[navigation_runtime_node-1] [0;32m Load param traj_opt/switch/print_optimizer_log success: [0;0m0
[navigation_runtime_node-1] [0;32m Load param traj_opt/flatness/mass success: [0;0m1.64
[navigation_runtime_node-1] [0;32m Load param traj_opt/flatness/dh success: [0;0m0.35
[navigation_runtime_node-1] [0;32m Load param traj_opt/flatness/dv success: [0;0m0.35
[navigation_runtime_node-1] [0;32m Load param traj_opt/flatness/grav success: [0;0m9.81
[navigation_runtime_node-1] [0;32m Load param traj_opt/flatness/cp success: [0;0m0.001
[navigation_runtime_node-1] [0;32m Load param traj_opt/flatness/v_eps success: [0;0m0.0001
[navigation_runtime_node-1] [0;32m Load param traj_opt/switch/save_log_en success: [0;0m0
[navigation_runtime_node-1] [0;32m Load param traj_opt/exp_traj/pos_constraint_type success: [0;0m2
[navigation_runtime_node-1] [0;32m Load param traj_opt/exp_traj/block_energy_cost success: [0;0m0
[navigation_runtime_node-1] [0;32m Load param traj_opt/exp_traj/opt_accuracy success: [0;0m5e-06
[navigation_runtime_node-1] [0;32m Load param traj_opt/exp_traj/integral_reso success: [0;0m15
[navigation_runtime_node-1] [0;32m Load param traj_opt/exp_traj/lbfgs_memory_size success: [0;0m32
[navigation_runtime_node-1] [0;32m Load param traj_opt/exp_traj/smooth_eps success: [0;0m0.01
[navigation_runtime_node-1] [0;32m Load param traj_opt/exp_traj/corridor_plane_tolerance_m success: [0;0m0.01
[navigation_runtime_node-1] [0;32m Load param traj_opt/exp_traj/feasibility_retry_max_iterations success: [0;0m64
[navigation_runtime_node-1] [0;32m Load param traj_opt/exp_traj/route_reference/lateral_weight success: [0;0m1
[navigation_runtime_node-1] [0;32m Load param traj_opt/exp_traj/route_reference/vertical_weight success: [0;0m10
[navigation_runtime_node-1] [0;32m Load param traj_opt/exp_traj/route_reference/lateral_deadband_m success: [0;0m0.05
[navigation_runtime_node-1] [0;32m Load param traj_opt/exp_traj/route_reference/vertical_deadband_m success: [0;0m0.05
[navigation_runtime_node-1] [0;32m Load param traj_opt/exp_traj/optimization_dynamic_reserve_ratio success: [0;0m0.98
[navigation_runtime_node-1] [0;32m Load param traj_opt/boundary/max_vel success: [0;0m3
[navigation_runtime_node-1] [0;32m Load param traj_opt/boundary/max_acc success: [0;0m12
[navigation_runtime_node-1] [0;32m Load param traj_opt/boundary/max_jerk success: [0;0m30
[navigation_runtime_node-1] [0;32m Load param traj_opt/boundary/max_omg success: [0;0m5
[navigation_runtime_node-1] [0;32m Load param traj_opt/boundary/max_acc_thr success: [0;0m25
[navigation_runtime_node-1] [0;32m Load param traj_opt/boundary/min_acc_thr success: [0;0m6
[navigation_runtime_node-1] [0;32m Load param traj_opt/exp_traj/objective/time_weight success: [0;0m12000
[navigation_runtime_node-1] [0;32m Load param traj_opt/exp_traj/objective/position_penalty_weight success: [0;0m5e+08
[navigation_runtime_node-1] [0;32m Load param traj_opt/exp_traj/objective/velocity_penalty_weight success: [0;0m500000
[navigation_runtime_node-1] [0;32m Load param traj_opt/exp_traj/objective/acceleration_penalty_weight success: [0;0m500000
[navigation_runtime_node-1] [0;32m Load param traj_opt/exp_traj/objective/jerk_penalty_weight success: [0;0m0
[navigation_runtime_node-1] [0;32m Load param traj_opt/exp_traj/objective/waypoint_attraction_weight success: [0;0m0
[navigation_runtime_node-1] [0;32m Load param traj_opt/exp_traj/objective/angular_rate_penalty_weight success: [0;0m100000
[navigation_runtime_node-1] [0;32m Load param traj_opt/exp_traj/objective/thrust_penalty_weight success: [0;0m100000
[navigation_runtime_node-1] [0;32m Load param traj_opt/switch/print_optimizer_log success: [0;0m0
[navigation_runtime_node-1] [0;32m Load param traj_opt/flatness/mass success: [0;0m1.64
[navigation_runtime_node-1] [0;32m Load param traj_opt/flatness/dh success: [0;0m0.35
[navigation_runtime_node-1] [0;32m Load param traj_opt/flatness/dv success: [0;0m0.35
[navigation_runtime_node-1] [0;32m Load param traj_opt/flatness/grav success: [0;0m9.81
[navigation_runtime_node-1] [0;32m Load param traj_opt/flatness/cp success: [0;0m0.001
[navigation_runtime_node-1] [0;32m Load param traj_opt/flatness/v_eps success: [0;0m0.0001
[navigation_runtime_node-1] [0;32m Load param traj_opt/switch/save_log_en success: [0;0m0
[navigation_runtime_node-1] [0;32m Load param traj_opt/backup_traj/pos_constraint_type success: [0;0m1
[navigation_runtime_node-1] [0;32m Load param traj_opt/backup_traj/piece_num success: [0;0m2
[navigation_runtime_node-1] [0;32m Load param traj_opt/backup_traj/uniform_time_en success: [0;0m1
[navigation_runtime_node-1] [0;32m Load param traj_opt/backup_traj/block_energy_cost success: [0;0m1
[navigation_runtime_node-1] [0;32m Load param traj_opt/backup_traj/opt_accuracy success: [0;0m1e-06
[navigation_runtime_node-1] [0;32m Load param traj_opt/backup_traj/integral_reso success: [0;0m12
[navigation_runtime_node-1] [0;32m Load param traj_opt/backup_traj/lbfgs_memory_size success: [0;0m32
[navigation_runtime_node-1] [0;32m Load param traj_opt/backup_traj/smooth_eps success: [0;0m0.01
[navigation_runtime_node-1] [0;32m Load param traj_opt/backup_traj/corridor_plane_tolerance_m success: [0;0m0.01
[navigation_runtime_node-1] [0;32m Load param traj_opt/boundary/max_vel success: [0;0m3
[navigation_runtime_node-1] [0;32m Load param traj_opt/boundary/max_acc success: [0;0m12
[navigation_runtime_node-1] [0;32m Load param traj_opt/boundary/max_jerk success: [0;0m30
[navigation_runtime_node-1] [0;32m Load param traj_opt/boundary/max_omg success: [0;0m5
[navigation_runtime_node-1] [0;32m Load param traj_opt/boundary/max_acc_thr success: [0;0m25
[navigation_runtime_node-1] [0;32m Load param traj_opt/boundary/min_acc_thr success: [0;0m6
[navigation_runtime_node-1] [0;32m Load param traj_opt/backup_traj/objective/time_weight success: [0;0m1200
[navigation_runtime_node-1] [0;32m Load param traj_opt/backup_traj/objective/terminal_time_weight success: [0;0m100000
[navigation_runtime_node-1] [0;32m Load param traj_opt/backup_traj/objective/position_penalty_weight success: [0;0m1e+10
[navigation_runtime_node-1] [0;32m Load param traj_opt/backup_traj/objective/velocity_penalty_weight success: [0;0m100000
[navigation_runtime_node-1] [0;32m Load param traj_opt/backup_traj/objective/acceleration_penalty_weight success: [0;0m100000
[navigation_runtime_node-1] [0;32m Load param traj_opt/backup_traj/objective/jerk_penalty_weight success: [0;0m100000
[navigation_runtime_node-1] [0;32m Load param traj_opt/backup_traj/objective/angular_rate_penalty_weight success: [0;0m100000
[navigation_runtime_node-1] [0;32m Load param traj_opt/backup_traj/objective/thrust_penalty_weight success: [0;0m100000
[navigation_runtime_node-1] [0;32m Load param astar/allow_diag success: [0;0m1
[navigation_runtime_node-1] [0;32m Load param astar/debug_visualization_en success: [0;0m0
[navigation_runtime_node-1] [0;32m Load param astar/heu_type success: [0;0m2
[navigation_runtime_node-1] [0;32m Load param astar/heuristic_weight success: [0;0m1.5
[navigation_runtime_node-1] [0;32m Load param astar/visual_process success: [0;0m0
[navigation_runtime_node-1] [0;32m Load param planner/print_log success: [0;0m0
[navigation_runtime_node-1] [0;32m Load param planner/visualization_en success: [0;0m0
[navigation_runtime_node-1] [0;32m Load param planner/preserve_backup_altitude success: [0;0m1
[navigation_runtime_node-1] [0;32m Load param planner/backup_refinement_enabled success: [0;0m0
[navigation_runtime_node-1] [0;32m Load param planner/use_fov_cut success: [0;0m0
[navigation_runtime_node-1] [0;32m Load param planner/visibility_horizon_cap_m success: [0;0m23
[navigation_runtime_node-1] [0;32m Load param planner/visibility_horizon_floor_m success: [0;0m14
[navigation_runtime_node-1] [0;32m Load param planner/sensing_horizon_m success: [0;0m0
[navigation_runtime_node-1] [0;32m Load param planner/replan_forward_dt_s success: [0;0m0.4
[navigation_runtime_node-1] [0;32m Load param astar/search_time_limit_s success: [0;0m0.06
[navigation_runtime_node-1] [0;32m Load param astar/total_time_limit_s success: [0;0m0.12
[navigation_runtime_node-1] [0;32m Load param planner/solve_deadline_s success: [0;0m0.18
[navigation_runtime_node-1] [0;32m Load param planner/finalization_reserve_s success: [0;0m0.04
[navigation_runtime_node-1] [0;32m Load param planner/corridor_bound_distance_m success: [0;0m1.5
[navigation_runtime_node-1] [0;32m Load param planner/corridor_segment_max_length_m success: [0;0m3
[navigation_runtime_node-1] [0;32m Load param planner/local_window_m success: [0;0m20
[navigation_runtime_node-1] [0;33m Load param planner/planning_horizon_m failed, use default value: [0;0m0
[navigation_runtime_node-1] [0;32m Load param planner/receding_distance_m success: [0;0m3
[navigation_runtime_node-1] [0;32m Load param planner/vehicle_radius_m success: [0;0m0.35
[navigation_runtime_node-1] [0;32m Load param planner/tracking_error_budget_m success: [0;0m0.25
[navigation_runtime_node-1] [0;32m Load param planner/localization_error_budget_m success: [0;0m0.05
[navigation_runtime_node-1] [0;32m Load param planner/mapping_error_budget_m success: [0;0m0.1
[navigation_runtime_node-1] [0;32m Load param planner/planning_margin_m success: [0;0m0.05
[navigation_runtime_node-1] [0;32m Load param planner/iris_iter_num success: [0;0m1
[navigation_runtime_node-1] [0;32m Load param planner/yaw_rate_max_rad_s success: [0;0m1
[navigation_runtime_node-1] [0;32m Load param planner/yaw_acceleration_max_rad_s2 success: [0;0m0.3
[navigation_runtime_node-1] [0;32m Load param planner/route_yaw/minimum_lookahead_m success: [0;0m2
[navigation_runtime_node-1] [0;32m Load param planner/route_yaw/maximum_lookahead_m success: [0;0m12
[navigation_runtime_node-1] [0;32m Load param planner/route_yaw/lookahead_time_s success: [0;0m1.5
[navigation_runtime_node-1] [0;32m Load param planner/route_yaw/minimum_horizontal_speed_mps success: [0;0m0.3
[navigation_runtime_node-1] [0;32m Load param planner/route_yaw/minimum_horizontal_support_m success: [0;0m0.5
[navigation_runtime_node-1] [0;32m Load param planner/route_yaw/reversal_threshold_rad success: [0;0m2.61799
[navigation_runtime_node-1] [0;32m Load param planner/yaw_tracking_error_budget_rad success: [0;0m0.35
[navigation_runtime_node-1] [32m -- [A*] Initialize sparse search workspace.[0m
[navigation_runtime_node-1] [INFO] [1788513156.708361793] [navigation_runtime_node]: planner backend runtime ready: registered_scan=/lio/mapping_observation propagated_odom=/lio/odometry_propagated goal=/navigation/goal output=/navigation/navigation_command planner=5.0Hz command=50.0Hz snapshot=0.10s planning_input_source_receive=0.50s command_stream=0.10s stopped_recovery=5.0s
[navigation_runtime_node-1] [WARN] [1788513157.448740412] [navigation_runtime_node]: Localization epoch changed to 11598806111765; old mapping and command state invalidated
[navigation_runtime_node-1] Load config file: /home/letandat/Dev/uav-navigation/.artifacts/runtime/external-mode-check-20260904T091230-38933/planner.yaml
[navigation_runtime_node-1] [0;33m Load param rog_map/esdf/resolution failed, use default value: [0;0m0.2
[navigation_runtime_node-1] [0;33m Load param rog_map/esdf/enable failed, use default value: [0;0m0
[navigation_runtime_node-1] [0;33m Load param rog_map/esdf/local_update_box failed, use default value: [0;0m[]
[navigation_runtime_node-1] [0;33m Load param rog_map/load_pcd_en failed, use default value: [0;0m0
[navigation_runtime_node-1] [0;32m Load param rog_map/map_sliding/enable success: [0;0m1
[navigation_runtime_node-1] [0;32m Load param rog_map/map_sliding/threshold success: [0;0m1.5
[navigation_runtime_node-1] [0;32m Load param rog_map/fix_map_origin success: [0;0m[0 0 1.5 ]
[navigation_runtime_node-1] [0;33m Load param rog_map/frontier_extraction_en failed, use default value: [0;0m0
[navigation_runtime_node-1] [0;33m Load param rog_map/ros_callback/enable failed, use default value: [0;0m0
[navigation_runtime_node-1] [0;33m Load param rog_map/ros_callback/cloud_topic failed, use default value: [0;0m/cloud_registered
[navigation_runtime_node-1] [0;33m Load param rog_map/ros_callback/odom_topic failed, use default value: [0;0m/lidar_slam/odom
[navigation_runtime_node-1] [0;33m Load param rog_map/ros_callback/odom_timeout failed, use default value: [0;0m0.05
[navigation_runtime_node-1] [0;33m Load param rog_map/visualization/enable failed, use default value: [0;0m0
[navigation_runtime_node-1] [0;33m Load param rog_map/visualization/use_dynamic_reconfigure failed, use default value: [0;0m0
[navigation_runtime_node-1] [0;33m Load param rog_map/visualization/pub_unknown_map_en failed, use default value: [0;0m0
[navigation_runtime_node-1] [0;33m Load param rog_map/visualization/frame_id failed, use default value: [0;0mworld
[navigation_runtime_node-1] [0;33m Load param rog_map/visualization/time_rate failed, use default value: [0;0m0
[navigation_runtime_node-1] [0;33m Load param rog_map/visualization/frame_rate failed, use default value: [0;0m0
[navigation_runtime_node-1] [0;33m Load param rog_map/visualization/range failed, use default value: [0;0m[0 0 0 ]
[navigation_runtime_node-1] [33m -- [ROG] Visualization range is not set, visualization is disabled[0m
[navigation_runtime_node-1] [0;32m Load param rog_map/resolution success: [0;0m0.2
[navigation_runtime_node-1] [0;32m Load param rog_map/inflation_resolution success: [0;0m0.2
[navigation_runtime_node-1] [0;33m Load param rog_map/unk_inflation_en failed, use default value: [0;0m0
[navigation_runtime_node-1] [0;33m Load param rog_map/unk_inflation_step failed, use default value: [0;0m1
[navigation_runtime_node-1] [0;32m Load param rog_map/inflation_step success: [0;0m4
[navigation_runtime_node-1] [0;32m Load param rog_map/intensity_thresh success: [0;0m-10
[navigation_runtime_node-1] [0;32m Load param rog_map/map_size success: [0;0m[50 50 8 ]
[navigation_runtime_node-1] [0;32m Load param rog_map/point_filt_num success: [0;0m1
[navigation_runtime_node-1] [0;32m Load param rog_map/raycasting/enable success: [0;0m1
[navigation_runtime_node-1] [0;32m Load param rog_map/raycasting/batch_update_size success: [0;0m1
[navigation_runtime_node-1] [0;32m Load param rog_map/raycasting/unk_thresh success: [0;0m1
[navigation_runtime_node-1] [0;32m Load param rog_map/raycasting/p_hit success: [0;0m0.9
[navigation_runtime_node-1] [0;32m Load param rog_map/raycasting/p_miss success: [0;0m0.49
[navigation_runtime_node-1] [0;32m Load param rog_map/raycasting/p_min success: [0;0m0.12
[navigation_runtime_node-1] [0;32m Load param rog_map/raycasting/p_max success: [0;0m0.98
[navigation_runtime_node-1] [0;32m Load param rog_map/raycasting/p_occ success: [0;0m0.85
[navigation_runtime_node-1] [0;32m Load param rog_map/raycasting/p_free success: [0;0m0.499
[navigation_runtime_node-1] [0;32m Load param rog_map/raycasting/ray_range success: [0;0m[0.8 100 ]
[navigation_runtime_node-1] [0;32m Load param rog_map/raycasting/local_update_box success: [0;0m[50 50 8 ]
[navigation_runtime_node-1] [0;32m Load param rog_map/virtual_ground_ceiling_en success: [0;0m0
[navigation_runtime_node-1] [0;32m Load param rog_map/virtual_ground_height success: [0;0m-1.1
[navigation_runtime_node-1] [0;32m Load param rog_map/virtual_ceil_height success: [0;0m5.8
[navigation_runtime_node-1] [32m -- [RM-Config] inflation_resolution: 0.2[0m
[navigation_runtime_node-1]  -- [ROG-Map] Init, resetMapSize: ORIGIN_AT_CORNER.
[navigation_runtime_node-1]  -- [ROG-Map] Init, resetMapSize: virtual_ceil_height: 4.7, virtual_ground_height: -0.30000000000000004.
[navigation_runtime_node-1] [34m	[ROG] n_free: 1[0m
[navigation_runtime_node-1] [34m	[ROG] n_occ: 1[0m
[navigation_runtime_node-1] [34m	[ROG] l_hit: 2.19722[0m
[navigation_runtime_node-1] [34m	[ROG] l_miss: -0.0400053[0m
[navigation_runtime_node-1] [34m	[ROG] l_min: -1.99243[0m
[navigation_runtime_node-1] [34m	[ROG] l_max: 3.89182[0m
[navigation_runtime_node-1] [34m	[ROG] l_occ: 1.7346[0m
[navigation_runtime_node-1] [34m	[ROG] l_free: -0.00399995[0m
[navigation_runtime_node-1] [33m -- [Inf-Map] Clear all local map.[0m
[navigation_runtime_node-1] [32m -- [CounterMap] Init successfully -- .[0m
[navigation_runtime_node-1] [32m	resolution: 0.2[0m
[navigation_runtime_node-1] [32m	map_sliding_en: 1[0m
[navigation_runtime_node-1] [32m	local_map_size_i: 261 261  51[0m
[navigation_runtime_node-1] [32m	local_map_size_d: 52.2 52.2 10.2[0m
[navigation_runtime_node-1] [33m -- [Inf-Map] Clear all local map.[0m
[navigation_runtime_node-1] [32m -- [InfMap] Init successfully -- .[0m
[navigation_runtime_node-1] [32m	resolution: 0.2[0m
[navigation_runtime_node-1] [32m	map_sliding_en: 1[0m
[navigation_runtime_node-1] [32m	local_map_size_i: 261 261  51[0m
[navigation_runtime_node-1] [32m	local_map_size_d: 52.2 52.2 10.2[0m
[navigation_runtime_node-1] [ProbMap] virtual_ceil_height: 4.6
[navigation_runtime_node-1] [ProbMap] virtual_ground_height: -0.4
[navigation_runtime_node-1] [33m -- [Prob-Map] Clear all local map.[0m
[navigation_runtime_node-1] [32m -- [ProbMap] Init successfully -- .[0m
[navigation_runtime_node-1] [32m	resolution: 0.2[0m
[navigation_runtime_node-1] [32m	map_sliding_en: 1[0m
[navigation_runtime_node-1] [32m	local_map_size_i: 251 251  41[0m
[navigation_runtime_node-1] [32m	local_map_size_d: 50.2 50.2  8.2[0m
[navigation_runtime_node-1] [INFO] [1788513184.515296993] [navigation_runtime_node]: planner backend decision_trace cycle=1 solve_generation=1 committed_generation=0 pinned_world_generation=2 pinned_world_revision=204 pinned_world_stamp_ns=23800000000 certificate_world_generation=0 certificate_world_revision=0 certificate_world_stamp_ns=0 cloud_stamp_ns=23800000000 corrected_stamp_ns=23800000000 propagated_stamp_ns=23888000000 state_age_ms=4.000 mode=PlanFromRest result=0 replan_code=3 commit_decision=1 solve_stage=5 solve_stage_name=backup solve_elapsed_ms=6.674 solve_deadline_exceeded=0 target=(0.00,0.00,3.00) planning_target=(3.00,0.00,3.00) goal_radius=0.700 goal_adjusted=1 target_grid=4 target_inf_grid=4 planning_target_grid=4 planning_target_inf_grid=4 committed_end=(0.00,0.00,0.00) endpoint_error=inf command=1 failure=0 exp_frontend_ms=0.527 exp_opt_ms=0.680 backup_frontend_ms=0.711 backup_opt_ms=0.000 robot_grid=4 robot_inf_grid=4 nearest_free_m=nan nearest_occ_m=nan nearest_occ=(nan,nan,nan)
[navigation_runtime_node-1] [INFO] [1788513184.515465190] [navigation_runtime_node]: planner_cycle_metrics cycles=1 commands=0 dropped_cloud=0 planner_cycle_ms=6.942 p50_ms=6.942 p95_ms=6.942 p99_ms=6.942 map_us=35549 planner_us=6674 publish_us=0 store_publish_us=0 transition_lock_us=0 input_lock_us=0 target=(0.00,0.00,3.00) robot=(-0.22,-0.23,2.90) committed_start=(0.00,0.00,0.00) committed_q1=(0.00,0.00,0.00) committed_mid=(0.00,0.00,0.00) committed_q3=(0.00,0.00,0.00) committed_end=(0.00,0.00,0.00) main_end=(0.00,0.00,0.00) backup_start=0.000 guide_end=(3.00,0.00,3.00) guide_bounds=[(-0.34,-0.37,2.84),(3.00,0.00,3.00)] committed_duration=0.000
[navigation_runtime_node-1] [INFO] [1788513184.714792649] [navigation_runtime_node]: planner backend decision_trace cycle=2 solve_generation=2 committed_generation=1 pinned_world_generation=2 pinned_world_revision=205 pinned_world_stamp_ns=23900000000 certificate_world_generation=2 certificate_world_revision=204 certificate_world_stamp_ns=23800000000 cloud_stamp_ns=23900000000 corrected_stamp_ns=23900000000 propagated_stamp_ns=24048000000 state_age_ms=4.000 mode=ReplanOnce result=0 replan_code=3 commit_decision=1 solve_stage=5 solve_stage_name=backup solve_elapsed_ms=6.209 solve_deadline_exceeded=0 target=(3.00,0.00,3.00) planning_target=(6.00,0.00,3.00) goal_radius=0.700 goal_adjusted=1 target_grid=4 target_inf_grid=4 planning_target_grid=4 planning_target_inf_grid=4 committed_end=(3.27,-0.00,3.00) endpoint_error=0.275 command=1 failure=0 exp_frontend_ms=0.839 exp_opt_ms=2.693 backup_frontend_ms=1.067 backup_opt_ms=0.000 robot_grid=4 robot_inf_grid=4 nearest_free_m=nan nearest_occ_m=nan nearest_occ=(nan,nan,nan)
[navigation_runtime_node-1] [INFO] [1788513185.208441135] [navigation_runtime_node]: execution timeline activated successor generation=2 at ns=24448000000
[navigation_runtime_node-1] [INFO] [1788513185.913883937] [navigation_runtime_node]: planner backend decision_trace cycle=6 solve_generation=3 committed_generation=2 pinned_world_generation=2 pinned_world_revision=215 pinned_world_stamp_ns=24900000000 certificate_world_generation=2 certificate_world_revision=205 certificate_world_stamp_ns=23900000000 cloud_stamp_ns=24900000000 corrected_stamp_ns=24900000000 propagated_stamp_ns=25008000000 state_age_ms=4.000 mode=ReplanOnce result=0 replan_code=3 commit_decision=1 solve_stage=5 solve_stage_name=backup solve_elapsed_ms=5.298 solve_deadline_exceeded=0 target=(3.00,0.00,3.00) planning_target=(6.00,0.00,3.00) goal_radius=0.700 goal_adjusted=1 target_grid=4 target_inf_grid=4 planning_target_grid=4 planning_target_inf_grid=4 committed_end=(6.25,0.00,3.00) endpoint_error=3.250 command=1 failure=0 exp_frontend_ms=1.056 exp_opt_ms=1.583 backup_frontend_ms=0.720 backup_opt_ms=0.001 robot_grid=4 robot_inf_grid=4 nearest_free_m=nan nearest_occ_m=nan nearest_occ=(nan,nan,nan)
[navigation_runtime_node-1] [INFO] [1788513185.914152751] [navigation_runtime_node]: planner_cycle_metrics cycles=6 commands=70 dropped_cloud=0 planner_cycle_ms=5.653 p50_ms=6.586 p95_ms=6.942 p99_ms=6.942 map_us=33576 planner_us=5298 publish_us=38 store_publish_us=39 transition_lock_us=0 input_lock_us=0 target=(3.00,0.00,3.00) robot=(-0.11,-0.01,2.97) committed_start=(-0.18,-0.17,2.94) committed_q1=(0.67,0.05,3.00) committed_mid=(3.04,0.04,3.00) committed_q3=(5.27,0.00,3.00) committed_end=(6.25,0.00,3.00) main_end=(5.75,0.00,3.00) backup_start=2.759 guide_end=(6.00,0.00,3.00) guide_bounds=[(0.99,0.00,3.00),(6.00,0.06,3.00)] committed_duration=3.337
[navigation_runtime_node-1] [INFO] [1788513186.408443589] [navigation_runtime_node]: execution timeline activated successor generation=3 at ns=25408000000
[navigation_runtime_node-1] [planner INFO]  -- [Astar] selected certified constant mission-altitude route altitude=3 start_altitude=2.8980581883186476 points=4
[navigation_runtime_node-1] [planner INFO]  -- [planner] pass-through lookahead input active goal=(0, 0, 3) next=(3, 0, 3) guide_end=(0, 0, 3) guide_error=0
[navigation_runtime_node-1] [planner INFO]  -- [Astar] selected certified constant mission-altitude route altitude=3 start_altitude=3 points=14
[navigation_runtime_node-1] [planner INFO]  -- [planner] pass-through route lookahead distance=2.475 required=3.000 complete=false terminal_speed_cap=2.940 remaining_horizon=19.665 corner=true
[navigation_runtime_node-1] [planner INFO]  -- [planner] inserted route-boundary junction index=2 radius=0.7 overlap_depth=0.40414518843273806
[navigation_runtime_node-1] [planner INFO]  -- [planner] pass-through corner terminal speed cap=2.898 preferred=1.497
[navigation_runtime_node-1] [planner INFO]  -- [ExpOpt] route-boundary seed cell=1 point=(0, 0, 3) junction=(0, 0, 3) distance=0
[navigation_runtime_node-1] [planner INFO]  -- [ExpOpt] complete baseline requested; returning certified nominal seed before optional refinement duration=7.546079905236478
[navigation_runtime_node-1] [planner INFO]  -- [planner] in [PlanFromRest] GenerateExpTrajectory SUCCESS.
[navigation_runtime_node-1] [planner INFO]  -- [planner] visible MAIN requires certified backup suffix instead of main-only command terminal_stop=0 terminal_rest=0
[navigation_runtime_node-1] [planner INFO]  -- [planner] selected braking-hull-aligned backup SFC switch_t=7.421289667836152 duration=0.6168162041666664 endpoint=(3.274903443614055, -3.5385803560934563e-06, 3)
[navigation_runtime_node-1] [planner WARN]  -- [planner] backup refinement failed; using certified minimum-snap seed backup_refinement_success=0 backup_refinement_fallback=1
[navigation_runtime_node-1] [planner INFO]  -- [Astar] selected certified constant mission-altitude route altitude=3 start_altitude=3.000002964989649 points=3
[navigation_runtime_node-1] [planner INFO]  -- [Astar] selected certified constant mission-altitude route altitude=3 start_altitude=3 points=16
[navigation_runtime_node-1] [planner INFO]  -- [planner] pass-through route lookahead distance=3.000 required=3.000 complete=true terminal_speed_cap=2.940 remaining_horizon=16.741 corner=false
[navigation_runtime_node-1] [planner INFO]  -- [planner] inserted route-boundary junction index=17 radius=0.7 overlap_depth=0.4041451884327381
[navigation_runtime_node-1] [planner INFO]  -- [ExpOpt] route-boundary seed cell=2 point=(3, 0, 3) junction=(3, 0, 3) distance=0
[navigation_runtime_node-1] [planner INFO]  -- [planner] visible MAIN requires certified backup suffix instead of main-only command terminal_stop=0 terminal_rest=0
[navigation_runtime_node-1] [planner INFO]  -- [planner] selected braking-hull-aligned backup SFC switch_t=2.758532918249237 duration=0.5783623516283749 endpoint=(6.249846806207614, 1.6238113568698624e-05, 3)
[navigation_runtime_node-1] [planner WARN]  -- [planner] backup refinement failed; using certified minimum-snap seed backup_refinement_success=0 backup_refinement_fallback=2
[navigation_runtime_node-1] [planner WARN]  -- [planner] bounded propagated derivative estimates: acceleration=1.7683392469517054/12 jerk=77.3209452291817/30; raw estimates remain in runtime diagnostics
[navigation_runtime_node-1] [planner INFO]  -- [Astar] selected certified constant mission-altitude route altitude=3 start_altitude=2.9990557924113856 points=6
[navigation_runtime_node-1] [planner INFO]  -- [Astar] selected certified constant mission-altitude route altitude=3 start_altitude=3 points=14
[navigation_runtime_node-1] [planner INFO]  -- [planner] pass-through route lookahead distance=2.475 required=3.000 complete=false terminal_speed_cap=2.210 remaining_horizon=16.204 corner=true
[navigation_runtime_node-1] [planner INFO]  -- [planner] inserted route-boundary junction index=17 radius=0.7 overlap_depth=0.4041451884327381
[navigation_runtime_node-1] [planner INFO]  -- [planner] pass-through corner terminal speed cap=2.898 preferred=2.898
[navigation_runtime_node-1] [planner INFO]  -- [ExpOpt] route-boundary seed cell=1 point=(3, 0, 3) junction=(3, 0, 3) distance=0
[navigation_runtime_node-1] [planner INFO]  -- [planner] visible MAIN requires certified backup suffix instead of main-only command terminal_stop=0 terminal_rest=0
[navigation_runtime_node-1] [planner INFO]  -- [planner] selected braking-hull-aligned backup SFC switch_t=1.6562544319248225 duration=0.6552694222895421 endpoint=(6.314349400103088, 0.00011136179138646648, 3)
[navigation_runtime_node-1] [planner WARN]  -- [planner] backup refinement failed; using certified minimum-snap seed backup_refinement_success=0 backup_refinement_fallback=3
[navigation_runtime_node-1] [INFO] [1788513186.513421493] [navigation_runtime_node]: planner backend decision_trace cycle=7 solve_generation=4 committed_generation=3 pinned_world_generation=2 pinned_world_revision=220 pinned_world_stamp_ns=25400000000 certificate_world_generation=2 certificate_world_revision=215 certificate_world_stamp_ns=24900000000 cloud_stamp_ns=25400000000 corrected_stamp_ns=25400000000 propagated_stamp_ns=25488000000 state_age_ms=4.000 mode=ReplanOnce result=0 replan_code=3 commit_decision=1 solve_stage=5 solve_stage_name=backup solve_elapsed_ms=4.816 solve_deadline_exceeded=0 target=(3.00,0.00,3.00) planning_target=(6.00,0.00,3.00) goal_radius=0.700 goal_adjusted=1 target_grid=4 target_inf_grid=4 planning_target_grid=4 planning_target_inf_grid=4 committed_end=(6.31,0.00,3.00) endpoint_error=3.314 command=1 failure=0 exp_frontend_ms=1.583 exp_opt_ms=0.802 backup_frontend_ms=0.577 backup_opt_ms=0.000 robot_grid=4 robot_inf_grid=4 nearest_free_m=nan nearest_occ_m=nan nearest_occ=(nan,nan,nan)
[navigation_runtime_node-1] [planner INFO]  -- [Astar] selected certified constant mission-altitude route altitude=3 start_altitude=2.9999316004171295 points=12
[navigation_runtime_node-1] [planner INFO]  -- [Astar] selected certified constant mission-altitude route altitude=3 start_altitude=3 points=14
[navigation_runtime_node-1] [planner INFO]  -- [planner] pass-through route lookahead distance=2.475 required=3.000 complete=false terminal_speed_cap=2.210 remaining_horizon=15.001 corner=true
[navigation_runtime_node-1] [planner INFO]  -- [planner] inserted route-boundary junction index=17 radius=0.7 overlap_depth=0.4041451884327381
[navigation_runtime_node-1] [planner INFO]  -- [planner] pass-through corner terminal speed cap=2.898 preferred=2.898
[navigation_runtime_node-1] [planner INFO]  -- [ExpOpt] route-boundary seed cell=1 point=(3, 0, 3) junction=(3, 0, 3) distance=0
[navigation_runtime_node-1] [planner WARN]  -- [ExpOpt] corridor-contained seed failed: stage=3 piece=0 control=3 plane=0 violation_m=0.05943721795648216
[navigation_runtime_node-1] [planner INFO]  -- [planner] visible MAIN requires certified backup suffix instead of main-only command terminal_stop=0 terminal_rest=0
[navigation_runtime_node-1] [planner INFO]  -- [planner] selected braking-hull-aligned backup SFC switch_t=2.5480051168619315 duration=0.657001830418985 endpoint=(6.315472266574628, -7.1652090523404105e-06, 3)
[navigation_runtime_node-1] [planner WARN]  -- [planner] backup refinement failed; using certified minimum-snap seed backup_refinement_success=0 backup_refinement_fallback=4
[navigation_runtime_node-1] [INFO] [1788513187.008437350] [navigation_runtime_node]: execution timeline activated successor generation=4 at ns=25888000000
[navigation_runtime_node-1] [INFO] [1788513187.114158943] [navigation_runtime_node]: planner backend decision_trace cycle=8 solve_generation=5 committed_generation=4 pinned_world_generation=2 pinned_world_revision=225 pinned_world_stamp_ns=25900000000 certificate_world_generation=2 certificate_world_revision=220 certificate_world_stamp_ns=25400000000 cloud_stamp_ns=25900000000 corrected_stamp_ns=25900000000 propagated_stamp_ns=25968000000 state_age_ms=4.000 mode=ReplanOnce result=0 replan_code=3 commit_decision=1 solve_stage=5 solve_stage_name=backup solve_elapsed_ms=5.511 solve_deadline_exceeded=0 target=(6.00,0.00,3.00) planning_target=(7.00,0.00,3.00) goal_radius=0.700 goal_adjusted=1 target_grid=4 target_inf_grid=4 planning_target_grid=4 planning_target_inf_grid=4 committed_end=(6.32,-0.00,3.00) endpoint_error=0.315 command=1 failure=0 exp_frontend_ms=1.101 exp_opt_ms=1.363 backup_frontend_ms=0.738 backup_opt_ms=0.000 robot_grid=4 robot_inf_grid=4 nearest_free_m=nan nearest_occ_m=nan nearest_occ=(nan,nan,nan)
[navigation_runtime_node-1] [INFO] [1788513187.114358557] [navigation_runtime_node]: planner_cycle_metrics cycles=8 commands=130 dropped_cloud=0 planner_cycle_ms=5.817 p50_ms=5.817 p95_ms=6.942 p99_ms=6.942 map_us=50459 planner_us=5511 publish_us=41 store_publish_us=42 transition_lock_us=0 input_lock_us=0 target=(6.00,0.00,3.00) robot=(2.55,0.06,2.90) committed_start=(2.37,0.05,3.00) committed_q1=(3.78,0.00,3.00) committed_mid=(3.50,-0.01,3.00) committed_q3=(5.26,-0.00,3.00) committed_end=(6.32,-0.00,3.00) main_end=(5.59,-0.00,3.00) backup_start=2.548 guide_end=(7.00,0.00,3.00) guide_bounds=[(3.41,-0.01,3.00),(7.00,0.02,3.00)] committed_duration=3.205
[navigation_runtime_node-1] [INFO] [1788513187.608435538] [navigation_runtime_node]: execution timeline activated successor generation=5 at ns=26368000000
[navigation_runtime_node-1] [INFO] [1788513187.714757421] [navigation_runtime_node]: planner backend decision_trace cycle=9 solve_generation=6 committed_generation=5 pinned_world_generation=2 pinned_world_revision=229 pinned_world_stamp_ns=26300000000 certificate_world_generation=2 certificate_world_revision=225 certificate_world_stamp_ns=25900000000 cloud_stamp_ns=26300000000 corrected_stamp_ns=26300000000 propagated_stamp_ns=26448000000 state_age_ms=4.000 mode=ReplanOnce result=0 replan_code=3 commit_decision=1 solve_stage=5 solve_stage_name=backup solve_elapsed_ms=6.144 solve_deadline_exceeded=0 target=(6.00,0.00,3.00) planning_target=(7.00,0.00,3.00) goal_radius=0.700 goal_adjusted=1 target_grid=4 target_inf_grid=4 planning_target_grid=4 planning_target_inf_grid=4 committed_end=(7.31,-0.00,3.00) endpoint_error=1.305 command=1 failure=0 exp_frontend_ms=1.384 exp_opt_ms=2.240 backup_frontend_ms=1.176 backup_opt_ms=0.001 robot_grid=4 robot_inf_grid=4 nearest_free_m=nan nearest_occ_m=nan nearest_occ=(nan,nan,nan)
[navigation_runtime_node-1] [INFO] [1788513188.208438184] [navigation_runtime_node]: execution timeline activated successor generation=6 at ns=26848000000
[navigation_runtime_node-1] [WARN] [1788513188.309626668] [navigation_runtime_node]: one-shot emergency altitude anchor measured=3.068 command=3.000 terminal=3.000 limit=0.250
[navigation_runtime_node-1] [WARN] [1788513188.310683103] [navigation_runtime_node]: planner backend replaced the exceeded-anchor command with one measured-state emergency brake
[navigation_runtime_node-1] [WARN] [1788513188.310697301] [navigation_runtime_node]: planner backend hot replan failed (4); retaining visible committed trajectory backup=1 elapsed=0.080 backup_start=1.449 end=1.880 anchor_error=0.517 projected_anchor_error=0.872 relative_anchor_speed=1.774 tracking_limit=0.250
[navigation_runtime_node-1] [INFO] [1788513188.310718525] [navigation_runtime_node]: planner backend decision_trace cycle=10 solve_generation=7 committed_generation=7 pinned_world_generation=2 pinned_world_revision=234 pinned_world_stamp_ns=26800000000 certificate_world_generation=2 certificate_world_revision=234 certificate_world_stamp_ns=26800000000 cloud_stamp_ns=26800000000 corrected_stamp_ns=26800000000 propagated_stamp_ns=26928000000 state_age_ms=0.000 mode=ReplanOnce result=4 replan_code=3 commit_decision=1 solve_stage=5 solve_stage_name=backup solve_elapsed_ms=0.022 solve_deadline_exceeded=0 target=(6.00,0.00,3.00) planning_target=(7.00,0.00,3.00) goal_radius=0.700 goal_adjusted=1 target_grid=4 target_inf_grid=4 planning_target_grid=4 planning_target_inf_grid=4 committed_end=(3.86,-0.09,3.00) endpoint_error=2.137 command=1 failure=0 exp_frontend_ms=1.384 exp_opt_ms=2.240 backup_frontend_ms=1.176 backup_opt_ms=0.001 robot_grid=4 robot_inf_grid=4 nearest_free_m=nan nearest_occ_m=nan nearest_occ=(nan,nan,nan)
[navigation_runtime_node-1] [INFO] [1788513188.310780181] [navigation_runtime_node]: planner backend commit_trace generation=7 previous_generation=6 start_wall_time=26.928000000 execution_stamp_ns=26928000000 execution_age_at_solve_ms=0.000 execution_age_at_trace_ms=0.000 execution_p=[4.344705,-0.137660,3.068011] execution_v=[-1.353559,0.121727,-0.656242] candidate_start_p=[4.344705,-0.137660,3.068011] candidate_start_v=[-1.353559,0.121727,-0.656242] previous_valid=1 candidate_start_a=[0.000000,0.000000,0.000000] candidate_start_j=[0.000000,0.000000,0.000000] previous_sample_tt=0.080000 splice_p=0.516874 splice_v=1.773546 splice_a=2.803511 splice_j=14.718913 splice_yaw=-0.013686 splice_yaw_rate=-0.000000
[navigation_runtime_node-1] [INFO] [1788513188.311024605] [navigation_runtime_node]: planner_cycle_metrics cycles=10 commands=190 dropped_cloud=0 planner_cycle_ms=2.452 p50_ms=5.817 p95_ms=6.942 p99_ms=6.942 map_us=34473 planner_us=22 publish_us=59 store_publish_us=60 transition_lock_us=0 input_lock_us=0 target=(6.00,0.00,3.00) robot=(4.34,-0.14,3.07) committed_start=(4.34,-0.14,3.07) committed_q1=(4.11,-0.12,2.97) committed_mid=(3.94,-0.10,2.95) committed_q3=(3.87,-0.10,2.99) committed_end=(3.86,-0.09,3.00) main_end=(4.34,-0.14,3.07) backup_start=0.000 guide_end=(7.00,0.00,3.00) guide_bounds=[(3.83,-0.01,3.00),(7.00,0.00,3.00)] committed_duration=0.709
[navigation_runtime_node-1] [INFO] [1788513189.206627992] [navigation_runtime_node]: retaining expired recovery endpoint generation=7 as bounded STOPPED_HOLD endpoint=(3.865,-0.094,3.000)
[navigation_runtime_node-1] [INFO] [1788513189.334645450] [navigation_runtime_node]: retaining expired recovery endpoint generation=7 as bounded STOPPED_HOLD endpoint=(3.865,-0.094,3.000)
[navigation_runtime_node-1] [INFO] [1788513189.454023844] [navigation_runtime_node]: retaining expired recovery endpoint generation=7 as bounded STOPPED_HOLD endpoint=(3.865,-0.094,3.000)
[navigation_runtime_node-1] [INFO] [1788513189.578253400] [navigation_runtime_node]: retaining expired recovery endpoint generation=7 as bounded STOPPED_HOLD endpoint=(3.865,-0.094,3.000)
[navigation_runtime_node-1] [INFO] [1788513189.709616445] [navigation_runtime_node]: retaining expired recovery endpoint generation=7 as bounded STOPPED_HOLD endpoint=(3.865,-0.094,3.000)
[navigation_runtime_node-1] [INFO] [1788513189.829017777] [navigation_runtime_node]: retaining expired recovery endpoint generation=7 as bounded STOPPED_HOLD endpoint=(3.865,-0.094,3.000)
[navigation_runtime_node-1] [INFO] [1788513189.953121505] [navigation_runtime_node]: retaining expired recovery endpoint generation=7 as bounded STOPPED_HOLD endpoint=(3.865,-0.094,3.000)
[navigation_runtime_node-1] [INFO] [1788513190.081976090] [navigation_runtime_node]: retaining expired recovery endpoint generation=7 as bounded STOPPED_HOLD endpoint=(3.865,-0.094,3.000)
[navigation_runtime_node-1] [INFO] [1788513190.213757293] [navigation_runtime_node]: retaining expired recovery endpoint generation=7 as bounded STOPPED_HOLD endpoint=(3.865,-0.094,3.000)
[navigation_runtime_node-1] [INFO] [1788513190.337205923] [navigation_runtime_node]: retaining expired recovery endpoint generation=7 as bounded STOPPED_HOLD endpoint=(3.865,-0.094,3.000)
[navigation_runtime_node-1] [INFO] [1788513190.461585278] [navigation_runtime_node]: retaining expired recovery endpoint generation=7 as bounded STOPPED_HOLD endpoint=(3.865,-0.094,3.000)
[navigation_runtime_node-1] [INFO] [1788513190.594437711] [navigation_runtime_node]: retaining expired recovery endpoint generation=7 as bounded STOPPED_HOLD endpoint=(3.865,-0.094,3.000)
[navigation_runtime_node-1] [INFO] [1788513190.728149451] [navigation_runtime_node]: retaining expired recovery endpoint generation=7 as bounded STOPPED_HOLD endpoint=(3.865,-0.094,3.000)
[navigation_runtime_node-1] [INFO] [1788513190.830844186] [navigation_runtime_node]: retaining expired recovery endpoint generation=7 as bounded STOPPED_HOLD endpoint=(3.865,-0.094,3.000)
[navigation_runtime_node-1] [INFO] [1788513191.087504073] [navigation_runtime_node]: retaining expired recovery endpoint generation=7 as bounded STOPPED_HOLD endpoint=(3.865,-0.094,3.000)
[navigation_runtime_node-1] [INFO] [1788513191.216789119] [navigation_runtime_node]: retaining expired recovery endpoint generation=7 as bounded STOPPED_HOLD endpoint=(3.865,-0.094,3.000)
[navigation_runtime_node-1] [INFO] [1788513191.329685864] [navigation_runtime_node]: retaining expired recovery endpoint generation=7 as bounded STOPPED_HOLD endpoint=(3.865,-0.094,3.000)
[navigation_runtime_node-1] [INFO] [1788513191.459483099] [navigation_runtime_node]: retaining expired recovery endpoint generation=7 as bounded STOPPED_HOLD endpoint=(3.865,-0.094,3.000)
[navigation_runtime_node-1] [INFO] [1788513191.584070248] [navigation_runtime_node]: retaining expired recovery endpoint generation=7 as bounded STOPPED_HOLD endpoint=(3.865,-0.094,3.000)
[navigation_runtime_node-1] [planner INFO]  -- [Astar] selected certified constant mission-altitude route altitude=3 start_altitude=3.0000003490241194 points=3
[navigation_runtime_node-1] [planner INFO]  -- [Astar] selected certified constant mission-altitude route altitude=3 start_altitude=3 points=4
[navigation_runtime_node-1] [planner INFO]  -- [planner] pass-through route lookahead distance=0.475 required=1.000 complete=false terminal_speed_cap=2.076 remaining_horizon=16.422 corner=true
[navigation_runtime_node-1] [planner INFO]  -- [planner] inserted route-boundary junction index=18 radius=0.7 overlap_depth=0.4041451884327379
[navigation_runtime_node-1] [planner INFO]  -- [planner] pass-through corner terminal speed cap=2.898 preferred=3.376
[navigation_runtime_node-1] [planner INFO]  -- [ExpOpt] route-boundary seed cell=1 point=(6, 0, 3) junction=(6, 0, 3) distance=0
[navigation_runtime_node-1] [planner INFO]  -- [planner] visible MAIN requires certified backup suffix instead of main-only command terminal_stop=0 terminal_rest=0
[navigation_runtime_node-1] [planner INFO]  -- [planner] selected braking-hull-aligned backup SFC switch_t=1.9044119728647575 duration=0.6429490374518891 endpoint=(7.305293168537776, -7.001150410579834e-05, 3)
[navigation_runtime_node-1] [planner WARN]  -- [planner] backup refinement failed; using certified minimum-snap seed backup_refinement_success=0 backup_refinement_fallback=5
[navigation_runtime_node-1] [planner INFO]  -- [Astar] selected certified constant mission-altitude route altitude=3 start_altitude=3.0000014850001797 points=5
[navigation_runtime_node-1] [planner INFO]  -- [Astar] selected certified constant mission-altitude route altitude=3 start_altitude=3 points=4
[navigation_runtime_node-1] [planner INFO]  -- [planner] pass-through route lookahead distance=0.475 required=1.000 complete=false terminal_speed_cap=0.579 remaining_horizon=16.379 corner=true
[navigation_runtime_node-1] [planner INFO]  -- [planner] inserted route-boundary junction index=16 radius=0.7 overlap_depth=0.4041451884327379
[navigation_runtime_node-1] [planner INFO]  -- [planner] pass-through corner terminal speed cap=2.898 preferred=2.765
[navigation_runtime_node-1] [planner INFO]  -- [ExpOpt] route-boundary seed cell=1 point=(6, 0, 3) junction=(6, 0, 3) distance=0
[navigation_runtime_node-1] [planner INFO]  -- [planner] visible MAIN requires certified backup suffix instead of main-only command terminal_stop=0 terminal_rest=0
[navigation_runtime_node-1] [planner INFO]  -- [planner] selected braking-hull-aligned backup SFC switch_t=1.4492625391707026 duration=0.4307628943080488 endpoint=(6.863780296132329, -5.534770274946452e-06, 3)
[navigation_runtime_node-1] [planner WARN]  -- [planner] backup refinement failed; using certified minimum-snap seed backup_refinement_success=0 backup_refinement_fallback=6
[navigation_runtime_node-1] [planner WARN]  -- [planner] committed command-continuous emergency brake: initial_speed=1.509169652026995 speed_limit=3 initial_overspeed=false duration=0.7093386347916663 distance=0.4867420196549213 peak_vel=1.509169652026995 peak_acc=4.658967607839165 peak_jerk=29.03798573226067
[navigation_runtime_node-1] [INFO] [1788513191.710215175] [navigation_runtime_node]: retaining expired recovery endpoint generation=7 as bounded STOPPED_HOLD endpoint=(3.865,-0.094,3.000)
[navigation_runtime_node-1] [INFO] [1788513191.832094119] [navigation_runtime_node]: retaining expired recovery endpoint generation=7 as bounded STOPPED_HOLD endpoint=(3.865,-0.094,3.000)
[navigation_runtime_node-1] [INFO] [1788513191.972500891] [navigation_runtime_node]: retaining expired recovery endpoint generation=7 as bounded STOPPED_HOLD endpoint=(3.865,-0.094,3.000)
[navigation_runtime_node-1] [INFO] [1788513192.086831334] [navigation_runtime_node]: retaining expired recovery endpoint generation=7 as bounded STOPPED_HOLD endpoint=(3.865,-0.094,3.000)
[navigation_runtime_node-1] [WARN] [1788513192.108510669] [navigation_runtime_node]: emergency brake reached a certified stop; replanning the active waypoint from measured state instead of treating the safety endpoint as terminal
[navigation_runtime_node-1] [INFO] [1788513192.108533457] [navigation_runtime_node]: planner backend trajectory completion observed reaches_goal=0 endpoint_error=2.137 measured_goal_error=2.517 goal=(6.00,0.00,3.00)
[navigation_runtime_node-1] [INFO] [1788513192.108538308] [navigation_runtime_node]: planner backend finite trajectory requires continuation; restarting PlanFromRest pass_through=1 goal=(6.00,0.00,3.00) vehicle=(3.49,-0.14,2.87)
[navigation_runtime_node-1] [INFO] [1788513192.112943596] [navigation_runtime_node]: planner backend decision_trace cycle=29 solve_generation=8 committed_generation=7 pinned_world_generation=2 pinned_world_revision=264 pinned_world_stamp_ns=29900000000 certificate_world_generation=2 certificate_world_revision=234 certificate_world_stamp_ns=26800000000 cloud_stamp_ns=29900000000 corrected_stamp_ns=29900000000 propagated_stamp_ns=29968000000 state_age_ms=4.000 mode=PlanFromRest result=0 replan_code=3 commit_decision=1 solve_stage=5 solve_stage_name=backup solve_elapsed_ms=4.384 solve_deadline_exceeded=0 target=(6.00,0.00,3.00) planning_target=(7.00,0.00,3.00) goal_radius=0.700 goal_adjusted=1 target_grid=4 target_inf_grid=4 planning_target_grid=4 planning_target_inf_grid=4 committed_end=(3.86,-0.09,3.00) endpoint_error=2.137 command=1 failure=0 exp_frontend_ms=0.392 exp_opt_ms=1.773 backup_frontend_ms=0.651 backup_opt_ms=0.000 robot_grid=4 robot_inf_grid=4 nearest_free_m=nan nearest_occ_m=nan nearest_occ=(nan,nan,nan)
[navigation_runtime_node-1] [INFO] [1788513192.113092786] [navigation_runtime_node]: planner_cycle_metrics cycles=29 commands=380 dropped_cloud=0 planner_cycle_ms=4.634 p50_ms=5.817 p95_ms=6.942 p99_ms=6.942 map_us=29927 planner_us=4384 publish_us=39 store_publish_us=39 transition_lock_us=0 input_lock_us=0 target=(6.00,0.00,3.00) robot=(3.49,-0.14,2.87) committed_start=(4.34,-0.14,3.07) committed_q1=(4.11,-0.12,2.97) committed_mid=(3.94,-0.10,2.95) committed_q3=(3.87,-0.10,2.99) committed_end=(3.86,-0.09,3.00) main_end=(4.34,-0.14,3.07) backup_start=0.000 guide_end=(7.00,0.00,3.00) guide_bounds=[(3.49,-0.14,2.87),(7.00,0.00,3.00)] committed_duration=0.709
[navigation_runtime_node-1] [WARN] [1788513192.915667082] [navigation_runtime_node]: planner backend hot replan failed (4); retaining visible committed trajectory backup=1 elapsed=0.644 backup_start=1.600 end=2.443 anchor_error=0.192 projected_anchor_error=0.391 relative_anchor_speed=0.999 tracking_limit=0.250
[navigation_runtime_node-1] [INFO] [1788513192.915722059] [navigation_runtime_node]: planner backend decision_trace cycle=33 solve_generation=10 committed_generation=8 pinned_world_generation=2 pinned_world_revision=270 pinned_world_stamp_ns=30500000000 certificate_world_generation=2 certificate_world_revision=264 certificate_world_stamp_ns=29900000000 cloud_stamp_ns=30500000000 corrected_stamp_ns=30500000000 propagated_stamp_ns=30608000000 state_age_ms=4.000 mode=ReplanOnce result=4 replan_code=-8 commit_decision=0 solve_stage=5 solve_stage_name=backup solve_elapsed_ms=5.629 solve_deadline_exceeded=0 target=(6.00,0.00,3.00) planning_target=(7.00,0.00,3.00) goal_radius=0.700 goal_adjusted=1 target_grid=4 target_inf_grid=4 planning_target_grid=4 planning_target_inf_grid=4 committed_end=(7.52,-0.00,3.00) endpoint_error=1.519 command=1 failure=0 exp_frontend_ms=1.409 exp_opt_ms=0.795 backup_frontend_ms=0.651 backup_opt_ms=0.000 robot_grid=4 robot_inf_grid=4 nearest_free_m=nan nearest_occ_m=nan nearest_occ=(nan,nan,nan)
[navigation_runtime_node-1] [WARN] [1788513194.217529865] [navigation_runtime_node]: retaining pending navigation goal request=5 while safety suffix drains accepted=1
[navigation_runtime_node-1] [WARN] [1788513194.238464379] [navigation_runtime_node]: retaining terminal status for pending request=5 while safety suffix drains
[navigation_runtime_node-1] [ERROR] [1788513195.128493135] [navigation_runtime_node]: planner backend planner watchdog timed out generation=12 age=1.020 s stage=-1 points=0; preserving certified safety suffix=1
[navigation_runtime_node-1] [ERROR] [1788513195.168483614] [navigation_runtime_node]: execution boundary rejected planned STOPPED_HOLD endpoint known_free=1 near_execution=0
[navigation_runtime_node-1] [ERROR] [1788513195.168556548] [navigation_runtime_node]: publishing rejected command planner_failed=1 planner_available=1 sampled_valid=0 sampled_bundle=1 generation=8 role=0 safety_suffix=0 execution_freshness=1
[navigation_runtime_node-1] [INFO] [1788513195.308525949] [navigation_runtime_node]: certified BACKUP endpoint is outside waypoint acceptance; waiting for measured stop before PlanFromRest
[navigation_runtime_node-1] [WARN] [1788513195.360628790] [navigation_runtime_node]: active generation=8 failed full immutable candidate revalidation failure=1 blocked_role=0 samples=0
[navigation_runtime_node-1] [ERROR] [1788513196.428454188] [navigation_runtime_node]: publishing rejected command planner_failed=1 planner_available=0 sampled_valid=0 sampled_bundle=0 generation=0 role=0 safety_suffix=0 execution_freshness=1
[navigation_runtime_node-1] [planner INFO]  -- [Astar] selected certified constant mission-altitude route altitude=3 start_altitude=2.8738035080015996 points=15
[navigation_runtime_node-1] [planner INFO]  -- [planner] pass-through lookahead input active goal=(6, 0, 3) next=(7, 0, 3) guide_end=(6, 0, 3) guide_error=0
[navigation_runtime_node-1] [planner INFO]  -- [Astar] selected certified constant mission-altitude route altitude=3 start_altitude=3 points=6
[navigation_runtime_node-1] [planner INFO]  -- [planner] pass-through route lookahead distance=1.000 required=1.000 complete=true terminal_speed_cap=2.940 remaining_horizon=17.483 corner=false
[navigation_runtime_node-1] [planner INFO]  -- [planner] inserted route-boundary junction index=1 radius=0.7 overlap_depth=0.4041451884327379
[navigation_runtime_node-1] [planner INFO]  -- [ExpOpt] route-boundary seed cell=1 point=(6, 0, 3) junction=(6, 0, 3) distance=0
[navigation_runtime_node-1] [planner WARN]  -- [ExpOpt] complete baseline has no certified deterministic seed; falling back to bounded certified optimizer seed_stage=5
[navigation_runtime_node-1] [planner INFO]  -- [planner] in [PlanFromRest] GenerateExpTrajectory SUCCESS.
[navigation_runtime_node-1] [planner INFO]  -- [planner] visible MAIN requires certified backup suffix instead of main-only command terminal_stop=0 terminal_rest=0
[navigation_runtime_node-1] [planner INFO]  -- [planner] selected braking-hull-aligned backup SFC switch_t=1.6000539211773868 duration=0.8426802321381281 endpoint=(7.519268942467629, -0.0019307877071840732, 3)
[navigation_runtime_node-1] [planner WARN]  -- [planner] backup refinement failed; using certified minimum-snap seed backup_refinement_success=0 backup_refinement_fallback=7
[navigation_runtime_node-1] [planner INFO]  -- [Astar] selected certified constant mission-altitude route altitude=3 start_altitude=2.9998705295225037 points=9
[navigation_runtime_node-1] [planner INFO]  -- [Astar] selected certified constant mission-altitude route altitude=3 start_altitude=3 points=4
[navigation_runtime_node-1] [planner INFO]  -- [planner] pass-through route lookahead distance=0.475 required=1.000 complete=false terminal_speed_cap=0.351 remaining_horizon=15.798 corner=true
[navigation_runtime_node-1] [planner INFO]  -- [planner] inserted route-boundary junction index=16 radius=0.7 overlap_depth=0.4041451884327379
[navigation_runtime_node-1] [planner INFO]  -- [planner] pass-through corner terminal speed cap=2.898 preferred=2.898
[navigation_runtime_node-1] [planner INFO]  -- [ExpOpt] route-boundary seed cell=1 point=(6, 0, 3) junction=(6, 0, 3) distance=0
[navigation_runtime_node-1] [planner WARN]  -- [ExpOpt] refinement cancelled after certified seed; returning immutable seed duration=9.586506441445614
[navigation_runtime_node-1] [planner INFO]  -- [planner] visible MAIN requires certified backup suffix instead of main-only command terminal_stop=0 terminal_rest=0
[navigation_runtime_node-1] [planner WARN]  -- [planner] no dynamically feasible KNOWN_FREE minimum-snap backup hull inside SFC candidates=133 feasible_seeds=133 visibility_hull_pass=0 aligned_sfc_built=0 aligned_hull_pass=0 known_free_checks=0 known_free_pass=0 last_reject_stage=aligned_sfc last_known_free_failure=0 last_known_free_cell=0 last_known_free_blocked_role=0 last_known_free_tt=nan last_known_free_position=(nan, nan, nan) last_seed_switch=0.8 last_seed_duration=0.46640166666666655 last_seed_v=0.437707980230486 last_seed_a=3.0861216617238196 last_seed_j=29.492173143023237 last_seed_endpoint=(5.872226084136228, -0.00635584594264707, 2.9999999999999996)
[navigation_runtime_node-1] [planner WARN]  -- [planner] in [ReplanOnce]: backup result is not executable; leaving CmdTraj unchanged
[navigation_runtime_node-1] [INFO] [1788513196.708551725] [navigation_runtime_node]: certified BACKUP endpoint is outside waypoint acceptance; waiting for measured stop before PlanFromRest
[navigation_runtime_node-1] [ERROR] [1788513197.688477879] [navigation_runtime_node]: publishing rejected command planner_failed=1 planner_available=0 sampled_valid=0 sampled_bundle=0 generation=0 role=0 safety_suffix=0 execution_freshness=1
[navigation_runtime_node-1] [INFO] [1788513198.108554343] [navigation_runtime_node]: certified BACKUP endpoint is outside waypoint acceptance; waiting for measured stop before PlanFromRest
[navigation_runtime_node-1] [ERROR] [1788513198.948462981] [navigation_runtime_node]: publishing rejected command planner_failed=1 planner_available=0 sampled_valid=0 sampled_bundle=0 generation=0 role=0 safety_suffix=0 execution_freshness=1
[navigation_runtime_node-1] [INFO] [1788513199.508532930] [navigation_runtime_node]: certified BACKUP endpoint is outside waypoint acceptance; waiting for measured stop before PlanFromRest
[navigation_runtime_node-1] [ERROR] [1788513200.208441125] [navigation_runtime_node]: publishing rejected command planner_failed=1 planner_available=0 sampled_valid=0 sampled_bundle=0 generation=0 role=0 safety_suffix=0 execution_freshness=1
[navigation_runtime_node-1] [INFO] [1788513200.908531313] [navigation_runtime_node]: certified BACKUP endpoint is outside waypoint acceptance; waiting for measured stop before PlanFromRest
[navigation_runtime_node-1] [ERROR] [1788513201.468472369] [navigation_runtime_node]: publishing rejected command planner_failed=1 planner_available=0 sampled_valid=0 sampled_bundle=0 generation=0 role=0 safety_suffix=0 execution_freshness=1
[navigation_runtime_node-1] [INFO] [1788513202.308528899] [navigation_runtime_node]: certified BACKUP endpoint is outside waypoint acceptance; waiting for measured stop before PlanFromRest
[navigation_runtime_node-1] [ERROR] [1788513202.728428589] [navigation_runtime_node]: publishing rejected command planner_failed=1 planner_available=0 sampled_valid=0 sampled_bundle=0 generation=0 role=0 safety_suffix=0 execution_freshness=1
[navigation_runtime_node-1] [INFO] [1788513203.708534614] [navigation_runtime_node]: certified BACKUP endpoint is outside waypoint acceptance; waiting for measured stop before PlanFromRest
[navigation_runtime_node-1] [ERROR] [1788513203.988464188] [navigation_runtime_node]: publishing rejected command planner_failed=1 planner_available=0 sampled_valid=0 sampled_bundle=0 generation=0 role=0 safety_suffix=0 execution_freshness=1
[navigation_runtime_node-1] [INFO] [1788513205.108516902] [navigation_runtime_node]: certified BACKUP endpoint is outside waypoint acceptance; waiting for measured stop before PlanFromRest
[navigation_runtime_node-1] [ERROR] [1788513205.248498003] [navigation_runtime_node]: publishing rejected command planner_failed=1 planner_available=0 sampled_valid=0 sampled_bundle=0 generation=0 role=0 safety_suffix=0 execution_freshness=1
[navigation_runtime_node-1] [ERROR] [1788513206.508428880] [navigation_runtime_node]: publishing rejected command planner_failed=1 planner_available=0 sampled_valid=0 sampled_bundle=0 generation=0 role=0 safety_suffix=0 execution_freshness=1
[navigation_runtime_node-1] [INFO] [1788513206.508537846] [navigation_runtime_node]: certified BACKUP endpoint is outside waypoint acceptance; waiting for measured stop before PlanFromRest
[navigation_runtime_node-1] [ERROR] [1788513207.768492796] [navigation_runtime_node]: publishing rejected command planner_failed=1 planner_available=0 sampled_valid=0 sampled_bundle=0 generation=0 role=0 safety_suffix=0 execution_freshness=1
[navigation_runtime_node-1] [INFO] [1788513207.908561110] [navigation_runtime_node]: certified BACKUP endpoint is outside waypoint acceptance; waiting for measured stop before PlanFromRest
[navigation_runtime_node-1] [ERROR] [1788513208.208472990] [navigation_runtime_node]: planner backend execution-state lease failed reason=RECEIVE_STALE source_age_ms=420.000 receive_age_ms=525.281 sequence=1950 active_solve=12; publishing terminal EMER
[navigation_runtime_node-1] [ERROR] [1788513209.028414505] [navigation_runtime_node]: publishing rejected command planner_failed=1 planner_available=0 sampled_valid=0 sampled_bundle=0 generation=0 role=0 safety_suffix=0 execution_freshness=1
[navigation_runtime_node-1] [INFO] [1788513209.308526205] [navigation_runtime_node]: certified BACKUP endpoint is outside waypoint acceptance; waiting for measured stop before PlanFromRest
[navigation_runtime_node-1] [ERROR] [1788513210.288462668] [navigation_runtime_node]: publishing rejected command planner_failed=1 planner_available=0 sampled_valid=0 sampled_bundle=0 generation=0 role=0 safety_suffix=0 execution_freshness=1
[navigation_runtime_node-1] [INFO] [1788513210.708549620] [navigation_runtime_node]: certified BACKUP endpoint is outside waypoint acceptance; waiting for measured stop before PlanFromRest
[navigation_runtime_node-1] [ERROR] [1788513211.548457406] [navigation_runtime_node]: publishing rejected command planner_failed=1 planner_available=0 sampled_valid=0 sampled_bundle=0 generation=0 role=0 safety_suffix=0 execution_freshness=1
[navigation_runtime_node-1] [INFO] [1788513212.108526149] [navigation_runtime_node]: certified BACKUP endpoint is outside waypoint acceptance; waiting for measured stop before PlanFromRest
[navigation_runtime_node-1] [ERROR] [1788513212.808379096] [navigation_runtime_node]: publishing rejected command planner_failed=1 planner_available=0 sampled_valid=0 sampled_bundle=0 generation=0 role=0 safety_suffix=0 execution_freshness=1
[navigation_runtime_node-1] [INFO] [1788513213.508581467] [navigation_runtime_node]: certified BACKUP endpoint is outside waypoint acceptance; waiting for measured stop before PlanFromRest
[navigation_runtime_node-1] [ERROR] [1788513214.068460786] [navigation_runtime_node]: publishing rejected command planner_failed=1 planner_available=0 sampled_valid=0 sampled_bundle=0 generation=0 role=0 safety_suffix=0 execution_freshness=1
[navigation_runtime_node-1] [INFO] [1788513214.908515187] [navigation_runtime_node]: certified BACKUP endpoint is outside waypoint acceptance; waiting for measured stop before PlanFromRest
[navigation_runtime_node-1] [ERROR] [1788513215.328470806] [navigation_runtime_node]: publishing rejected command planner_failed=1 planner_available=0 sampled_valid=0 sampled_bundle=0 generation=0 role=0 safety_suffix=0 execution_freshness=1
[navigation_runtime_node-1] [INFO] [1788513216.308519040] [navigation_runtime_node]: certified BACKUP endpoint is outside waypoint acceptance; waiting for measured stop before PlanFromRest
[navigation_runtime_node-1] [ERROR] [1788513216.588474987] [navigation_runtime_node]: publishing rejected command planner_failed=1 planner_available=0 sampled_valid=0 sampled_bundle=0 generation=0 role=0 safety_suffix=0 execution_freshness=1
[navigation_runtime_node-1] [INFO] [1788513217.708549966] [navigation_runtime_node]: certified BACKUP endpoint is outside waypoint acceptance; waiting for measured stop before PlanFromRest
[navigation_runtime_node-1] [ERROR] [1788513217.848514948] [navigation_runtime_node]: publishing rejected command planner_failed=1 planner_available=0 sampled_valid=0 sampled_bundle=0 generation=0 role=0 safety_suffix=0 execution_freshness=1
[navigation_runtime_node-1] [ERROR] [1788513219.108490587] [navigation_runtime_node]: publishing rejected command planner_failed=1 planner_available=0 sampled_valid=0 sampled_bundle=0 generation=0 role=0 safety_suffix=0 execution_freshness=1
[navigation_runtime_node-1] [INFO] [1788513219.108593149] [navigation_runtime_node]: certified BACKUP endpoint is outside waypoint acceptance; waiting for measured stop before PlanFromRest
[navigation_runtime_node-1] [WARN] [1788513219.508583364] [navigation_runtime_node]: planner cycle stopped because the world snapshot is not fresh
[navigation_runtime_node-1] [WARN] [1788513220.908576902] [navigation_runtime_node]: planner cycle stopped because the world snapshot is not fresh
[navigation_runtime_node-1] [WARN] [1788513222.308588881] [navigation_runtime_node]: planner cycle stopped because the world snapshot is not fresh
[navigation_runtime_node-1] [WARN] [1788513223.708540105] [navigation_runtime_node]: planner cycle stopped because the world snapshot is not fresh
[navigation_runtime_node-1] [WARN] [1788513225.108593843] [navigation_runtime_node]: planner cycle stopped because the world snapshot is not fresh
[navigation_runtime_node-1] [WARN] [1788513226.508577849] [navigation_runtime_node]: planner cycle stopped because the world snapshot is not fresh
[navigation_runtime_node-1] [WARN] [1788513227.908526118] [navigation_runtime_node]: planner cycle stopped because the world snapshot is not fresh
[navigation_runtime_node-1] [WARN] [1788513229.308632831] [navigation_runtime_node]: planner cycle stopped because the world snapshot is not fresh
[WARNING] [launch]: user interrupted with ctrl-c (SIGINT)
[INFO] [navigation_runtime_node-1]: sending signal 'SIGINT' to process[navigation_runtime_node-1]
[navigation_runtime_node-1] [INFO] [1788513348.408881732] [rclcpp]: signal_handler(SIGINT/SIGTERM)
[ERROR] [navigation_runtime_node-1]: process has died [pid 39578, exit code -2, cmd '/home/letandat/Dev/uav-navigation/install/navigation_runtime/lib/navigation_runtime/navigation_runtime_node --ros-args -r __node:=navigation_runtime_node --params-file /home/letandat/Dev/uav-navigation/.artifacts/runtime/external-mode-check-20260904T091230-38933/navigation_runtime_params.yaml --params-file /tmp/launch_params_so2qoeub'].
