[INFO] [1788513156.644555932] [navigation_runtime_node]: Applying mission dynamics to planner backend before optimizer construction: velocity=3.000 acceleration=12.000 jerk=30.000
[INFO] [1788513156.708361793] [navigation_runtime_node]: planner backend runtime ready: registered_scan=/lio/mapping_observation propagated_odom=/lio/odometry_propagated goal=/navigation/goal output=/navigation/navigation_command planner=5.0Hz command=50.0Hz snapshot=0.10s planning_input_source_receive=0.50s command_stream=0.10s stopped_recovery=5.0s
[WARN] [1788513157.448740412] [navigation_runtime_node]: Localization epoch changed to 11598806111765; old mapping and command state invalidated
[INFO] [1788513184.515296993] [navigation_runtime_node]: planner backend decision_trace cycle=1 solve_generation=1 committed_generation=0 pinned_world_generation=2 pinned_world_revision=204 pinned_world_stamp_ns=23800000000 certificate_world_generation=0 certificate_world_revision=0 certificate_world_stamp_ns=0 cloud_stamp_ns=23800000000 corrected_stamp_ns=23800000000 propagated_stamp_ns=23888000000 state_age_ms=4.000 mode=PlanFromRest result=0 replan_code=3 commit_decision=1 solve_stage=5 solve_stage_name=backup solve_elapsed_ms=6.674 solve_deadline_exceeded=0 target=(0.00,0.00,3.00) planning_target=(3.00,0.00,3.00) goal_radius=0.700 goal_adjusted=1 target_grid=4 target_inf_grid=4 planning_target_grid=4 planning_target_inf_grid=4 committed_end=(0.00,0.00,0.00) endpoint_error=inf command=1 failure=0 exp_frontend_ms=0.527 exp_opt_ms=0.680 backup_frontend_ms=0.711 backup_opt_ms=0.000 robot_grid=4 robot_inf_grid=4 nearest_free_m=nan nearest_occ_m=nan nearest_occ=(nan,nan,nan)
[INFO] [1788513184.515465190] [navigation_runtime_node]: planner_cycle_metrics cycles=1 commands=0 dropped_cloud=0 planner_cycle_ms=6.942 p50_ms=6.942 p95_ms=6.942 p99_ms=6.942 map_us=35549 planner_us=6674 publish_us=0 store_publish_us=0 transition_lock_us=0 input_lock_us=0 target=(0.00,0.00,3.00) robot=(-0.22,-0.23,2.90) committed_start=(0.00,0.00,0.00) committed_q1=(0.00,0.00,0.00) committed_mid=(0.00,0.00,0.00) committed_q3=(0.00,0.00,0.00) committed_end=(0.00,0.00,0.00) main_end=(0.00,0.00,0.00) backup_start=0.000 guide_end=(3.00,0.00,3.00) guide_bounds=[(-0.34,-0.37,2.84),(3.00,0.00,3.00)] committed_duration=0.000
[INFO] [1788513184.714792649] [navigation_runtime_node]: planner backend decision_trace cycle=2 solve_generation=2 committed_generation=1 pinned_world_generation=2 pinned_world_revision=205 pinned_world_stamp_ns=23900000000 certificate_world_generation=2 certificate_world_revision=204 certificate_world_stamp_ns=23800000000 cloud_stamp_ns=23900000000 corrected_stamp_ns=23900000000 propagated_stamp_ns=24048000000 state_age_ms=4.000 mode=ReplanOnce result=0 replan_code=3 commit_decision=1 solve_stage=5 solve_stage_name=backup solve_elapsed_ms=6.209 solve_deadline_exceeded=0 target=(3.00,0.00,3.00) planning_target=(6.00,0.00,3.00) goal_radius=0.700 goal_adjusted=1 target_grid=4 target_inf_grid=4 planning_target_grid=4 planning_target_inf_grid=4 committed_end=(3.27,-0.00,3.00) endpoint_error=0.275 command=1 failure=0 exp_frontend_ms=0.839 exp_opt_ms=2.693 backup_frontend_ms=1.067 backup_opt_ms=0.000 robot_grid=4 robot_inf_grid=4 nearest_free_m=nan nearest_occ_m=nan nearest_occ=(nan,nan,nan)
[INFO] [1788513185.208441135] [navigation_runtime_node]: execution timeline activated successor generation=2 at ns=24448000000
[INFO] [1788513185.913883937] [navigation_runtime_node]: planner backend decision_trace cycle=6 solve_generation=3 committed_generation=2 pinned_world_generation=2 pinned_world_revision=215 pinned_world_stamp_ns=24900000000 certificate_world_generation=2 certificate_world_revision=205 certificate_world_stamp_ns=23900000000 cloud_stamp_ns=24900000000 corrected_stamp_ns=24900000000 propagated_stamp_ns=25008000000 state_age_ms=4.000 mode=ReplanOnce result=0 replan_code=3 commit_decision=1 solve_stage=5 solve_stage_name=backup solve_elapsed_ms=5.298 solve_deadline_exceeded=0 target=(3.00,0.00,3.00) planning_target=(6.00,0.00,3.00) goal_radius=0.700 goal_adjusted=1 target_grid=4 target_inf_grid=4 planning_target_grid=4 planning_target_inf_grid=4 committed_end=(6.25,0.00,3.00) endpoint_error=3.250 command=1 failure=0 exp_frontend_ms=1.056 exp_opt_ms=1.583 backup_frontend_ms=0.720 backup_opt_ms=0.001 robot_grid=4 robot_inf_grid=4 nearest_free_m=nan nearest_occ_m=nan nearest_occ=(nan,nan,nan)
[INFO] [1788513185.914152751] [navigation_runtime_node]: planner_cycle_metrics cycles=6 commands=70 dropped_cloud=0 planner_cycle_ms=5.653 p50_ms=6.586 p95_ms=6.942 p99_ms=6.942 map_us=33576 planner_us=5298 publish_us=38 store_publish_us=39 transition_lock_us=0 input_lock_us=0 target=(3.00,0.00,3.00) robot=(-0.11,-0.01,2.97) committed_start=(-0.18,-0.17,2.94) committed_q1=(0.67,0.05,3.00) committed_mid=(3.04,0.04,3.00) committed_q3=(5.27,0.00,3.00) committed_end=(6.25,0.00,3.00) main_end=(5.75,0.00,3.00) backup_start=2.759 guide_end=(6.00,0.00,3.00) guide_bounds=[(0.99,0.00,3.00),(6.00,0.06,3.00)] committed_duration=3.337
[INFO] [1788513186.408443589] [navigation_runtime_node]: execution timeline activated successor generation=3 at ns=25408000000
[INFO] [1788513186.513421493] [navigation_runtime_node]: planner backend decision_trace cycle=7 solve_generation=4 committed_generation=3 pinned_world_generation=2 pinned_world_revision=220 pinned_world_stamp_ns=25400000000 certificate_world_generation=2 certificate_world_revision=215 certificate_world_stamp_ns=24900000000 cloud_stamp_ns=25400000000 corrected_stamp_ns=25400000000 propagated_stamp_ns=25488000000 state_age_ms=4.000 mode=ReplanOnce result=0 replan_code=3 commit_decision=1 solve_stage=5 solve_stage_name=backup solve_elapsed_ms=4.816 solve_deadline_exceeded=0 target=(3.00,0.00,3.00) planning_target=(6.00,0.00,3.00) goal_radius=0.700 goal_adjusted=1 target_grid=4 target_inf_grid=4 planning_target_grid=4 planning_target_inf_grid=4 committed_end=(6.31,0.00,3.00) endpoint_error=3.314 command=1 failure=0 exp_frontend_ms=1.583 exp_opt_ms=0.802 backup_frontend_ms=0.577 backup_opt_ms=0.000 robot_grid=4 robot_inf_grid=4 nearest_free_m=nan nearest_occ_m=nan nearest_occ=(nan,nan,nan)
[INFO] [1788513187.008437350] [navigation_runtime_node]: execution timeline activated successor generation=4 at ns=25888000000
[INFO] [1788513187.114158943] [navigation_runtime_node]: planner backend decision_trace cycle=8 solve_generation=5 committed_generation=4 pinned_world_generation=2 pinned_world_revision=225 pinned_world_stamp_ns=25900000000 certificate_world_generation=2 certificate_world_revision=220 certificate_world_stamp_ns=25400000000 cloud_stamp_ns=25900000000 corrected_stamp_ns=25900000000 propagated_stamp_ns=25968000000 state_age_ms=4.000 mode=ReplanOnce result=0 replan_code=3 commit_decision=1 solve_stage=5 solve_stage_name=backup solve_elapsed_ms=5.511 solve_deadline_exceeded=0 target=(6.00,0.00,3.00) planning_target=(7.00,0.00,3.00) goal_radius=0.700 goal_adjusted=1 target_grid=4 target_inf_grid=4 planning_target_grid=4 planning_target_inf_grid=4 committed_end=(6.32,-0.00,3.00) endpoint_error=0.315 command=1 failure=0 exp_frontend_ms=1.101 exp_opt_ms=1.363 backup_frontend_ms=0.738 backup_opt_ms=0.000 robot_grid=4 robot_inf_grid=4 nearest_free_m=nan nearest_occ_m=nan nearest_occ=(nan,nan,nan)
[INFO] [1788513187.114358557] [navigation_runtime_node]: planner_cycle_metrics cycles=8 commands=130 dropped_cloud=0 planner_cycle_ms=5.817 p50_ms=5.817 p95_ms=6.942 p99_ms=6.942 map_us=50459 planner_us=5511 publish_us=41 store_publish_us=42 transition_lock_us=0 input_lock_us=0 target=(6.00,0.00,3.00) robot=(2.55,0.06,2.90) committed_start=(2.37,0.05,3.00) committed_q1=(3.78,0.00,3.00) committed_mid=(3.50,-0.01,3.00) committed_q3=(5.26,-0.00,3.00) committed_end=(6.32,-0.00,3.00) main_end=(5.59,-0.00,3.00) backup_start=2.548 guide_end=(7.00,0.00,3.00) guide_bounds=[(3.41,-0.01,3.00),(7.00,0.02,3.00)] committed_duration=3.205
[INFO] [1788513187.608435538] [navigation_runtime_node]: execution timeline activated successor generation=5 at ns=26368000000
[INFO] [1788513187.714757421] [navigation_runtime_node]: planner backend decision_trace cycle=9 solve_generation=6 committed_generation=5 pinned_world_generation=2 pinned_world_revision=229 pinned_world_stamp_ns=26300000000 certificate_world_generation=2 certificate_world_revision=225 certificate_world_stamp_ns=25900000000 cloud_stamp_ns=26300000000 corrected_stamp_ns=26300000000 propagated_stamp_ns=26448000000 state_age_ms=4.000 mode=ReplanOnce result=0 replan_code=3 commit_decision=1 solve_stage=5 solve_stage_name=backup solve_elapsed_ms=6.144 solve_deadline_exceeded=0 target=(6.00,0.00,3.00) planning_target=(7.00,0.00,3.00) goal_radius=0.700 goal_adjusted=1 target_grid=4 target_inf_grid=4 planning_target_grid=4 planning_target_inf_grid=4 committed_end=(7.31,-0.00,3.00) endpoint_error=1.305 command=1 failure=0 exp_frontend_ms=1.384 exp_opt_ms=2.240 backup_frontend_ms=1.176 backup_opt_ms=0.001 robot_grid=4 robot_inf_grid=4 nearest_free_m=nan nearest_occ_m=nan nearest_occ=(nan,nan,nan)
[INFO] [1788513188.208438184] [navigation_runtime_node]: execution timeline activated successor generation=6 at ns=26848000000
[WARN] [1788513188.309626668] [navigation_runtime_node]: one-shot emergency altitude anchor measured=3.068 command=3.000 terminal=3.000 limit=0.250
[WARN] [1788513188.310683103] [navigation_runtime_node]: planner backend replaced the exceeded-anchor command with one measured-state emergency brake
[WARN] [1788513188.310697301] [navigation_runtime_node]: planner backend hot replan failed (4); retaining visible committed trajectory backup=1 elapsed=0.080 backup_start=1.449 end=1.880 anchor_error=0.517 projected_anchor_error=0.872 relative_anchor_speed=1.774 tracking_limit=0.250
[INFO] [1788513188.310718525] [navigation_runtime_node]: planner backend decision_trace cycle=10 solve_generation=7 committed_generation=7 pinned_world_generation=2 pinned_world_revision=234 pinned_world_stamp_ns=26800000000 certificate_world_generation=2 certificate_world_revision=234 certificate_world_stamp_ns=26800000000 cloud_stamp_ns=26800000000 corrected_stamp_ns=26800000000 propagated_stamp_ns=26928000000 state_age_ms=0.000 mode=ReplanOnce result=4 replan_code=3 commit_decision=1 solve_stage=5 solve_stage_name=backup solve_elapsed_ms=0.022 solve_deadline_exceeded=0 target=(6.00,0.00,3.00) planning_target=(7.00,0.00,3.00) goal_radius=0.700 goal_adjusted=1 target_grid=4 target_inf_grid=4 planning_target_grid=4 planning_target_inf_grid=4 committed_end=(3.86,-0.09,3.00) endpoint_error=2.137 command=1 failure=0 exp_frontend_ms=1.384 exp_opt_ms=2.240 backup_frontend_ms=1.176 backup_opt_ms=0.001 robot_grid=4 robot_inf_grid=4 nearest_free_m=nan nearest_occ_m=nan nearest_occ=(nan,nan,nan)
[INFO] [1788513188.310780181] [navigation_runtime_node]: planner backend commit_trace generation=7 previous_generation=6 start_wall_time=26.928000000 execution_stamp_ns=26928000000 execution_age_at_solve_ms=0.000 execution_age_at_trace_ms=0.000 execution_p=[4.344705,-0.137660,3.068011] execution_v=[-1.353559,0.121727,-0.656242] candidate_start_p=[4.344705,-0.137660,3.068011] candidate_start_v=[-1.353559,0.121727,-0.656242] previous_valid=1 candidate_start_a=[0.000000,0.000000,0.000000] candidate_start_j=[0.000000,0.000000,0.000000] previous_sample_tt=0.080000 splice_p=0.516874 splice_v=1.773546 splice_a=2.803511 splice_j=14.718913 splice_yaw=-0.013686 splice_yaw_rate=-0.000000
[INFO] [1788513188.311024605] [navigation_runtime_node]: planner_cycle_metrics cycles=10 commands=190 dropped_cloud=0 planner_cycle_ms=2.452 p50_ms=5.817 p95_ms=6.942 p99_ms=6.942 map_us=34473 planner_us=22 publish_us=59 store_publish_us=60 transition_lock_us=0 input_lock_us=0 target=(6.00,0.00,3.00) robot=(4.34,-0.14,3.07) committed_start=(4.34,-0.14,3.07) committed_q1=(4.11,-0.12,2.97) committed_mid=(3.94,-0.10,2.95) committed_q3=(3.87,-0.10,2.99) committed_end=(3.86,-0.09,3.00) main_end=(4.34,-0.14,3.07) backup_start=0.000 guide_end=(7.00,0.00,3.00) guide_bounds=[(3.83,-0.01,3.00),(7.00,0.00,3.00)] committed_duration=0.709
[INFO] [1788513189.206627992] [navigation_runtime_node]: retaining expired recovery endpoint generation=7 as bounded STOPPED_HOLD endpoint=(3.865,-0.094,3.000)
[INFO] [1788513189.334645450] [navigation_runtime_node]: retaining expired recovery endpoint generation=7 as bounded STOPPED_HOLD endpoint=(3.865,-0.094,3.000)
[INFO] [1788513189.454023844] [navigation_runtime_node]: retaining expired recovery endpoint generation=7 as bounded STOPPED_HOLD endpoint=(3.865,-0.094,3.000)
[INFO] [1788513189.578253400] [navigation_runtime_node]: retaining expired recovery endpoint generation=7 as bounded STOPPED_HOLD endpoint=(3.865,-0.094,3.000)
[INFO] [1788513189.709616445] [navigation_runtime_node]: retaining expired recovery endpoint generation=7 as bounded STOPPED_HOLD endpoint=(3.865,-0.094,3.000)
[INFO] [1788513189.829017777] [navigation_runtime_node]: retaining expired recovery endpoint generation=7 as bounded STOPPED_HOLD endpoint=(3.865,-0.094,3.000)
[INFO] [1788513189.953121505] [navigation_runtime_node]: retaining expired recovery endpoint generation=7 as bounded STOPPED_HOLD endpoint=(3.865,-0.094,3.000)
[INFO] [1788513190.081976090] [navigation_runtime_node]: retaining expired recovery endpoint generation=7 as bounded STOPPED_HOLD endpoint=(3.865,-0.094,3.000)
[INFO] [1788513190.213757293] [navigation_runtime_node]: retaining expired recovery endpoint generation=7 as bounded STOPPED_HOLD endpoint=(3.865,-0.094,3.000)
[INFO] [1788513190.337205923] [navigation_runtime_node]: retaining expired recovery endpoint generation=7 as bounded STOPPED_HOLD endpoint=(3.865,-0.094,3.000)
[INFO] [1788513190.461585278] [navigation_runtime_node]: retaining expired recovery endpoint generation=7 as bounded STOPPED_HOLD endpoint=(3.865,-0.094,3.000)
[INFO] [1788513190.594437711] [navigation_runtime_node]: retaining expired recovery endpoint generation=7 as bounded STOPPED_HOLD endpoint=(3.865,-0.094,3.000)
[INFO] [1788513190.728149451] [navigation_runtime_node]: retaining expired recovery endpoint generation=7 as bounded STOPPED_HOLD endpoint=(3.865,-0.094,3.000)
[INFO] [1788513190.830844186] [navigation_runtime_node]: retaining expired recovery endpoint generation=7 as bounded STOPPED_HOLD endpoint=(3.865,-0.094,3.000)
[INFO] [1788513191.087504073] [navigation_runtime_node]: retaining expired recovery endpoint generation=7 as bounded STOPPED_HOLD endpoint=(3.865,-0.094,3.000)
[INFO] [1788513191.216789119] [navigation_runtime_node]: retaining expired recovery endpoint generation=7 as bounded STOPPED_HOLD endpoint=(3.865,-0.094,3.000)
[INFO] [1788513191.329685864] [navigation_runtime_node]: retaining expired recovery endpoint generation=7 as bounded STOPPED_HOLD endpoint=(3.865,-0.094,3.000)
[INFO] [1788513191.459483099] [navigation_runtime_node]: retaining expired recovery endpoint generation=7 as bounded STOPPED_HOLD endpoint=(3.865,-0.094,3.000)
[INFO] [1788513191.584070248] [navigation_runtime_node]: retaining expired recovery endpoint generation=7 as bounded STOPPED_HOLD endpoint=(3.865,-0.094,3.000)
[INFO] [1788513191.710215175] [navigation_runtime_node]: retaining expired recovery endpoint generation=7 as bounded STOPPED_HOLD endpoint=(3.865,-0.094,3.000)
[INFO] [1788513191.832094119] [navigation_runtime_node]: retaining expired recovery endpoint generation=7 as bounded STOPPED_HOLD endpoint=(3.865,-0.094,3.000)
[INFO] [1788513191.972500891] [navigation_runtime_node]: retaining expired recovery endpoint generation=7 as bounded STOPPED_HOLD endpoint=(3.865,-0.094,3.000)
[INFO] [1788513192.086831334] [navigation_runtime_node]: retaining expired recovery endpoint generation=7 as bounded STOPPED_HOLD endpoint=(3.865,-0.094,3.000)
[WARN] [1788513192.108510669] [navigation_runtime_node]: emergency brake reached a certified stop; replanning the active waypoint from measured state instead of treating the safety endpoint as terminal
[INFO] [1788513192.108533457] [navigation_runtime_node]: planner backend trajectory completion observed reaches_goal=0 endpoint_error=2.137 measured_goal_error=2.517 goal=(6.00,0.00,3.00)
[INFO] [1788513192.108538308] [navigation_runtime_node]: planner backend finite trajectory requires continuation; restarting PlanFromRest pass_through=1 goal=(6.00,0.00,3.00) vehicle=(3.49,-0.14,2.87)
[INFO] [1788513192.112943596] [navigation_runtime_node]: planner backend decision_trace cycle=29 solve_generation=8 committed_generation=7 pinned_world_generation=2 pinned_world_revision=264 pinned_world_stamp_ns=29900000000 certificate_world_generation=2 certificate_world_revision=234 certificate_world_stamp_ns=26800000000 cloud_stamp_ns=29900000000 corrected_stamp_ns=29900000000 propagated_stamp_ns=29968000000 state_age_ms=4.000 mode=PlanFromRest result=0 replan_code=3 commit_decision=1 solve_stage=5 solve_stage_name=backup solve_elapsed_ms=4.384 solve_deadline_exceeded=0 target=(6.00,0.00,3.00) planning_target=(7.00,0.00,3.00) goal_radius=0.700 goal_adjusted=1 target_grid=4 target_inf_grid=4 planning_target_grid=4 planning_target_inf_grid=4 committed_end=(3.86,-0.09,3.00) endpoint_error=2.137 command=1 failure=0 exp_frontend_ms=0.392 exp_opt_ms=1.773 backup_frontend_ms=0.651 backup_opt_ms=0.000 robot_grid=4 robot_inf_grid=4 nearest_free_m=nan nearest_occ_m=nan nearest_occ=(nan,nan,nan)
[INFO] [1788513192.113092786] [navigation_runtime_node]: planner_cycle_metrics cycles=29 commands=380 dropped_cloud=0 planner_cycle_ms=4.634 p50_ms=5.817 p95_ms=6.942 p99_ms=6.942 map_us=29927 planner_us=4384 publish_us=39 store_publish_us=39 transition_lock_us=0 input_lock_us=0 target=(6.00,0.00,3.00) robot=(3.49,-0.14,2.87) committed_start=(4.34,-0.14,3.07) committed_q1=(4.11,-0.12,2.97) committed_mid=(3.94,-0.10,2.95) committed_q3=(3.87,-0.10,2.99) committed_end=(3.86,-0.09,3.00) main_end=(4.34,-0.14,3.07) backup_start=0.000 guide_end=(7.00,0.00,3.00) guide_bounds=[(3.49,-0.14,2.87),(7.00,0.00,3.00)] committed_duration=0.709
[WARN] [1788513192.915667082] [navigation_runtime_node]: planner backend hot replan failed (4); retaining visible committed trajectory backup=1 elapsed=0.644 backup_start=1.600 end=2.443 anchor_error=0.192 projected_anchor_error=0.391 relative_anchor_speed=0.999 tracking_limit=0.250
[INFO] [1788513192.915722059] [navigation_runtime_node]: planner backend decision_trace cycle=33 solve_generation=10 committed_generation=8 pinned_world_generation=2 pinned_world_revision=270 pinned_world_stamp_ns=30500000000 certificate_world_generation=2 certificate_world_revision=264 certificate_world_stamp_ns=29900000000 cloud_stamp_ns=30500000000 corrected_stamp_ns=30500000000 propagated_stamp_ns=30608000000 state_age_ms=4.000 mode=ReplanOnce result=4 replan_code=-8 commit_decision=0 solve_stage=5 solve_stage_name=backup solve_elapsed_ms=5.629 solve_deadline_exceeded=0 target=(6.00,0.00,3.00) planning_target=(7.00,0.00,3.00) goal_radius=0.700 goal_adjusted=1 target_grid=4 target_inf_grid=4 planning_target_grid=4 planning_target_inf_grid=4 committed_end=(7.52,-0.00,3.00) endpoint_error=1.519 command=1 failure=0 exp_frontend_ms=1.409 exp_opt_ms=0.795 backup_frontend_ms=0.651 backup_opt_ms=0.000 robot_grid=4 robot_inf_grid=4 nearest_free_m=nan nearest_occ_m=nan nearest_occ=(nan,nan,nan)
[WARN] [1788513194.217529865] [navigation_runtime_node]: retaining pending navigation goal request=5 while safety suffix drains accepted=1
[WARN] [1788513194.238464379] [navigation_runtime_node]: retaining terminal status for pending request=5 while safety suffix drains
[ERROR] [1788513195.128493135] [navigation_runtime_node]: planner backend planner watchdog timed out generation=12 age=1.020 s stage=-1 points=0; preserving certified safety suffix=1
[ERROR] [1788513195.168483614] [navigation_runtime_node]: execution boundary rejected planned STOPPED_HOLD endpoint known_free=1 near_execution=0
[ERROR] [1788513195.168556548] [navigation_runtime_node]: publishing rejected command planner_failed=1 planner_available=1 sampled_valid=0 sampled_bundle=1 generation=8 role=0 safety_suffix=0 execution_freshness=1
[INFO] [1788513195.308525949] [navigation_runtime_node]: certified BACKUP endpoint is outside waypoint acceptance; waiting for measured stop before PlanFromRest
[WARN] [1788513195.360628790] [navigation_runtime_node]: active generation=8 failed full immutable candidate revalidation failure=1 blocked_role=0 samples=0
[ERROR] [1788513196.428454188] [navigation_runtime_node]: publishing rejected command planner_failed=1 planner_available=0 sampled_valid=0 sampled_bundle=0 generation=0 role=0 safety_suffix=0 execution_freshness=1
[INFO] [1788513196.708551725] [navigation_runtime_node]: certified BACKUP endpoint is outside waypoint acceptance; waiting for measured stop before PlanFromRest
[ERROR] [1788513197.688477879] [navigation_runtime_node]: publishing rejected command planner_failed=1 planner_available=0 sampled_valid=0 sampled_bundle=0 generation=0 role=0 safety_suffix=0 execution_freshness=1
[INFO] [1788513198.108554343] [navigation_runtime_node]: certified BACKUP endpoint is outside waypoint acceptance; waiting for measured stop before PlanFromRest
[ERROR] [1788513198.948462981] [navigation_runtime_node]: publishing rejected command planner_failed=1 planner_available=0 sampled_valid=0 sampled_bundle=0 generation=0 role=0 safety_suffix=0 execution_freshness=1
[INFO] [1788513199.508532930] [navigation_runtime_node]: certified BACKUP endpoint is outside waypoint acceptance; waiting for measured stop before PlanFromRest
[ERROR] [1788513200.208441125] [navigation_runtime_node]: publishing rejected command planner_failed=1 planner_available=0 sampled_valid=0 sampled_bundle=0 generation=0 role=0 safety_suffix=0 execution_freshness=1
[INFO] [1788513200.908531313] [navigation_runtime_node]: certified BACKUP endpoint is outside waypoint acceptance; waiting for measured stop before PlanFromRest
[ERROR] [1788513201.468472369] [navigation_runtime_node]: publishing rejected command planner_failed=1 planner_available=0 sampled_valid=0 sampled_bundle=0 generation=0 role=0 safety_suffix=0 execution_freshness=1
[INFO] [1788513202.308528899] [navigation_runtime_node]: certified BACKUP endpoint is outside waypoint acceptance; waiting for measured stop before PlanFromRest
[ERROR] [1788513202.728428589] [navigation_runtime_node]: publishing rejected command planner_failed=1 planner_available=0 sampled_valid=0 sampled_bundle=0 generation=0 role=0 safety_suffix=0 execution_freshness=1
[INFO] [1788513203.708534614] [navigation_runtime_node]: certified BACKUP endpoint is outside waypoint acceptance; waiting for measured stop before PlanFromRest
[ERROR] [1788513203.988464188] [navigation_runtime_node]: publishing rejected command planner_failed=1 planner_available=0 sampled_valid=0 sampled_bundle=0 generation=0 role=0 safety_suffix=0 execution_freshness=1
[INFO] [1788513205.108516902] [navigation_runtime_node]: certified BACKUP endpoint is outside waypoint acceptance; waiting for measured stop before PlanFromRest
[ERROR] [1788513205.248498003] [navigation_runtime_node]: publishing rejected command planner_failed=1 planner_available=0 sampled_valid=0 sampled_bundle=0 generation=0 role=0 safety_suffix=0 execution_freshness=1
[ERROR] [1788513206.508428880] [navigation_runtime_node]: publishing rejected command planner_failed=1 planner_available=0 sampled_valid=0 sampled_bundle=0 generation=0 role=0 safety_suffix=0 execution_freshness=1
[INFO] [1788513206.508537846] [navigation_runtime_node]: certified BACKUP endpoint is outside waypoint acceptance; waiting for measured stop before PlanFromRest
[ERROR] [1788513207.768492796] [navigation_runtime_node]: publishing rejected command planner_failed=1 planner_available=0 sampled_valid=0 sampled_bundle=0 generation=0 role=0 safety_suffix=0 execution_freshness=1
[INFO] [1788513207.908561110] [navigation_runtime_node]: certified BACKUP endpoint is outside waypoint acceptance; waiting for measured stop before PlanFromRest
[ERROR] [1788513208.208472990] [navigation_runtime_node]: planner backend execution-state lease failed reason=RECEIVE_STALE source_age_ms=420.000 receive_age_ms=525.281 sequence=1950 active_solve=12; publishing terminal EMER
[ERROR] [1788513209.028414505] [navigation_runtime_node]: publishing rejected command planner_failed=1 planner_available=0 sampled_valid=0 sampled_bundle=0 generation=0 role=0 safety_suffix=0 execution_freshness=1
[INFO] [1788513209.308526205] [navigation_runtime_node]: certified BACKUP endpoint is outside waypoint acceptance; waiting for measured stop before PlanFromRest
[ERROR] [1788513210.288462668] [navigation_runtime_node]: publishing rejected command planner_failed=1 planner_available=0 sampled_valid=0 sampled_bundle=0 generation=0 role=0 safety_suffix=0 execution_freshness=1
[INFO] [1788513210.708549620] [navigation_runtime_node]: certified BACKUP endpoint is outside waypoint acceptance; waiting for measured stop before PlanFromRest
[ERROR] [1788513211.548457406] [navigation_runtime_node]: publishing rejected command planner_failed=1 planner_available=0 sampled_valid=0 sampled_bundle=0 generation=0 role=0 safety_suffix=0 execution_freshness=1
[INFO] [1788513212.108526149] [navigation_runtime_node]: certified BACKUP endpoint is outside waypoint acceptance; waiting for measured stop before PlanFromRest
[ERROR] [1788513212.808379096] [navigation_runtime_node]: publishing rejected command planner_failed=1 planner_available=0 sampled_valid=0 sampled_bundle=0 generation=0 role=0 safety_suffix=0 execution_freshness=1
[INFO] [1788513213.508581467] [navigation_runtime_node]: certified BACKUP endpoint is outside waypoint acceptance; waiting for measured stop before PlanFromRest
[ERROR] [1788513214.068460786] [navigation_runtime_node]: publishing rejected command planner_failed=1 planner_available=0 sampled_valid=0 sampled_bundle=0 generation=0 role=0 safety_suffix=0 execution_freshness=1
[INFO] [1788513214.908515187] [navigation_runtime_node]: certified BACKUP endpoint is outside waypoint acceptance; waiting for measured stop before PlanFromRest
[ERROR] [1788513215.328470806] [navigation_runtime_node]: publishing rejected command planner_failed=1 planner_available=0 sampled_valid=0 sampled_bundle=0 generation=0 role=0 safety_suffix=0 execution_freshness=1
[INFO] [1788513216.308519040] [navigation_runtime_node]: certified BACKUP endpoint is outside waypoint acceptance; waiting for measured stop before PlanFromRest
[ERROR] [1788513216.588474987] [navigation_runtime_node]: publishing rejected command planner_failed=1 planner_available=0 sampled_valid=0 sampled_bundle=0 generation=0 role=0 safety_suffix=0 execution_freshness=1
[INFO] [1788513217.708549966] [navigation_runtime_node]: certified BACKUP endpoint is outside waypoint acceptance; waiting for measured stop before PlanFromRest
[ERROR] [1788513217.848514948] [navigation_runtime_node]: publishing rejected command planner_failed=1 planner_available=0 sampled_valid=0 sampled_bundle=0 generation=0 role=0 safety_suffix=0 execution_freshness=1
[ERROR] [1788513219.108490587] [navigation_runtime_node]: publishing rejected command planner_failed=1 planner_available=0 sampled_valid=0 sampled_bundle=0 generation=0 role=0 safety_suffix=0 execution_freshness=1
[INFO] [1788513219.108593149] [navigation_runtime_node]: certified BACKUP endpoint is outside waypoint acceptance; waiting for measured stop before PlanFromRest
[WARN] [1788513219.508583364] [navigation_runtime_node]: planner cycle stopped because the world snapshot is not fresh
[WARN] [1788513220.908576902] [navigation_runtime_node]: planner cycle stopped because the world snapshot is not fresh
[WARN] [1788513222.308588881] [navigation_runtime_node]: planner cycle stopped because the world snapshot is not fresh
[WARN] [1788513223.708540105] [navigation_runtime_node]: planner cycle stopped because the world snapshot is not fresh
[WARN] [1788513225.108593843] [navigation_runtime_node]: planner cycle stopped because the world snapshot is not fresh
[WARN] [1788513226.508577849] [navigation_runtime_node]: planner cycle stopped because the world snapshot is not fresh
[WARN] [1788513227.908526118] [navigation_runtime_node]: planner cycle stopped because the world snapshot is not fresh
[WARN] [1788513229.308632831] [navigation_runtime_node]: planner cycle stopped because the world snapshot is not fresh
[INFO] [1788513348.408881732] [rclcpp]: signal_handler(SIGINT/SIGTERM)
