[INFO] [1788513160.113600028] [px4_navigation_external_mode]: External Mode timing contract: command_stream=0.10s state_age=0.20s initial_hold=5.0s stopped_recovery=5.0s
[INFO] [1788513160.116172828] [px4_navigation_external_mode]: External Mode command contract: planner backend PVA
[DEBUG] [1788513160.118519597] [px4_navigation_external_mode]: Waiting for FMU...
[DEBUG] [1788513162.340815601] [px4_navigation_external_mode]: Checking message compatibility...
[DEBUG] [1788513162.342027961] [px4_navigation_external_mode]: Subscriber found, continuing
[DEBUG] [1788513162.342168481] [px4_navigation_external_mode]: Publisher found, continuing
[DEBUG] [1788513162.841474516] [px4_navigation_external_mode]: Registering 'Avoidance Mission' (arming check: 1, mode: 1, mode executor: 1)
[DEBUG] [1788513162.841528054] [px4_navigation_external_mode]: Subscriber found, continuing
[DEBUG] [1788513162.841585341] [px4_navigation_external_mode]: Publisher found, continuing
[DEBUG] [1788513162.852807465] [px4_navigation_external_mode]: Got RegisterExtComponentReply
[WARN] [1788513162.853306378] [rcl.logging_rosout]: Publisher already registered for node name: 'px4_navigation_external_mode'. If this is due to multiple nodes with the same name then all logs for the logger named 'px4_navigation_external_mode' will go out over the existing publisher. As soon as any node with that name is destructed it will unregister the publisher, preventing any further logs for that name from being published on the rosout topic.
[INFO] [1788513162.860522746] [px4_navigation_external_mode]: External Mode state inputs use an independent single-thread receiver node
[INFO] [1788513162.860695438] [px4_navigation_external_mode]: Mission gate: wp=0 request=0 state=0 position_error_m=-1.000 radius_m=0.700 speed_mps=-1.000 acceptance_speed_mps=0.150 airborne=false trajectory_ready=false terminal_hold_pending=false
[DEBUG] [1788513162.868113068] [px4_navigation_external_mode]: Arming check request (id=1, only printed once)
[INFO] [1788513164.117248529] [px4_navigation_external_mode]: Mission gate: wp=0 request=0 state=0 position_error_m=3.010 radius_m=0.700 speed_mps=0.005 acceptance_speed_mps=0.150 airborne=false trajectory_ready=false terminal_hold_pending=false
[INFO] [1788513165.367255860] [px4_navigation_external_mode]: Mission gate: wp=0 request=0 state=0 position_error_m=3.011 radius_m=0.700 speed_mps=0.003 acceptance_speed_mps=0.150 airborne=false trajectory_ready=false terminal_hold_pending=false
[INFO] [1788513166.617236820] [px4_navigation_external_mode]: Mission gate: wp=0 request=0 state=0 position_error_m=3.011 radius_m=0.700 speed_mps=0.004 acceptance_speed_mps=0.150 airborne=false trajectory_ready=false terminal_hold_pending=false
[INFO] [1788513167.867266919] [px4_navigation_external_mode]: Mission gate: wp=0 request=0 state=0 position_error_m=3.011 radius_m=0.700 speed_mps=0.004 acceptance_speed_mps=0.150 airborne=false trajectory_ready=false terminal_hold_pending=false
[INFO] [1788513169.117237539] [px4_navigation_external_mode]: Mission gate: wp=0 request=0 state=0 position_error_m=3.012 radius_m=0.700 speed_mps=0.002 acceptance_speed_mps=0.150 airborne=false trajectory_ready=false terminal_hold_pending=false
[DEBUG] [1788513169.422726442] [px4_navigation_external_mode]: Mode executor 'Avoidance Mission' activated
[INFO] [1788513169.422762499] [px4_navigation_external_mode]: Avoidance Mission executor activated
[DEBUG] [1788513169.438280832] [px4_navigation_external_mode]: Mode 'Avoidance Mission' activated
[INFO] [1788513169.438398847] [px4_navigation_external_mode]: external_mode_metrics odom_callbacks=0 odom_max_gap_us=0 trajectory_received=0 trajectory_accepted=0 trajectory_rejected=0 waypoint_handoffs_retaining_command=0 setpoint_updates=1 setpoint_max_gap_us=0 last_state_age_s=-1.000000 stale_state_failures=0 velocity_command_enu=(0.000,0.000,0.000) forward_guard_count=0
[DEBUG] [1788513169.673802473] [px4_navigation_external_mode]: Mode executor 'Avoidance Mission' deactivated (1)
[DEBUG] [1788513169.673835972] [px4_navigation_external_mode]: Owned navigation mode was deactivated by mode handover
[INFO] [1788513169.673842772] [px4_navigation_external_mode]: Avoidance Mission executor deactivated (mode_exit)
[DEBUG] [1788513169.673849639] [px4_navigation_external_mode]: Mode 'Avoidance Mission' deactivated
[DEBUG] [1788513184.478091670] [px4_navigation_external_mode]: Mode executor 'Avoidance Mission' activated
[INFO] [1788513184.478131349] [px4_navigation_external_mode]: Avoidance Mission executor activated
[DEBUG] [1788513184.498127740] [px4_navigation_external_mode]: Mode 'Avoidance Mission' activated
[INFO] [1788513184.498184559] [px4_navigation_external_mode]: Mission gate: wp=0 request=0 state=1 position_error_m=0.335 radius_m=0.700 speed_mps=0.078 acceptance_speed_mps=0.150 airborne=true trajectory_ready=false terminal_hold_pending=false
[INFO] [1788513184.498243334] [px4_navigation_external_mode]: Published mission waypoint 0 (open_start) behavior=0 next_target=(3.000,0.000,3.000)
[INFO] [1788513184.498251538] [px4_navigation_external_mode]: external_mode_metrics odom_callbacks=0 odom_max_gap_us=0 trajectory_received=0 trajectory_accepted=0 trajectory_rejected=0 waypoint_handoffs_retaining_command=0 setpoint_updates=1 setpoint_max_gap_us=0 last_state_age_s=-1.000000 stale_state_failures=0 velocity_command_enu=(0.000,0.000,0.000) forward_guard_count=0
[INFO] [1788513184.503402282] [px4_navigation_external_mode]: PX4 local frame aligned to LIO: translation_ned=(0.170,0.146,-0.008)
[INFO] [1788513184.517276506] [px4_navigation_external_mode]: Mission waypoint accepted: wp=0 position_error_m=0.335 speed_mps=0.078 next_wp=1 next_request=2
[INFO] [1788513184.517368359] [px4_navigation_external_mode]: Published mission waypoint 1 (open_east) behavior=0 next_target=(6.000,0.000,3.000)
[INFO] [1788513185.758393173] [px4_navigation_external_mode]: external_mode_metrics odom_callbacks=51 odom_max_gap_us=20000 trajectory_received=62 trajectory_accepted=62 trajectory_rejected=0 waypoint_handoffs_retaining_command=0 setpoint_updates=64 setpoint_max_gap_us=16000 last_state_age_s=-1.000000 stale_state_failures=0 velocity_command_enu=(0.877,0.288,0.074) forward_guard_count=0
[INFO] [1788513185.767236438] [px4_navigation_external_mode]: Mission gate: wp=1 request=2 state=2 position_error_m=3.164 radius_m=0.700 speed_mps=0.638 acceptance_speed_mps=0.150 airborne=true trajectory_ready=true terminal_hold_pending=false
[INFO] [1788513187.017247221] [px4_navigation_external_mode]: Mission gate: wp=1 request=2 state=2 position_error_m=0.778 radius_m=0.700 speed_mps=4.062 acceptance_speed_mps=0.150 airborne=true trajectory_ready=true terminal_hold_pending=false
[INFO] [1788513187.018357224] [px4_navigation_external_mode]: external_mode_metrics odom_callbacks=101 odom_max_gap_us=20000 trajectory_received=125 trajectory_accepted=125 trajectory_rejected=0 waypoint_handoffs_retaining_command=0 setpoint_updates=127 setpoint_max_gap_us=16000 last_state_age_s=-1.000000 stale_state_failures=0 velocity_command_enu=(2.939,-0.057,-0.007) forward_guard_count=0
[INFO] [1788513187.067540924] [px4_navigation_external_mode]: Mission waypoint accepted: wp=1 position_error_m=0.618 speed_mps=4.033 next_wp=2 next_request=3
[INFO] [1788513187.068337456] [px4_navigation_external_mode]: Published mission waypoint 2 (open_north) behavior=0 next_target=(7.000,0.000,3.000)
[INFO] [1788513188.267256798] [px4_navigation_external_mode]: Mission gate: wp=2 request=3 state=2 position_error_m=1.602 radius_m=0.700 speed_mps=1.256 acceptance_speed_mps=0.150 airborne=true trajectory_ready=true terminal_hold_pending=false
[INFO] [1788513188.278371714] [px4_navigation_external_mode]: external_mode_metrics odom_callbacks=151 odom_max_gap_us=20000 trajectory_received=188 trajectory_accepted=188 trajectory_rejected=0 waypoint_handoffs_retaining_command=1 setpoint_updates=190 setpoint_max_gap_us=16000 last_state_age_s=-1.000000 stale_state_failures=0 velocity_command_enu=(0.171,-0.025,0.001) forward_guard_count=0
[WARN] [1788513189.208542830] [px4_navigation_external_mode]: planner backend terminal endpoint requires mission acknowledgement; holding for bounded planner recovery window 5.000 s
[INFO] [1788513189.208570464] [px4_navigation_external_mode]: terminal endpoint outside acceptance; waiting for same-request runtime recovery without advancing mission request
[INFO] [1788513189.208574100] [px4_navigation_external_mode]: Native completed command accepted: role=1 wp=2 request=3 state=2 measured_error_m=2.714 command_error_m=2.137 measured_speed_mps=0.617 main_hold_inside=false backup_hold_inside=false trajectory_ready=false terminal_hold_pending=false
[INFO] [1788513189.228574915] [px4_navigation_external_mode]: terminal endpoint outside acceptance; waiting for same-request runtime recovery without advancing mission request
[INFO] [1788513189.248733248] [px4_navigation_external_mode]: terminal endpoint outside acceptance; waiting for same-request runtime recovery without advancing mission request
[INFO] [1788513189.268594263] [px4_navigation_external_mode]: terminal endpoint outside acceptance; waiting for same-request runtime recovery without advancing mission request
[INFO] [1788513189.288688436] [px4_navigation_external_mode]: terminal endpoint outside acceptance; waiting for same-request runtime recovery without advancing mission request
[INFO] [1788513189.308574532] [px4_navigation_external_mode]: terminal endpoint outside acceptance; waiting for same-request runtime recovery without advancing mission request
[INFO] [1788513189.328604489] [px4_navigation_external_mode]: terminal endpoint outside acceptance; waiting for same-request runtime recovery without advancing mission request
[INFO] [1788513189.348687000] [px4_navigation_external_mode]: terminal endpoint outside acceptance; waiting for same-request runtime recovery without advancing mission request
[INFO] [1788513189.368625029] [px4_navigation_external_mode]: terminal endpoint outside acceptance; waiting for same-request runtime recovery without advancing mission request
[INFO] [1788513189.388607707] [px4_navigation_external_mode]: terminal endpoint outside acceptance; waiting for same-request runtime recovery without advancing mission request
[INFO] [1788513189.408591627] [px4_navigation_external_mode]: terminal endpoint outside acceptance; waiting for same-request runtime recovery without advancing mission request
[INFO] [1788513189.428566960] [px4_navigation_external_mode]: terminal endpoint outside acceptance; waiting for same-request runtime recovery without advancing mission request
[INFO] [1788513189.448703889] [px4_navigation_external_mode]: terminal endpoint outside acceptance; waiting for same-request runtime recovery without advancing mission request
[INFO] [1788513189.468627482] [px4_navigation_external_mode]: terminal endpoint outside acceptance; waiting for same-request runtime recovery without advancing mission request
[INFO] [1788513189.488645843] [px4_navigation_external_mode]: terminal endpoint outside acceptance; waiting for same-request runtime recovery without advancing mission request
[INFO] [1788513189.508533597] [px4_navigation_external_mode]: terminal endpoint outside acceptance; waiting for same-request runtime recovery without advancing mission request
[INFO] [1788513189.517247934] [px4_navigation_external_mode]: Mission gate: wp=2 request=3 state=2 position_error_m=2.727 radius_m=0.700 speed_mps=0.525 acceptance_speed_mps=0.150 airborne=true trajectory_ready=false terminal_hold_pending=false
[INFO] [1788513189.528617984] [px4_navigation_external_mode]: terminal endpoint outside acceptance; waiting for same-request runtime recovery without advancing mission request
[INFO] [1788513189.538365779] [px4_navigation_external_mode]: external_mode_metrics odom_callbacks=202 odom_max_gap_us=20000 trajectory_received=251 trajectory_accepted=251 trajectory_rejected=0 waypoint_handoffs_retaining_command=1 setpoint_updates=253 setpoint_max_gap_us=20000 last_state_age_s=-1.000000 stale_state_failures=0 velocity_command_enu=(-0.000,0.000,0.000) forward_guard_count=0
[INFO] [1788513189.548637017] [px4_navigation_external_mode]: terminal endpoint outside acceptance; waiting for same-request runtime recovery without advancing mission request
[INFO] [1788513189.568637421] [px4_navigation_external_mode]: terminal endpoint outside acceptance; waiting for same-request runtime recovery without advancing mission request
[INFO] [1788513189.588630341] [px4_navigation_external_mode]: terminal endpoint outside acceptance; waiting for same-request runtime recovery without advancing mission request
[INFO] [1788513189.608606898] [px4_navigation_external_mode]: terminal endpoint outside acceptance; waiting for same-request runtime recovery without advancing mission request
[INFO] [1788513189.628602232] [px4_navigation_external_mode]: terminal endpoint outside acceptance; waiting for same-request runtime recovery without advancing mission request
[INFO] [1788513189.648676442] [px4_navigation_external_mode]: terminal endpoint outside acceptance; waiting for same-request runtime recovery without advancing mission request
[INFO] [1788513189.668643431] [px4_navigation_external_mode]: terminal endpoint outside acceptance; waiting for same-request runtime recovery without advancing mission request
[INFO] [1788513189.688562867] [px4_navigation_external_mode]: terminal endpoint outside acceptance; waiting for same-request runtime recovery without advancing mission request
[INFO] [1788513189.708554232] [px4_navigation_external_mode]: terminal endpoint outside acceptance; waiting for same-request runtime recovery without advancing mission request
[INFO] [1788513189.728608416] [px4_navigation_external_mode]: terminal endpoint outside acceptance; waiting for same-request runtime recovery without advancing mission request
[INFO] [1788513189.748590722] [px4_navigation_external_mode]: terminal endpoint outside acceptance; waiting for same-request runtime recovery without advancing mission request
[INFO] [1788513189.768637885] [px4_navigation_external_mode]: terminal endpoint outside acceptance; waiting for same-request runtime recovery without advancing mission request
[INFO] [1788513189.788599541] [px4_navigation_external_mode]: terminal endpoint outside acceptance; waiting for same-request runtime recovery without advancing mission request
[INFO] [1788513189.808562710] [px4_navigation_external_mode]: terminal endpoint outside acceptance; waiting for same-request runtime recovery without advancing mission request
[INFO] [1788513189.828614136] [px4_navigation_external_mode]: terminal endpoint outside acceptance; waiting for same-request runtime recovery without advancing mission request
[INFO] [1788513189.848661865] [px4_navigation_external_mode]: terminal endpoint outside acceptance; waiting for same-request runtime recovery without advancing mission request
[INFO] [1788513189.868615645] [px4_navigation_external_mode]: terminal endpoint outside acceptance; waiting for same-request runtime recovery without advancing mission request
[INFO] [1788513189.888577759] [px4_navigation_external_mode]: terminal endpoint outside acceptance; waiting for same-request runtime recovery without advancing mission request
[INFO] [1788513189.908556646] [px4_navigation_external_mode]: terminal endpoint outside acceptance; waiting for same-request runtime recovery without advancing mission request
[INFO] [1788513189.928610076] [px4_navigation_external_mode]: terminal endpoint outside acceptance; waiting for same-request runtime recovery without advancing mission request
[INFO] [1788513189.948608168] [px4_navigation_external_mode]: terminal endpoint outside acceptance; waiting for same-request runtime recovery without advancing mission request
[INFO] [1788513189.968656731] [px4_navigation_external_mode]: terminal endpoint outside acceptance; waiting for same-request runtime recovery without advancing mission request
[INFO] [1788513189.988570826] [px4_navigation_external_mode]: terminal endpoint outside acceptance; waiting for same-request runtime recovery without advancing mission request
[INFO] [1788513190.008523308] [px4_navigation_external_mode]: terminal endpoint outside acceptance; waiting for same-request runtime recovery without advancing mission request
[INFO] [1788513190.028624162] [px4_navigation_external_mode]: terminal endpoint outside acceptance; waiting for same-request runtime recovery without advancing mission request
[INFO] [1788513190.048652453] [px4_navigation_external_mode]: terminal endpoint outside acceptance; waiting for same-request runtime recovery without advancing mission request
[INFO] [1788513190.068627764] [px4_navigation_external_mode]: terminal endpoint outside acceptance; waiting for same-request runtime recovery without advancing mission request
[INFO] [1788513190.088583553] [px4_navigation_external_mode]: terminal endpoint outside acceptance; waiting for same-request runtime recovery without advancing mission request
[INFO] [1788513190.108507284] [px4_navigation_external_mode]: terminal endpoint outside acceptance; waiting for same-request runtime recovery without advancing mission request
[INFO] [1788513190.128569119] [px4_navigation_external_mode]: terminal endpoint outside acceptance; waiting for same-request runtime recovery without advancing mission request
[INFO] [1788513190.148632496] [px4_navigation_external_mode]: terminal endpoint outside acceptance; waiting for same-request runtime recovery without advancing mission request
[INFO] [1788513190.168612377] [px4_navigation_external_mode]: terminal endpoint outside acceptance; waiting for same-request runtime recovery without advancing mission request
[INFO] [1788513190.188661749] [px4_navigation_external_mode]: terminal endpoint outside acceptance; waiting for same-request runtime recovery without advancing mission request
[INFO] [1788513190.208547047] [px4_navigation_external_mode]: terminal endpoint outside acceptance; waiting for same-request runtime recovery without advancing mission request
[INFO] [1788513190.228628393] [px4_navigation_external_mode]: terminal endpoint outside acceptance; waiting for same-request runtime recovery without advancing mission request
[INFO] [1788513190.248661969] [px4_navigation_external_mode]: terminal endpoint outside acceptance; waiting for same-request runtime recovery without advancing mission request
[INFO] [1788513190.268624258] [px4_navigation_external_mode]: terminal endpoint outside acceptance; waiting for same-request runtime recovery without advancing mission request
[INFO] [1788513190.288648380] [px4_navigation_external_mode]: terminal endpoint outside acceptance; waiting for same-request runtime recovery without advancing mission request
[INFO] [1788513190.308551239] [px4_navigation_external_mode]: terminal endpoint outside acceptance; waiting for same-request runtime recovery without advancing mission request
[INFO] [1788513190.328633447] [px4_navigation_external_mode]: terminal endpoint outside acceptance; waiting for same-request runtime recovery without advancing mission request
[INFO] [1788513190.348567011] [px4_navigation_external_mode]: terminal endpoint outside acceptance; waiting for same-request runtime recovery without advancing mission request
[INFO] [1788513190.368851919] [px4_navigation_external_mode]: terminal endpoint outside acceptance; waiting for same-request runtime recovery without advancing mission request
[INFO] [1788513190.388588691] [px4_navigation_external_mode]: terminal endpoint outside acceptance; waiting for same-request runtime recovery without advancing mission request
[INFO] [1788513190.408522817] [px4_navigation_external_mode]: terminal endpoint outside acceptance; waiting for same-request runtime recovery without advancing mission request
[INFO] [1788513190.428575910] [px4_navigation_external_mode]: terminal endpoint outside acceptance; waiting for same-request runtime recovery without advancing mission request
[INFO] [1788513190.448635153] [px4_navigation_external_mode]: terminal endpoint outside acceptance; waiting for same-request runtime recovery without advancing mission request
[INFO] [1788513190.468611146] [px4_navigation_external_mode]: terminal endpoint outside acceptance; waiting for same-request runtime recovery without advancing mission request
[INFO] [1788513190.468652545] [px4_navigation_external_mode]: Native completed command accepted: role=0 wp=2 request=3 state=2 measured_error_m=2.089 command_error_m=2.137 measured_speed_mps=0.620 main_hold_inside=false backup_hold_inside=false trajectory_ready=false terminal_hold_pending=false
[INFO] [1788513190.488612863] [px4_navigation_external_mode]: terminal endpoint outside acceptance; waiting for same-request runtime recovery without advancing mission request
[INFO] [1788513190.508526832] [px4_navigation_external_mode]: terminal endpoint outside acceptance; waiting for same-request runtime recovery without advancing mission request
[INFO] [1788513190.528598702] [px4_navigation_external_mode]: terminal endpoint outside acceptance; waiting for same-request runtime recovery without advancing mission request
[INFO] [1788513190.548628241] [px4_navigation_external_mode]: terminal endpoint outside acceptance; waiting for same-request runtime recovery without advancing mission request
[INFO] [1788513190.568594421] [px4_navigation_external_mode]: terminal endpoint outside acceptance; waiting for same-request runtime recovery without advancing mission request
[INFO] [1788513190.588594615] [px4_navigation_external_mode]: terminal endpoint outside acceptance; waiting for same-request runtime recovery without advancing mission request
[INFO] [1788513190.608574391] [px4_navigation_external_mode]: terminal endpoint outside acceptance; waiting for same-request runtime recovery without advancing mission request
[INFO] [1788513190.628587540] [px4_navigation_external_mode]: terminal endpoint outside acceptance; waiting for same-request runtime recovery without advancing mission request
[INFO] [1788513190.648588883] [px4_navigation_external_mode]: terminal endpoint outside acceptance; waiting for same-request runtime recovery without advancing mission request
[INFO] [1788513190.668623846] [px4_navigation_external_mode]: terminal endpoint outside acceptance; waiting for same-request runtime recovery without advancing mission request
[INFO] [1788513190.688697070] [px4_navigation_external_mode]: terminal endpoint outside acceptance; waiting for same-request runtime recovery without advancing mission request
[INFO] [1788513190.708605817] [px4_navigation_external_mode]: terminal endpoint outside acceptance; waiting for same-request runtime recovery without advancing mission request
[INFO] [1788513190.728627287] [px4_navigation_external_mode]: terminal endpoint outside acceptance; waiting for same-request runtime recovery without advancing mission request
[INFO] [1788513190.748654928] [px4_navigation_external_mode]: terminal endpoint outside acceptance; waiting for same-request runtime recovery without advancing mission request
[INFO] [1788513190.767259498] [px4_navigation_external_mode]: Mission gate: wp=2 request=3 state=2 position_error_m=2.018 radius_m=0.700 speed_mps=0.082 acceptance_speed_mps=0.150 airborne=true trajectory_ready=false terminal_hold_pending=false
[INFO] [1788513190.769269242] [px4_navigation_external_mode]: terminal endpoint outside acceptance; waiting for same-request runtime recovery without advancing mission request
[INFO] [1788513190.788563230] [px4_navigation_external_mode]: terminal endpoint outside acceptance; waiting for same-request runtime recovery without advancing mission request
[INFO] [1788513190.798374900] [px4_navigation_external_mode]: external_mode_metrics odom_callbacks=252 odom_max_gap_us=20000 trajectory_received=314 trajectory_accepted=314 trajectory_rejected=0 waypoint_handoffs_retaining_command=1 setpoint_updates=316 setpoint_max_gap_us=20000 last_state_age_s=-1.000000 stale_state_failures=0 velocity_command_enu=(-0.000,0.000,0.000) forward_guard_count=0
[INFO] [1788513190.808569737] [px4_navigation_external_mode]: terminal endpoint outside acceptance; waiting for same-request runtime recovery without advancing mission request
[INFO] [1788513190.828596889] [px4_navigation_external_mode]: terminal endpoint outside acceptance; waiting for same-request runtime recovery without advancing mission request
[INFO] [1788513190.848641703] [px4_navigation_external_mode]: terminal endpoint outside acceptance; waiting for same-request runtime recovery without advancing mission request
[INFO] [1788513190.868647460] [px4_navigation_external_mode]: terminal endpoint outside acceptance; waiting for same-request runtime recovery without advancing mission request
[INFO] [1788513190.888575758] [px4_navigation_external_mode]: terminal endpoint outside acceptance; waiting for same-request runtime recovery without advancing mission request
[INFO] [1788513190.908551934] [px4_navigation_external_mode]: terminal endpoint outside acceptance; waiting for same-request runtime recovery without advancing mission request
[INFO] [1788513190.928597272] [px4_navigation_external_mode]: terminal endpoint outside acceptance; waiting for same-request runtime recovery without advancing mission request
[INFO] [1788513190.948615353] [px4_navigation_external_mode]: terminal endpoint outside acceptance; waiting for same-request runtime recovery without advancing mission request
[INFO] [1788513190.968652439] [px4_navigation_external_mode]: terminal endpoint outside acceptance; waiting for same-request runtime recovery without advancing mission request
[INFO] [1788513190.988606035] [px4_navigation_external_mode]: terminal endpoint outside acceptance; waiting for same-request runtime recovery without advancing mission request
[INFO] [1788513191.008570921] [px4_navigation_external_mode]: terminal endpoint outside acceptance; waiting for same-request runtime recovery without advancing mission request
[INFO] [1788513191.028594214] [px4_navigation_external_mode]: terminal endpoint outside acceptance; waiting for same-request runtime recovery without advancing mission request
[INFO] [1788513191.048711405] [px4_navigation_external_mode]: terminal endpoint outside acceptance; waiting for same-request runtime recovery without advancing mission request
[INFO] [1788513191.069133013] [px4_navigation_external_mode]: terminal endpoint outside acceptance; waiting for same-request runtime recovery without advancing mission request
[INFO] [1788513191.088630152] [px4_navigation_external_mode]: terminal endpoint outside acceptance; waiting for same-request runtime recovery without advancing mission request
[INFO] [1788513191.108524585] [px4_navigation_external_mode]: terminal endpoint outside acceptance; waiting for same-request runtime recovery without advancing mission request
[INFO] [1788513191.128606603] [px4_navigation_external_mode]: terminal endpoint outside acceptance; waiting for same-request runtime recovery without advancing mission request
[INFO] [1788513191.148621134] [px4_navigation_external_mode]: terminal endpoint outside acceptance; waiting for same-request runtime recovery without advancing mission request
[INFO] [1788513191.168593930] [px4_navigation_external_mode]: terminal endpoint outside acceptance; waiting for same-request runtime recovery without advancing mission request
[INFO] [1788513191.188648899] [px4_navigation_external_mode]: terminal endpoint outside acceptance; waiting for same-request runtime recovery without advancing mission request
[INFO] [1788513191.208642675] [px4_navigation_external_mode]: terminal endpoint outside acceptance; waiting for same-request runtime recovery without advancing mission request
[INFO] [1788513191.228599907] [px4_navigation_external_mode]: terminal endpoint outside acceptance; waiting for same-request runtime recovery without advancing mission request
[INFO] [1788513191.248649922] [px4_navigation_external_mode]: terminal endpoint outside acceptance; waiting for same-request runtime recovery without advancing mission request
[INFO] [1788513191.268621670] [px4_navigation_external_mode]: terminal endpoint outside acceptance; waiting for same-request runtime recovery without advancing mission request
[INFO] [1788513191.288595069] [px4_navigation_external_mode]: terminal endpoint outside acceptance; waiting for same-request runtime recovery without advancing mission request
[INFO] [1788513191.308557992] [px4_navigation_external_mode]: terminal endpoint outside acceptance; waiting for same-request runtime recovery without advancing mission request
[INFO] [1788513191.328622870] [px4_navigation_external_mode]: terminal endpoint outside acceptance; waiting for same-request runtime recovery without advancing mission request
[INFO] [1788513191.348677702] [px4_navigation_external_mode]: terminal endpoint outside acceptance; waiting for same-request runtime recovery without advancing mission request
[INFO] [1788513191.368844613] [px4_navigation_external_mode]: terminal endpoint outside acceptance; waiting for same-request runtime recovery without advancing mission request
[INFO] [1788513191.388626268] [px4_navigation_external_mode]: terminal endpoint outside acceptance; waiting for same-request runtime recovery without advancing mission request
[INFO] [1788513191.408548393] [px4_navigation_external_mode]: terminal endpoint outside acceptance; waiting for same-request runtime recovery without advancing mission request
[INFO] [1788513191.428604127] [px4_navigation_external_mode]: terminal endpoint outside acceptance; waiting for same-request runtime recovery without advancing mission request
[INFO] [1788513191.448698418] [px4_navigation_external_mode]: terminal endpoint outside acceptance; waiting for same-request runtime recovery without advancing mission request
[INFO] [1788513191.468836074] [px4_navigation_external_mode]: terminal endpoint outside acceptance; waiting for same-request runtime recovery without advancing mission request
[INFO] [1788513191.488624459] [px4_navigation_external_mode]: terminal endpoint outside acceptance; waiting for same-request runtime recovery without advancing mission request
[INFO] [1788513191.508546113] [px4_navigation_external_mode]: terminal endpoint outside acceptance; waiting for same-request runtime recovery without advancing mission request
[INFO] [1788513191.528633596] [px4_navigation_external_mode]: terminal endpoint outside acceptance; waiting for same-request runtime recovery without advancing mission request
[INFO] [1788513191.548642097] [px4_navigation_external_mode]: terminal endpoint outside acceptance; waiting for same-request runtime recovery without advancing mission request
[INFO] [1788513191.568619474] [px4_navigation_external_mode]: terminal endpoint outside acceptance; waiting for same-request runtime recovery without advancing mission request
[INFO] [1788513191.588561898] [px4_navigation_external_mode]: terminal endpoint outside acceptance; waiting for same-request runtime recovery without advancing mission request
[INFO] [1788513191.608523252] [px4_navigation_external_mode]: terminal endpoint outside acceptance; waiting for same-request runtime recovery without advancing mission request
[INFO] [1788513191.628560905] [px4_navigation_external_mode]: terminal endpoint outside acceptance; waiting for same-request runtime recovery without advancing mission request
[INFO] [1788513191.648607913] [px4_navigation_external_mode]: terminal endpoint outside acceptance; waiting for same-request runtime recovery without advancing mission request
[INFO] [1788513191.668607428] [px4_navigation_external_mode]: terminal endpoint outside acceptance; waiting for same-request runtime recovery without advancing mission request
[INFO] [1788513191.688633073] [px4_navigation_external_mode]: terminal endpoint outside acceptance; waiting for same-request runtime recovery without advancing mission request
[INFO] [1788513191.708515359] [px4_navigation_external_mode]: terminal endpoint outside acceptance; waiting for same-request runtime recovery without advancing mission request
[INFO] [1788513191.728591744] [px4_navigation_external_mode]: terminal endpoint outside acceptance; waiting for same-request runtime recovery without advancing mission request
[INFO] [1788513191.728619604] [px4_navigation_external_mode]: Native completed command accepted: role=0 wp=2 request=3 state=2 measured_error_m=2.415 command_error_m=2.137 measured_speed_mps=0.579 main_hold_inside=false backup_hold_inside=false trajectory_ready=false terminal_hold_pending=false
[INFO] [1788513191.748646902] [px4_navigation_external_mode]: terminal endpoint outside acceptance; waiting for same-request runtime recovery without advancing mission request
[INFO] [1788513191.768622359] [px4_navigation_external_mode]: terminal endpoint outside acceptance; waiting for same-request runtime recovery without advancing mission request
[INFO] [1788513191.788602417] [px4_navigation_external_mode]: terminal endpoint outside acceptance; waiting for same-request runtime recovery without advancing mission request
[INFO] [1788513191.808559204] [px4_navigation_external_mode]: terminal endpoint outside acceptance; waiting for same-request runtime recovery without advancing mission request
[INFO] [1788513191.828634652] [px4_navigation_external_mode]: terminal endpoint outside acceptance; waiting for same-request runtime recovery without advancing mission request
[INFO] [1788513191.848627124] [px4_navigation_external_mode]: terminal endpoint outside acceptance; waiting for same-request runtime recovery without advancing mission request
[INFO] [1788513191.868615303] [px4_navigation_external_mode]: terminal endpoint outside acceptance; waiting for same-request runtime recovery without advancing mission request
[INFO] [1788513191.888595682] [px4_navigation_external_mode]: terminal endpoint outside acceptance; waiting for same-request runtime recovery without advancing mission request
[INFO] [1788513191.908518943] [px4_navigation_external_mode]: terminal endpoint outside acceptance; waiting for same-request runtime recovery without advancing mission request
[INFO] [1788513191.928593890] [px4_navigation_external_mode]: terminal endpoint outside acceptance; waiting for same-request runtime recovery without advancing mission request
[INFO] [1788513191.948666239] [px4_navigation_external_mode]: terminal endpoint outside acceptance; waiting for same-request runtime recovery without advancing mission request
[INFO] [1788513191.968660507] [px4_navigation_external_mode]: terminal endpoint outside acceptance; waiting for same-request runtime recovery without advancing mission request
[INFO] [1788513191.988633054] [px4_navigation_external_mode]: terminal endpoint outside acceptance; waiting for same-request runtime recovery without advancing mission request
[INFO] [1788513192.008553914] [px4_navigation_external_mode]: terminal endpoint outside acceptance; waiting for same-request runtime recovery without advancing mission request
[INFO] [1788513192.017257178] [px4_navigation_external_mode]: Mission gate: wp=2 request=3 state=2 position_error_m=2.508 radius_m=0.700 speed_mps=0.217 acceptance_speed_mps=0.150 airborne=true trajectory_ready=false terminal_hold_pending=false
[INFO] [1788513192.028557899] [px4_navigation_external_mode]: terminal endpoint outside acceptance; waiting for same-request runtime recovery without advancing mission request
[INFO] [1788513192.048647606] [px4_navigation_external_mode]: terminal endpoint outside acceptance; waiting for same-request runtime recovery without advancing mission request
[INFO] [1788513192.058372421] [px4_navigation_external_mode]: external_mode_metrics odom_callbacks=303 odom_max_gap_us=20000 trajectory_received=377 trajectory_accepted=377 trajectory_rejected=0 waypoint_handoffs_retaining_command=1 setpoint_updates=379 setpoint_max_gap_us=20000 last_state_age_s=-1.000000 stale_state_failures=0 velocity_command_enu=(-0.000,0.000,0.000) forward_guard_count=0
[INFO] [1788513192.068649872] [px4_navigation_external_mode]: terminal endpoint outside acceptance; waiting for same-request runtime recovery without advancing mission request
[INFO] [1788513192.088646633] [px4_navigation_external_mode]: terminal endpoint outside acceptance; waiting for same-request runtime recovery without advancing mission request
[INFO] [1788513192.108502595] [px4_navigation_external_mode]: terminal endpoint outside acceptance; waiting for same-request runtime recovery without advancing mission request
[INFO] [1788513193.267260647] [px4_navigation_external_mode]: Mission gate: wp=2 request=3 state=2 position_error_m=2.078 radius_m=0.700 speed_mps=1.859 acceptance_speed_mps=0.150 airborne=true trajectory_ready=true terminal_hold_pending=false
[INFO] [1788513193.318354991] [px4_navigation_external_mode]: external_mode_metrics odom_callbacks=353 odom_max_gap_us=24000 trajectory_received=440 trajectory_accepted=440 trajectory_rejected=0 waypoint_handoffs_retaining_command=1 setpoint_updates=442 setpoint_max_gap_us=20000 last_state_age_s=-1.000000 stale_state_failures=0 velocity_command_enu=(2.532,0.198,0.102) forward_guard_count=0
[INFO] [1788513193.867249233] [px4_navigation_external_mode]: Mission waypoint accepted: wp=2 position_error_m=0.697 speed_mps=3.743 next_wp=3 next_request=4
[INFO] [1788513193.867375175] [px4_navigation_external_mode]: Published mission waypoint 3 (open_west) behavior=0 next_target=(7.000,0.000,3.000)
[WARN] [1788513194.128578012] [px4_navigation_external_mode]: planner backend command rejected by identity contract: health_epoch=1 mission_identity=0 prior_suffix=0 monotonic=1 command=(mission=external_mode_open_route wp=2 request=3 goal_epoch=4 localization_epoch=11598806111765 generation=8 sample=481) active=(mission=external_mode_open_route wp=3 request=4 localization_epoch=11598806111765)
[INFO] [1788513194.217243001] [px4_navigation_external_mode]: Mission waypoint accepted: wp=3 position_error_m=0.653 speed_mps=3.658 next_wp=4 next_request=5
[INFO] [1788513194.217357618] [px4_navigation_external_mode]: Published mission waypoint 4 (open_finish) behavior=1 terminal=true
[ERROR] [1788513194.238401260] [px4_navigation_external_mode]: planner backend PVA command stale; safety hold then handover to PX4 Hold
[WARN] [1788513194.238442054] [px4_navigation_external_mode]: Avoidance Mission requesting PX4 Hold handover
[DEBUG] [1788513194.238448825] [px4_navigation_external_mode]: Owned navigation mode was deactivated by mode handover
[DEBUG] [1788513194.262704907] [px4_navigation_external_mode]: Mode 'Avoidance Mission' deactivated
[WARN] [1788513195.188614120] [px4_navigation_external_mode]: planner backend command rejected before acceptance validation: valid=0 command_present=1
[WARN] [1788513196.448574040] [px4_navigation_external_mode]: planner backend command rejected before acceptance validation: valid=0 command_present=1
[WARN] [1788513197.708533657] [px4_navigation_external_mode]: planner backend command rejected before acceptance validation: valid=0 command_present=1
[WARN] [1788513198.968603096] [px4_navigation_external_mode]: planner backend command rejected before acceptance validation: valid=0 command_present=1
[WARN] [1788513200.228567524] [px4_navigation_external_mode]: planner backend command rejected before acceptance validation: valid=0 command_present=1
[WARN] [1788513201.488569295] [px4_navigation_external_mode]: planner backend command rejected before acceptance validation: valid=0 command_present=1
[WARN] [1788513202.748649181] [px4_navigation_external_mode]: planner backend command rejected before acceptance validation: valid=0 command_present=1
[WARN] [1788513204.008511153] [px4_navigation_external_mode]: planner backend command rejected before acceptance validation: valid=0 command_present=1
[WARN] [1788513205.268593465] [px4_navigation_external_mode]: planner backend command rejected before acceptance validation: valid=0 command_present=1
[WARN] [1788513206.528625023] [px4_navigation_external_mode]: planner backend command rejected before acceptance validation: valid=0 command_present=1
[WARN] [1788513207.303090257] [px4_navigation_external_mode]: PX4 local frame reset detected; waiting for stationary re-alignment
[WARN] [1788513207.788670598] [px4_navigation_external_mode]: planner backend command rejected before acceptance validation: valid=0 command_present=1
[WARN] [1788513209.048586254] [px4_navigation_external_mode]: planner backend command rejected before acceptance validation: valid=0 command_present=1
[WARN] [1788513210.308541966] [px4_navigation_external_mode]: planner backend command rejected before acceptance validation: valid=0 command_present=1
[WARN] [1788513211.568567636] [px4_navigation_external_mode]: planner backend command rejected before acceptance validation: valid=0 command_present=1
[WARN] [1788513212.828620614] [px4_navigation_external_mode]: planner backend command rejected before acceptance validation: valid=0 command_present=1
[WARN] [1788513214.088663544] [px4_navigation_external_mode]: planner backend command rejected before acceptance validation: valid=0 command_present=1
[WARN] [1788513215.348580348] [px4_navigation_external_mode]: planner backend command rejected before acceptance validation: valid=0 command_present=1
[WARN] [1788513216.608553273] [px4_navigation_external_mode]: planner backend command rejected before acceptance validation: valid=0 command_present=1
[WARN] [1788513217.868609988] [px4_navigation_external_mode]: planner backend command rejected before acceptance validation: valid=0 command_present=1
[WARN] [1788513219.128532372] [px4_navigation_external_mode]: planner backend command rejected before acceptance validation: valid=0 command_present=1
[DEBUG] [1788513224.923283171] [px4_navigation_external_mode]: Mode executor 'Avoidance Mission' deactivated (0)
[INFO] [1788513224.923317588] [px4_navigation_external_mode]: PX4 Hold handover completed with result=Deactivated
[INFO] [1788513224.923321741] [px4_navigation_external_mode]: Avoidance Mission executor deactivated (failsafe)
