[INFO] [launch]: All log files can be found below /home/letandat/Dev/uav-navigation/.artifacts/runtime/external-mode-check-20260904T124531-24234/logs/2026-09-04-19-45-41-964030-letandat-Legion-5-Pro-16IAH7H-25159
[INFO] [launch]: Default logging verbosity is set to INFO
[INFO] [px4_navigation_external_mode_node-1]: process started with pid [25203]
[px4_navigation_external_mode_node-1] [INFO] [1788525942.101874559] [px4_navigation_external_mode]: External Mode timing contract: command_stream=0.10s state_age=0.20s initial_hold=5.0s stopped_recovery=5.0s
[px4_navigation_external_mode_node-1] [INFO] [1788525942.106109318] [px4_navigation_external_mode]: External Mode command contract: planner backend PVA
[px4_navigation_external_mode_node-1] [DEBUG] [1788525942.109406604] [px4_navigation_external_mode]: Waiting for FMU...
[px4_navigation_external_mode_node-1] [DEBUG] [1788525944.780166246] [px4_navigation_external_mode]: Checking message compatibility...
[px4_navigation_external_mode_node-1] [DEBUG] [1788525944.781434885] [px4_navigation_external_mode]: Subscriber found, continuing
[px4_navigation_external_mode_node-1] [DEBUG] [1788525944.781597221] [px4_navigation_external_mode]: Publisher found, continuing
[px4_navigation_external_mode_node-1] [DEBUG] [1788525945.282385429] [px4_navigation_external_mode]: Registering 'Avoidance Mission' (arming check: 1, mode: 1, mode executor: 1)
[px4_navigation_external_mode_node-1] [DEBUG] [1788525945.282424406] [px4_navigation_external_mode]: Subscriber found, continuing
[px4_navigation_external_mode_node-1] [DEBUG] [1788525945.282456759] [px4_navigation_external_mode]: Publisher found, continuing
[px4_navigation_external_mode_node-1] [DEBUG] [1788525945.304456075] [px4_navigation_external_mode]: Got RegisterExtComponentReply
[px4_navigation_external_mode_node-1] [WARN] [1788525945.304824993] [rcl.logging_rosout]: Publisher already registered for node name: 'px4_navigation_external_mode'. If this is due to multiple nodes with the same name then all logs for the logger named 'px4_navigation_external_mode' will go out over the existing publisher. As soon as any node with that name is destructed it will unregister the publisher, preventing any further logs for that name from being published on the rosout topic.
[px4_navigation_external_mode_node-1] [INFO] [1788525945.317108479] [px4_navigation_external_mode]: External Mode state inputs use an independent single-thread receiver node
[px4_navigation_external_mode_node-1] [INFO] [1788525945.317373055] [px4_navigation_external_mode]: Mission gate: wp=0 request=0 state=0 position_error_m=-1.000 radius_m=0.700 speed_mps=-1.000 acceptance_speed_mps=0.150 airborne=false trajectory_ready=false terminal_hold_pending=false
[px4_navigation_external_mode_node-1] [DEBUG] [1788525945.319358624] [px4_navigation_external_mode]: Arming check request (id=1, only printed once)
[px4_navigation_external_mode_node-1] [INFO] [1788525946.607736932] [px4_navigation_external_mode]: Mission gate: wp=0 request=0 state=0 position_error_m=3.010 radius_m=0.700 speed_mps=0.002 acceptance_speed_mps=0.150 airborne=false trajectory_ready=false terminal_hold_pending=false
[px4_navigation_external_mode_node-1] [INFO] [1788525947.857752772] [px4_navigation_external_mode]: Mission gate: wp=0 request=0 state=0 position_error_m=3.010 radius_m=0.700 speed_mps=0.002 acceptance_speed_mps=0.150 airborne=false trajectory_ready=false terminal_hold_pending=false
[px4_navigation_external_mode_node-1] [INFO] [1788525949.107719361] [px4_navigation_external_mode]: Mission gate: wp=0 request=0 state=0 position_error_m=3.010 radius_m=0.700 speed_mps=0.005 acceptance_speed_mps=0.150 airborne=false trajectory_ready=false terminal_hold_pending=false
[px4_navigation_external_mode_node-1] [INFO] [1788525950.357727481] [px4_navigation_external_mode]: Mission gate: wp=0 request=0 state=0 position_error_m=3.011 radius_m=0.700 speed_mps=0.004 acceptance_speed_mps=0.150 airborne=false trajectory_ready=false terminal_hold_pending=false
[px4_navigation_external_mode_node-1] [INFO] [1788525951.607750006] [px4_navigation_external_mode]: Mission gate: wp=0 request=0 state=0 position_error_m=3.011 radius_m=0.700 speed_mps=0.004 acceptance_speed_mps=0.150 airborne=false trajectory_ready=false terminal_hold_pending=false
[px4_navigation_external_mode_node-1] [DEBUG] [1788525951.874318727] [px4_navigation_external_mode]: Mode executor 'Avoidance Mission' activated
[px4_navigation_external_mode_node-1] [INFO] [1788525951.874358025] [px4_navigation_external_mode]: Avoidance Mission executor activated
[px4_navigation_external_mode_node-1] [DEBUG] [1788525951.889949499] [px4_navigation_external_mode]: Mode 'Avoidance Mission' activated
[px4_navigation_external_mode_node-1] [INFO] [1788525951.890113557] [px4_navigation_external_mode]: external_mode_metrics odom_callbacks=0 odom_max_gap_us=0 trajectory_received=0 trajectory_accepted=0 trajectory_rejected=0 waypoint_handoffs_retaining_command=0 setpoint_updates=1 setpoint_max_gap_us=0 last_state_age_s=-1.000000 stale_state_failures=0 velocity_command_enu=(0.000,0.000,0.000) forward_guard_count=0
[px4_navigation_external_mode_node-1] [DEBUG] [1788525952.149651066] [px4_navigation_external_mode]: Mode executor 'Avoidance Mission' deactivated (1)
[px4_navigation_external_mode_node-1] [DEBUG] [1788525952.149872463] [px4_navigation_external_mode]: Owned navigation mode was deactivated by mode handover
[px4_navigation_external_mode_node-1] [INFO] [1788525952.149879953] [px4_navigation_external_mode]: Avoidance Mission executor deactivated (mode_exit)
[px4_navigation_external_mode_node-1] [DEBUG] [1788525952.149886928] [px4_navigation_external_mode]: Mode 'Avoidance Mission' deactivated
[px4_navigation_external_mode_node-1] [DEBUG] [1788525966.950057198] [px4_navigation_external_mode]: Mode executor 'Avoidance Mission' activated
[px4_navigation_external_mode_node-1] [INFO] [1788525966.950104917] [px4_navigation_external_mode]: Avoidance Mission executor activated
[px4_navigation_external_mode_node-1] [DEBUG] [1788525966.965066095] [px4_navigation_external_mode]: Mode 'Avoidance Mission' activated
[px4_navigation_external_mode_node-1] [INFO] [1788525966.965167686] [px4_navigation_external_mode]: Mission gate: wp=0 request=0 state=1 position_error_m=0.363 radius_m=0.700 speed_mps=0.074 acceptance_speed_mps=0.150 airborne=true trajectory_ready=false terminal_hold_pending=false
[px4_navigation_external_mode_node-1] [INFO] [1788525966.965298613] [px4_navigation_external_mode]: Published mission waypoint 0 (open_start) behavior=0 next_target=(3.000,0.000,3.000)
[px4_navigation_external_mode_node-1] [INFO] [1788525966.965318609] [px4_navigation_external_mode]: external_mode_metrics odom_callbacks=0 odom_max_gap_us=0 trajectory_received=0 trajectory_accepted=0 trajectory_rejected=0 waypoint_handoffs_retaining_command=0 setpoint_updates=1 setpoint_max_gap_us=0 last_state_age_s=-1.000000 stale_state_failures=0 velocity_command_enu=(0.000,0.000,0.000) forward_guard_count=0
[px4_navigation_external_mode_node-1] [INFO] [1788525966.965432100] [px4_navigation_external_mode]: Mission waypoint accepted: wp=0 position_error_m=0.363 speed_mps=0.074 next_wp=1 next_request=2
[px4_navigation_external_mode_node-1] [INFO] [1788525966.965517801] [px4_navigation_external_mode]: Published mission waypoint 1 (open_east) behavior=0 next_target=(6.000,0.000,3.000)
[px4_navigation_external_mode_node-1] [INFO] [1788525966.975149016] [px4_navigation_external_mode]: PX4 local frame aligned to LIO: translation_ned=(0.231,0.120,-0.002)
[px4_navigation_external_mode_node-1] [INFO] [1788525968.225491493] [px4_navigation_external_mode]: external_mode_metrics odom_callbacks=50 odom_max_gap_us=20000 trajectory_received=53 trajectory_accepted=53 trajectory_rejected=0 waypoint_handoffs_retaining_command=0 setpoint_updates=64 setpoint_max_gap_us=16000 last_state_age_s=-1.000000 stale_state_failures=0 velocity_command_enu=(0.548,0.095,0.103) forward_guard_count=0
[px4_navigation_external_mode_node-1] [INFO] [1788525968.257728965] [px4_navigation_external_mode]: Mission gate: wp=1 request=2 state=2 position_error_m=2.793 radius_m=0.700 speed_mps=2.016 acceptance_speed_mps=0.150 airborne=true trajectory_ready=false terminal_hold_pending=false
[px4_navigation_external_mode_node-1] [WARN] [1788525968.868307505] [px4_navigation_external_mode]: planner backend terminal endpoint requires mission acknowledgement; holding for bounded planner recovery window 5.000 s
[px4_navigation_external_mode_node-1] [INFO] [1788525968.868333605] [px4_navigation_external_mode]: terminal endpoint outside acceptance; waiting for same-request runtime recovery without advancing mission request
[px4_navigation_external_mode_node-1] [INFO] [1788525968.868336516] [px4_navigation_external_mode]: Native completed command accepted: role=1 wp=1 request=2 state=2 measured_error_m=2.292 command_error_m=2.951 measured_speed_mps=0.208 main_hold_inside=false backup_hold_inside=false trajectory_ready=false terminal_hold_pending=false
[px4_navigation_external_mode_node-1] [INFO] [1788525968.888339707] [px4_navigation_external_mode]: terminal endpoint outside acceptance; waiting for same-request runtime recovery without advancing mission request
[px4_navigation_external_mode_node-1] [INFO] [1788525968.908424307] [px4_navigation_external_mode]: terminal endpoint outside acceptance; waiting for same-request runtime recovery without advancing mission request
[px4_navigation_external_mode_node-1] [INFO] [1788525968.928362205] [px4_navigation_external_mode]: terminal endpoint outside acceptance; waiting for same-request runtime recovery without advancing mission request
[px4_navigation_external_mode_node-1] [INFO] [1788525968.948408280] [px4_navigation_external_mode]: terminal endpoint outside acceptance; waiting for same-request runtime recovery without advancing mission request
[px4_navigation_external_mode_node-1] [INFO] [1788525968.968377343] [px4_navigation_external_mode]: terminal endpoint outside acceptance; waiting for same-request runtime recovery without advancing mission request
[px4_navigation_external_mode_node-1] [INFO] [1788525968.988417825] [px4_navigation_external_mode]: terminal endpoint outside acceptance; waiting for same-request runtime recovery without advancing mission request
[px4_navigation_external_mode_node-1] [INFO] [1788525969.008336325] [px4_navigation_external_mode]: terminal endpoint outside acceptance; waiting for same-request runtime recovery without advancing mission request
[px4_navigation_external_mode_node-1] [INFO] [1788525969.028376375] [px4_navigation_external_mode]: terminal endpoint outside acceptance; waiting for same-request runtime recovery without advancing mission request
[px4_navigation_external_mode_node-1] [INFO] [1788525969.048517913] [px4_navigation_external_mode]: terminal endpoint outside acceptance; waiting for same-request runtime recovery without advancing mission request
[px4_navigation_external_mode_node-1] [INFO] [1788525969.068377998] [px4_navigation_external_mode]: terminal endpoint outside acceptance; waiting for same-request runtime recovery without advancing mission request
[px4_navigation_external_mode_node-1] [INFO] [1788525969.088349420] [px4_navigation_external_mode]: terminal endpoint outside acceptance; waiting for same-request runtime recovery without advancing mission request
[px4_navigation_external_mode_node-1] [INFO] [1788525969.108306305] [px4_navigation_external_mode]: terminal endpoint outside acceptance; waiting for same-request runtime recovery without advancing mission request
[px4_navigation_external_mode_node-1] [INFO] [1788525969.128373947] [px4_navigation_external_mode]: terminal endpoint outside acceptance; waiting for same-request runtime recovery without advancing mission request
[px4_navigation_external_mode_node-1] [INFO] [1788525969.148293912] [px4_navigation_external_mode]: terminal endpoint outside acceptance; waiting for same-request runtime recovery without advancing mission request
[px4_navigation_external_mode_node-1] [INFO] [1788525969.168337907] [px4_navigation_external_mode]: terminal endpoint outside acceptance; waiting for same-request runtime recovery without advancing mission request
[px4_navigation_external_mode_node-1] [INFO] [1788525969.188352169] [px4_navigation_external_mode]: terminal endpoint outside acceptance; waiting for same-request runtime recovery without advancing mission request
[px4_navigation_external_mode_node-1] [INFO] [1788525969.208330044] [px4_navigation_external_mode]: terminal endpoint outside acceptance; waiting for same-request runtime recovery without advancing mission request
[px4_navigation_external_mode_node-1] [INFO] [1788525969.228304020] [px4_navigation_external_mode]: terminal endpoint outside acceptance; waiting for same-request runtime recovery without advancing mission request
[px4_navigation_external_mode_node-1] [INFO] [1788525969.248407146] [px4_navigation_external_mode]: terminal endpoint outside acceptance; waiting for same-request runtime recovery without advancing mission request
[px4_navigation_external_mode_node-1] [INFO] [1788525969.268340589] [px4_navigation_external_mode]: terminal endpoint outside acceptance; waiting for same-request runtime recovery without advancing mission request
[px4_navigation_external_mode_node-1] [INFO] [1788525969.288396968] [px4_navigation_external_mode]: terminal endpoint outside acceptance; waiting for same-request runtime recovery without advancing mission request
[px4_navigation_external_mode_node-1] [INFO] [1788525969.308348293] [px4_navigation_external_mode]: terminal endpoint outside acceptance; waiting for same-request runtime recovery without advancing mission request
[px4_navigation_external_mode_node-1] [INFO] [1788525969.328464607] [px4_navigation_external_mode]: terminal endpoint outside acceptance; waiting for same-request runtime recovery without advancing mission request
[px4_navigation_external_mode_node-1] [INFO] [1788525969.348331078] [px4_navigation_external_mode]: terminal endpoint outside acceptance; waiting for same-request runtime recovery without advancing mission request
[px4_navigation_external_mode_node-1] [INFO] [1788525969.368300703] [px4_navigation_external_mode]: terminal endpoint outside acceptance; waiting for same-request runtime recovery without advancing mission request
[px4_navigation_external_mode_node-1] [INFO] [1788525969.388358395] [px4_navigation_external_mode]: terminal endpoint outside acceptance; waiting for same-request runtime recovery without advancing mission request
[px4_navigation_external_mode_node-1] [INFO] [1788525969.408334840] [px4_navigation_external_mode]: terminal endpoint outside acceptance; waiting for same-request runtime recovery without advancing mission request
[px4_navigation_external_mode_node-1] [INFO] [1788525969.428413199] [px4_navigation_external_mode]: terminal endpoint outside acceptance; waiting for same-request runtime recovery without advancing mission request
[px4_navigation_external_mode_node-1] [INFO] [1788525969.448401074] [px4_navigation_external_mode]: terminal endpoint outside acceptance; waiting for same-request runtime recovery without advancing mission request
[px4_navigation_external_mode_node-1] [INFO] [1788525969.468387359] [px4_navigation_external_mode]: terminal endpoint outside acceptance; waiting for same-request runtime recovery without advancing mission request
[px4_navigation_external_mode_node-1] [INFO] [1788525969.485490422] [px4_navigation_external_mode]: external_mode_metrics odom_callbacks=101 odom_max_gap_us=20000 trajectory_received=116 trajectory_accepted=116 trajectory_rejected=0 waypoint_handoffs_retaining_command=0 setpoint_updates=127 setpoint_max_gap_us=16000 last_state_age_s=-1.000000 stale_state_failures=0 velocity_command_enu=(0.000,0.000,-0.000) forward_guard_count=0
[px4_navigation_external_mode_node-1] [INFO] [1788525969.488373939] [px4_navigation_external_mode]: terminal endpoint outside acceptance; waiting for same-request runtime recovery without advancing mission request
[px4_navigation_external_mode_node-1] [INFO] [1788525969.507765872] [px4_navigation_external_mode]: Mission gate: wp=1 request=2 state=2 position_error_m=2.612 radius_m=0.700 speed_mps=0.678 acceptance_speed_mps=0.150 airborne=true trajectory_ready=false terminal_hold_pending=false
[px4_navigation_external_mode_node-1] [INFO] [1788525969.508350249] [px4_navigation_external_mode]: terminal endpoint outside acceptance; waiting for same-request runtime recovery without advancing mission request
[px4_navigation_external_mode_node-1] [INFO] [1788525969.528401351] [px4_navigation_external_mode]: terminal endpoint outside acceptance; waiting for same-request runtime recovery without advancing mission request
[px4_navigation_external_mode_node-1] [INFO] [1788525969.548373281] [px4_navigation_external_mode]: terminal endpoint outside acceptance; waiting for same-request runtime recovery without advancing mission request
[px4_navigation_external_mode_node-1] [INFO] [1788525969.568326858] [px4_navigation_external_mode]: terminal endpoint outside acceptance; waiting for same-request runtime recovery without advancing mission request
[px4_navigation_external_mode_node-1] [INFO] [1788525969.588493376] [px4_navigation_external_mode]: terminal endpoint outside acceptance; waiting for same-request runtime recovery without advancing mission request
[px4_navigation_external_mode_node-1] [INFO] [1788525969.608440099] [px4_navigation_external_mode]: terminal endpoint outside acceptance; waiting for same-request runtime recovery without advancing mission request
[px4_navigation_external_mode_node-1] [INFO] [1788525969.628285268] [px4_navigation_external_mode]: terminal endpoint outside acceptance; waiting for same-request runtime recovery without advancing mission request
[px4_navigation_external_mode_node-1] [INFO] [1788525969.648438149] [px4_navigation_external_mode]: terminal endpoint outside acceptance; waiting for same-request runtime recovery without advancing mission request
[px4_navigation_external_mode_node-1] [INFO] [1788525969.668397893] [px4_navigation_external_mode]: terminal endpoint outside acceptance; waiting for same-request runtime recovery without advancing mission request
[px4_navigation_external_mode_node-1] [INFO] [1788525969.688431315] [px4_navigation_external_mode]: terminal endpoint outside acceptance; waiting for same-request runtime recovery without advancing mission request
[px4_navigation_external_mode_node-1] [INFO] [1788525969.708343765] [px4_navigation_external_mode]: terminal endpoint outside acceptance; waiting for same-request runtime recovery without advancing mission request
[px4_navigation_external_mode_node-1] [INFO] [1788525969.728446889] [px4_navigation_external_mode]: terminal endpoint outside acceptance; waiting for same-request runtime recovery without advancing mission request
[px4_navigation_external_mode_node-1] [INFO] [1788525969.748333435] [px4_navigation_external_mode]: terminal endpoint outside acceptance; waiting for same-request runtime recovery without advancing mission request
[px4_navigation_external_mode_node-1] [INFO] [1788525969.768331625] [px4_navigation_external_mode]: terminal endpoint outside acceptance; waiting for same-request runtime recovery without advancing mission request
[px4_navigation_external_mode_node-1] [INFO] [1788525969.788368007] [px4_navigation_external_mode]: terminal endpoint outside acceptance; waiting for same-request runtime recovery without advancing mission request
[px4_navigation_external_mode_node-1] [INFO] [1788525969.808388108] [px4_navigation_external_mode]: terminal endpoint outside acceptance; waiting for same-request runtime recovery without advancing mission request
[px4_navigation_external_mode_node-1] [INFO] [1788525969.828408912] [px4_navigation_external_mode]: terminal endpoint outside acceptance; waiting for same-request runtime recovery without advancing mission request
[px4_navigation_external_mode_node-1] [INFO] [1788525969.848398255] [px4_navigation_external_mode]: terminal endpoint outside acceptance; waiting for same-request runtime recovery without advancing mission request
[px4_navigation_external_mode_node-1] [INFO] [1788525969.868417115] [px4_navigation_external_mode]: terminal endpoint outside acceptance; waiting for same-request runtime recovery without advancing mission request
[px4_navigation_external_mode_node-1] [INFO] [1788525969.888337554] [px4_navigation_external_mode]: terminal endpoint outside acceptance; waiting for same-request runtime recovery without advancing mission request
[px4_navigation_external_mode_node-1] [INFO] [1788525969.908301554] [px4_navigation_external_mode]: terminal endpoint outside acceptance; waiting for same-request runtime recovery without advancing mission request
[px4_navigation_external_mode_node-1] [INFO] [1788525969.928466032] [px4_navigation_external_mode]: terminal endpoint outside acceptance; waiting for same-request runtime recovery without advancing mission request
[px4_navigation_external_mode_node-1] [INFO] [1788525969.948531228] [px4_navigation_external_mode]: terminal endpoint outside acceptance; waiting for same-request runtime recovery without advancing mission request
[px4_navigation_external_mode_node-1] [INFO] [1788525969.968349134] [px4_navigation_external_mode]: terminal endpoint outside acceptance; waiting for same-request runtime recovery without advancing mission request
[px4_navigation_external_mode_node-1] [INFO] [1788525969.988384130] [px4_navigation_external_mode]: terminal endpoint outside acceptance; waiting for same-request runtime recovery without advancing mission request
[px4_navigation_external_mode_node-1] [INFO] [1788525970.008294893] [px4_navigation_external_mode]: terminal endpoint outside acceptance; waiting for same-request runtime recovery without advancing mission request
[px4_navigation_external_mode_node-1] [INFO] [1788525970.028454808] [px4_navigation_external_mode]: terminal endpoint outside acceptance; waiting for same-request runtime recovery without advancing mission request
[px4_navigation_external_mode_node-1] [INFO] [1788525970.048479239] [px4_navigation_external_mode]: terminal endpoint outside acceptance; waiting for same-request runtime recovery without advancing mission request
[px4_navigation_external_mode_node-1] [INFO] [1788525970.068563288] [px4_navigation_external_mode]: terminal endpoint outside acceptance; waiting for same-request runtime recovery without advancing mission request
[px4_navigation_external_mode_node-1] [INFO] [1788525970.088465853] [px4_navigation_external_mode]: terminal endpoint outside acceptance; waiting for same-request runtime recovery without advancing mission request
[px4_navigation_external_mode_node-1] [INFO] [1788525970.108322944] [px4_navigation_external_mode]: terminal endpoint outside acceptance; waiting for same-request runtime recovery without advancing mission request
[px4_navigation_external_mode_node-1] [INFO] [1788525970.128407338] [px4_navigation_external_mode]: terminal endpoint outside acceptance; waiting for same-request runtime recovery without advancing mission request
[px4_navigation_external_mode_node-1] [INFO] [1788525970.128446369] [px4_navigation_external_mode]: Native completed command accepted: role=0 wp=1 request=2 state=2 measured_error_m=2.803 command_error_m=2.951 measured_speed_mps=0.091 main_hold_inside=false backup_hold_inside=false trajectory_ready=false terminal_hold_pending=false
[px4_navigation_external_mode_node-1] [INFO] [1788525970.148337255] [px4_navigation_external_mode]: terminal endpoint outside acceptance; waiting for same-request runtime recovery without advancing mission request
[px4_navigation_external_mode_node-1] [INFO] [1788525970.745471208] [px4_navigation_external_mode]: external_mode_metrics odom_callbacks=151 odom_max_gap_us=20000 trajectory_received=179 trajectory_accepted=179 trajectory_rejected=0 waypoint_handoffs_retaining_command=0 setpoint_updates=190 setpoint_max_gap_us=16000 last_state_age_s=-1.000000 stale_state_failures=0 velocity_command_enu=(1.026,0.110,0.042) forward_guard_count=0
[px4_navigation_external_mode_node-1] [INFO] [1788525970.757765820] [px4_navigation_external_mode]: Mission gate: wp=1 request=2 state=2 position_error_m=2.742 radius_m=0.700 speed_mps=0.614 acceptance_speed_mps=0.150 airborne=true trajectory_ready=true terminal_hold_pending=false
[px4_navigation_external_mode_node-1] [INFO] [1788525971.757726579] [px4_navigation_external_mode]: Mission waypoint accepted: wp=1 position_error_m=0.612 speed_mps=4.172 next_wp=2 next_request=3
[px4_navigation_external_mode_node-1] [INFO] [1788525971.757831692] [px4_navigation_external_mode]: Published mission waypoint 2 (open_north) behavior=0 next_target=(7.000,0.000,3.000)
[px4_navigation_external_mode_node-1] [INFO] [1788525972.005472917] [px4_navigation_external_mode]: external_mode_metrics odom_callbacks=202 odom_max_gap_us=20000 trajectory_received=242 trajectory_accepted=242 trajectory_rejected=0 waypoint_handoffs_retaining_command=1 setpoint_updates=253 setpoint_max_gap_us=16000 last_state_age_s=-1.000000 stale_state_failures=0 velocity_command_enu=(1.746,0.170,0.042) forward_guard_count=0
[px4_navigation_external_mode_node-1] [INFO] [1788525972.007690621] [px4_navigation_external_mode]: Mission gate: wp=2 request=3 state=2 position_error_m=2.858 radius_m=0.700 speed_mps=3.148 acceptance_speed_mps=0.150 airborne=true trajectory_ready=true terminal_hold_pending=false
[px4_navigation_external_mode_node-1] [INFO] [1788525973.257776760] [px4_navigation_external_mode]: Mission gate: wp=2 request=3 state=2 position_error_m=1.288 radius_m=0.700 speed_mps=2.381 acceptance_speed_mps=0.150 airborne=true trajectory_ready=true terminal_hold_pending=false
[px4_navigation_external_mode_node-1] [INFO] [1788525973.265475791] [px4_navigation_external_mode]: external_mode_metrics odom_callbacks=252 odom_max_gap_us=20000 trajectory_received=305 trajectory_accepted=305 trajectory_rejected=0 waypoint_handoffs_retaining_command=1 setpoint_updates=316 setpoint_max_gap_us=16000 last_state_age_s=-1.000000 stale_state_failures=0 velocity_command_enu=(2.941,-0.006,-0.005) forward_guard_count=0
[px4_navigation_external_mode_node-1] [ERROR] [1788525974.068376692] [px4_navigation_external_mode]: planner backend tracking envelope exceeded: longitudinal=0.000/0.750 m reverse=0.780/0.750 m lateral=0.054/0.750 m measured_enu=[6.653,-0.121,3.070] command_enu=[5.874,-0.117,3.000] measured_velocity_body_frame=[1.952,-0.095,-0.731] command_velocity_enu=[0.337,-0.017,0.013] command_acceleration_enu=[-3.929,0.201,-0.111] command_jerk_enu=[22.909,-1.172,-0.011] odom_header_age_ms=8.000 odom_receive_age_ms=8.000 message_id=346 generation=7 role=EMERGENCY trajectory_time=0.572000 s status=2 stamp=28.815999999 previous_message_id=345 previous_generation=7 previous_trajectory_time=0.556000 generation_changed=0 generation_delta=0 previous_valid=1 previous_p=[5.868,-0.116,3.000] previous_v=[0.403,-0.021,0.015] command_delta_p=0.005928 previous_a=[-4.287,0.219,-0.109] previous_j=[21.789,-1.115,-0.160] command_delta_v=0.065856 command_delta_a=0.358419 command_delta_j=1.131953
[px4_navigation_external_mode_node-1] [ERROR] [1788525974.068534110] [px4_navigation_external_mode]: planner backend PVA command anchor is not near vehicle; safety hold then handover to PX4 Hold
[px4_navigation_external_mode_node-1] [WARN] [1788525974.068552034] [px4_navigation_external_mode]: Avoidance Mission requesting PX4 Hold handover
[px4_navigation_external_mode_node-1] [DEBUG] [1788525974.068562295] [px4_navigation_external_mode]: Owned navigation mode was deactivated by mode handover
[px4_navigation_external_mode_node-1] [ERROR] [1788525974.088310264] [px4_navigation_external_mode]: planner backend tracking envelope exceeded: longitudinal=0.000/0.750 m reverse=0.811/0.750 m lateral=0.058/0.750 m measured_enu=[6.688,-0.123,3.079] command_enu=[5.879,-0.117,3.000] measured_velocity_body_frame=[1.784,-0.090,-0.713] command_velocity_enu=[0.277,-0.014,0.011] command_acceleration_enu=[-3.555,0.182,-0.110] command_jerk_enu=[23.743,-1.215,0.139] odom_header_age_ms=4.000 odom_receive_age_ms=4.000 message_id=347 generation=7 role=EMERGENCY trajectory_time=0.588000 s status=2 stamp=28.832000000 previous_message_id=0 previous_generation=0 previous_trajectory_time=0.000000 generation_changed=0 generation_delta=0 previous_valid=0 previous_p=[nan,nan,nan] previous_v=[nan,nan,nan] command_delta_p=nan previous_a=[nan,nan,nan] previous_j=[nan,nan,nan] command_delta_v=nan command_delta_a=nan command_delta_j=nan
[px4_navigation_external_mode_node-1] [ERROR] [1788525974.108276695] [px4_navigation_external_mode]: planner backend tracking envelope exceeded: longitudinal=0.000/0.750 m reverse=0.844/0.750 m lateral=0.063/0.750 m measured_enu=[6.725,-0.125,3.087] command_enu=[5.883,-0.117,3.000] measured_velocity_body_frame=[1.618,-0.087,-0.697] command_velocity_enu=[0.224,-0.011,0.009] command_acceleration_enu=[-3.171,0.162,-0.106] command_jerk_enu=[24.264,-1.242,0.283] odom_header_age_ms=0.000 odom_receive_age_ms=0.000 message_id=348 generation=7 role=EMERGENCY trajectory_time=0.604000 s status=2 stamp=28.847999999 previous_message_id=0 previous_generation=0 previous_trajectory_time=0.000000 generation_changed=0 generation_delta=0 previous_valid=0 previous_p=[nan,nan,nan] previous_v=[nan,nan,nan] command_delta_p=nan previous_a=[nan,nan,nan] previous_j=[nan,nan,nan] command_delta_v=nan command_delta_a=nan command_delta_j=nan
[px4_navigation_external_mode_node-1] [ERROR] [1788525974.128377894] [px4_navigation_external_mode]: planner backend tracking envelope exceeded: longitudinal=0.000/0.750 m reverse=0.841/0.750 m lateral=0.061/0.750 m measured_enu=[6.725,-0.125,3.087] command_enu=[5.886,-0.117,3.000] measured_velocity_body_frame=[1.618,-0.087,-0.697] command_velocity_enu=[0.176,-0.009,0.008] command_acceleration_enu=[-2.780,0.142,-0.101] command_jerk_enu=[24.447,-1.251,0.420] odom_header_age_ms=16.000 odom_receive_age_ms=16.000 message_id=349 generation=7 role=EMERGENCY trajectory_time=0.620000 s status=2 stamp=28.864000000 previous_message_id=0 previous_generation=0 previous_trajectory_time=0.000000 generation_changed=0 generation_delta=0 previous_valid=0 previous_p=[nan,nan,nan] previous_v=[nan,nan,nan] command_delta_p=nan previous_a=[nan,nan,nan] previous_j=[nan,nan,nan] command_delta_v=nan command_delta_a=nan command_delta_j=nan
[px4_navigation_external_mode_node-1] [ERROR] [1788525974.148297743] [px4_navigation_external_mode]: planner backend tracking envelope exceeded: longitudinal=0.000/0.750 m reverse=0.870/0.750 m lateral=0.064/0.750 m measured_enu=[6.756,-0.126,3.093] command_enu=[5.889,-0.117,3.000] measured_velocity_body_frame=[1.230,-0.077,-0.673] command_velocity_enu=[0.135,-0.007,0.006] command_acceleration_enu=[-2.390,0.122,-0.093] command_jerk_enu=[24.266,-1.242,0.543] odom_header_age_ms=12.000 odom_receive_age_ms=12.000 message_id=350 generation=7 role=EMERGENCY trajectory_time=0.636000 s status=2 stamp=28.879999999 previous_message_id=0 previous_generation=0 previous_trajectory_time=0.000000 generation_changed=0 generation_delta=0 previous_valid=0 previous_p=[nan,nan,nan] previous_v=[nan,nan,nan] command_delta_p=nan previous_a=[nan,nan,nan] previous_j=[nan,nan,nan] command_delta_v=nan command_delta_a=nan command_delta_j=nan
[px4_navigation_external_mode_node-1] [DEBUG] [1788525974.149810391] [px4_navigation_external_mode]: Mode 'Avoidance Mission' deactivated
[px4_navigation_external_mode_node-1] [ERROR] [1788525974.168463979] [px4_navigation_external_mode]: planner backend tracking envelope exceeded: longitudinal=0.000/0.750 m reverse=0.893/0.750 m lateral=0.063/0.750 m measured_enu=[6.780,-0.128,3.095] command_enu=[5.891,-0.117,3.001] measured_velocity_body_frame=[0.792,-0.066,-0.621] command_velocity_enu=[0.100,-0.005,0.005] command_acceleration_enu=[-2.006,0.103,-0.083] command_jerk_enu=[23.695,-1.212,0.648] odom_header_age_ms=8.000 odom_receive_age_ms=8.000 message_id=351 generation=7 role=EMERGENCY trajectory_time=0.652000 s status=2 stamp=28.896000000 previous_message_id=0 previous_generation=0 previous_trajectory_time=0.000000 generation_changed=0 generation_delta=0 previous_valid=0 previous_p=[nan,nan,nan] previous_v=[nan,nan,nan] command_delta_p=nan previous_a=[nan,nan,nan] previous_j=[nan,nan,nan] command_delta_v=nan command_delta_a=nan command_delta_j=nan
[px4_navigation_external_mode_node-1] [ERROR] [1788525974.188329390] [px4_navigation_external_mode]: planner backend tracking envelope exceeded: longitudinal=0.000/0.750 m reverse=0.909/0.750 m lateral=0.058/0.750 m measured_enu=[6.798,-0.129,3.093] command_enu=[5.892,-0.117,3.001] measured_velocity_body_frame=[0.584,-0.061,-0.558] command_velocity_enu=[0.070,-0.004,0.003] command_acceleration_enu=[-1.634,0.084,-0.072] command_jerk_enu=[22.709,-1.162,0.730] odom_header_age_ms=4.000 odom_receive_age_ms=4.000 message_id=352 generation=7 role=EMERGENCY trajectory_time=0.668000 s status=2 stamp=28.911999999 previous_message_id=0 previous_generation=0 previous_trajectory_time=0.000000 generation_changed=0 generation_delta=0 previous_valid=0 previous_p=[nan,nan,nan] previous_v=[nan,nan,nan] command_delta_p=nan previous_a=[nan,nan,nan] previous_j=[nan,nan,nan] command_delta_v=nan command_delta_a=nan command_delta_j=nan
[px4_navigation_external_mode_node-1] [ERROR] [1788525974.208306062] [px4_navigation_external_mode]: planner backend tracking envelope exceeded: longitudinal=0.000/0.750 m reverse=0.917/0.750 m lateral=0.053/0.750 m measured_enu=[6.807,-0.132,3.089] command_enu=[5.893,-0.117,3.001] measured_velocity_body_frame=[0.473,-0.060,-0.479] command_velocity_enu=[0.047,-0.002,0.002] command_acceleration_enu=[-1.282,0.066,-0.060] command_jerk_enu=[21.282,-1.089,0.783] odom_header_age_ms=0.000 odom_receive_age_ms=0.000 message_id=353 generation=7 role=EMERGENCY trajectory_time=0.684000 s status=2 stamp=28.928000000 previous_message_id=0 previous_generation=0 previous_trajectory_time=0.000000 generation_changed=0 generation_delta=0 previous_valid=0 previous_p=[nan,nan,nan] previous_v=[nan,nan,nan] command_delta_p=nan previous_a=[nan,nan,nan] previous_j=[nan,nan,nan] command_delta_v=nan command_delta_a=nan command_delta_j=nan
[px4_navigation_external_mode_node-1] [ERROR] [1788525974.228424733] [px4_navigation_external_mode]: planner backend tracking envelope exceeded: longitudinal=0.000/0.750 m reverse=0.917/0.750 m lateral=0.052/0.750 m measured_enu=[6.807,-0.132,3.089] command_enu=[5.894,-0.118,3.001] measured_velocity_body_frame=[0.473,-0.060,-0.479] command_velocity_enu=[0.029,-0.001,0.002] command_acceleration_enu=[-0.956,0.049,-0.047] command_jerk_enu=[19.388,-0.992,0.800] odom_header_age_ms=16.000 odom_receive_age_ms=16.000 message_id=354 generation=7 role=EMERGENCY trajectory_time=0.700000 s status=2 stamp=28.943999999 previous_message_id=0 previous_generation=0 previous_trajectory_time=0.000000 generation_changed=0 generation_delta=0 previous_valid=0 previous_p=[nan,nan,nan] previous_v=[nan,nan,nan] command_delta_p=nan previous_a=[nan,nan,nan] previous_j=[nan,nan,nan] command_delta_v=nan command_delta_a=nan command_delta_j=nan
[px4_navigation_external_mode_node-1] [ERROR] [1788525974.248329557] [px4_navigation_external_mode]: planner backend tracking envelope exceeded: longitudinal=0.000/0.750 m reverse=0.927/0.750 m lateral=0.046/0.750 m measured_enu=[6.818,-0.133,3.085] command_enu=[5.894,-0.118,3.001] measured_velocity_body_frame=[0.302,-0.055,-0.407] command_velocity_enu=[0.016,-0.001,0.001] command_acceleration_enu=[-0.664,0.034,-0.035] command_jerk_enu=[17.002,-0.870,0.776] odom_header_age_ms=12.000 odom_receive_age_ms=12.000 message_id=355 generation=7 role=EMERGENCY trajectory_time=0.716000 s status=2 stamp=28.960000000 previous_message_id=0 previous_generation=0 previous_trajectory_time=0.000000 generation_changed=0 generation_delta=0 previous_valid=0 previous_p=[nan,nan,nan] previous_v=[nan,nan,nan] command_delta_p=nan previous_a=[nan,nan,nan] previous_j=[nan,nan,nan] command_delta_v=nan command_delta_a=nan command_delta_j=nan
[px4_navigation_external_mode_node-1] [ERROR] [1788525974.268322525] [px4_navigation_external_mode]: planner backend tracking envelope exceeded: longitudinal=0.000/0.750 m reverse=0.935/0.750 m lateral=0.041/0.750 m measured_enu=[6.826,-0.134,3.081] command_enu=[5.894,-0.118,3.001] measured_velocity_body_frame=[0.182,-0.052,-0.331] command_velocity_enu=[0.008,-0.000,0.000] command_acceleration_enu=[-0.414,0.021,-0.023] command_jerk_enu=[14.098,-0.721,0.704] odom_header_age_ms=8.000 odom_receive_age_ms=8.000 message_id=356 generation=7 role=EMERGENCY trajectory_time=0.732000 s status=2 stamp=28.975999999 previous_message_id=0 previous_generation=0 previous_trajectory_time=0.000000 generation_changed=0 generation_delta=0 previous_valid=0 previous_p=[nan,nan,nan] previous_v=[nan,nan,nan] command_delta_p=nan previous_a=[nan,nan,nan] previous_j=[nan,nan,nan] command_delta_v=nan command_delta_a=nan command_delta_j=nan
[px4_navigation_external_mode_node-1] [ERROR] [1788525974.288339448] [px4_navigation_external_mode]: planner backend tracking envelope exceeded: longitudinal=0.000/0.750 m reverse=0.940/0.750 m lateral=0.037/0.750 m measured_enu=[6.831,-0.135,3.077] command_enu=[5.894,-0.118,3.001] measured_velocity_body_frame=[0.125,-0.047,-0.258] command_velocity_enu=[0.003,-0.000,0.000] command_acceleration_enu=[-0.216,0.011,-0.012] command_jerk_enu=[10.651,-0.545,0.576] odom_header_age_ms=4.000 odom_receive_age_ms=4.000 message_id=357 generation=7 role=EMERGENCY trajectory_time=0.748000 s status=2 stamp=28.992000000 previous_message_id=0 previous_generation=0 previous_trajectory_time=0.000000 generation_changed=0 generation_delta=0 previous_valid=0 previous_p=[nan,nan,nan] previous_v=[nan,nan,nan] command_delta_p=nan previous_a=[nan,nan,nan] previous_j=[nan,nan,nan] command_delta_v=nan command_delta_a=nan command_delta_j=nan
[px4_navigation_external_mode_node-1] [ERROR] [1788525974.308431105] [px4_navigation_external_mode]: planner backend tracking envelope exceeded: longitudinal=0.944/0.750 m reverse=0.000/0.750 m lateral=0.000/0.750 m measured_enu=[6.835,-0.136,3.073] command_enu=[5.894,-0.118,3.001] measured_velocity_body_frame=[0.095,-0.045,-0.193] command_velocity_enu=[0.001,-0.000,0.000] command_acceleration_enu=[-0.077,0.004,-0.005] command_jerk_enu=[6.634,-0.339,0.386] odom_header_age_ms=0.000 odom_receive_age_ms=0.000 message_id=358 generation=7 role=EMERGENCY trajectory_time=0.764000 s status=2 stamp=29.007999999 previous_message_id=0 previous_generation=0 previous_trajectory_time=0.000000 generation_changed=0 generation_delta=0 previous_valid=0 previous_p=[nan,nan,nan] previous_v=[nan,nan,nan] command_delta_p=nan previous_a=[nan,nan,nan] previous_j=[nan,nan,nan] command_delta_v=nan command_delta_a=nan command_delta_j=nan
[px4_navigation_external_mode_node-1] [ERROR] [1788525974.328385825] [px4_navigation_external_mode]: planner backend tracking envelope exceeded: longitudinal=0.944/0.750 m reverse=0.000/0.750 m lateral=0.000/0.750 m measured_enu=[6.835,-0.136,3.073] command_enu=[5.894,-0.118,3.001] measured_velocity_body_frame=[0.095,-0.045,-0.193] command_velocity_enu=[0.000,-0.000,0.000] command_acceleration_enu=[-0.007,0.000,-0.000] command_jerk_enu=[2.022,-0.103,0.126] odom_header_age_ms=16.000 odom_receive_age_ms=16.000 message_id=359 generation=7 role=EMERGENCY trajectory_time=0.780000 s status=2 stamp=29.024000000 previous_message_id=0 previous_generation=0 previous_trajectory_time=0.000000 generation_changed=0 generation_delta=0 previous_valid=0 previous_p=[nan,nan,nan] previous_v=[nan,nan,nan] command_delta_p=nan previous_a=[nan,nan,nan] previous_j=[nan,nan,nan] command_delta_v=nan command_delta_a=nan command_delta_j=nan
[px4_navigation_external_mode_node-1] [WARN] [1788525974.368292073] [px4_navigation_external_mode]: planner backend command rejected before acceptance validation: valid=0 command_present=1
[px4_navigation_external_mode_node-1] [WARN] [1788525975.628358035] [px4_navigation_external_mode]: planner backend command rejected before acceptance validation: valid=0 command_present=1
[WARNING] [launch]: user interrupted with ctrl-c (SIGINT)
[INFO] [px4_navigation_external_mode_node-1]: sending signal 'SIGINT' to process[px4_navigation_external_mode_node-1]
[px4_navigation_external_mode_node-1] [INFO] [1788525984.719605497] [rclcpp]: signal_handler(SIGINT/SIGTERM)
[ERROR] [px4_navigation_external_mode_node-1]: process has died [pid 25203, exit code -2, cmd '/home/letandat/Dev/uav-navigation/install/px4_navigation_external_mode/lib/px4_navigation_external_mode/px4_navigation_external_mode_node --ros-args -r __node:=px4_navigation_external_mode --params-file /home/letandat/Dev/uav-navigation/.artifacts/runtime/external-mode-check-20260904T124531-24234/external_mode_params.yaml --params-file /tmp/launch_params_60tv4ko5'].
