[WARN] [ros2bag]: Positional "topics" argument deprecated. Please use optional "--topics" argument instead.
stdin is not a terminal device. Keyboard handling disabled.[INFO] [1788525938.238803409] [rosbag2_recorder]: Press SPACE for pausing/resuming
[INFO] [1788525938.238812969] [rosbag2_recorder]: Event publisher thread: Started
[INFO] [1788525938.244152222] [rosbag2_recorder]: Starting recording to '/home/letandat/Dev/uav-navigation/.artifacts/runtime/external-mode-check-20260904T124531-24234/rosbag'
[INFO] [1788525938.248537331] [rosbag2_storage]: Opened database '/home/letandat/Dev/uav-navigation/.artifacts/runtime/external-mode-check-20260904T124531-24234/rosbag/rosbag_0.db3' for READ_WRITE.
[INFO] [1788525938.249038583] [rosbag2_recorder]: Listening for topics...
[INFO] [1788525938.249066197] [rosbag2_recorder]: Recording...
[INFO] [1788525938.249082266] [rosbag2_recorder]: Topics discovery started.
[INFO] [1788525938.298843770] [rosbag2_recorder]: Subscribed to topic '/navigation/diagnostics'
[INFO] [1788525938.322366764] [rosbag2_recorder]: Subscribed to topic '/lidar/points'
[INFO] [1788525938.329369757] [rosbag2_recorder]: Subscribed to topic '/fmu/in/vehicle_visual_odometry'
[INFO] [1788525938.341066269] [rosbag2_recorder]: Subscribed to topic '/lio/diagnostics'
[INFO] [1788525938.345053733] [rosbag2_recorder]: Subscribed to topic '/lio/odometry_corrected'
[INFO] [1788525938.352622212] [rosbag2_recorder]: Subscribed to topic '/navigation/navigation_command'
[INFO] [1788525938.424837445] [rosbag2_recorder]: Subscribed to topic '/lio/odometry_propagated'
[INFO] [1788525938.953160314] [rosbag2_recorder]: Subscribed to topic '/clock'
[INFO] [1788525938.969608549] [rosbag2_recorder]: Subscribed to topic '/lidar/imu'
[INFO] [1788525942.107008567] [rosbag2_recorder]: Subscribed to topic '/fmu/in/trajectory_setpoint'
[INFO] [1788525942.110987829] [rosbag2_recorder]: Subscribed to topic '/navigation/mode_status'
[INFO] [1788525942.112435058] [rosbag2_recorder]: Subscribed to topic '/navigation/goal'
[INFO] [1788525942.120129624] [rosbag2_recorder]: Subscribed to topic '/navigation/mission_complete'
[INFO] [1788525943.621990925] [rosbag2_recorder]: Subscribed to topic '/fmu/out/vehicle_attitude'
[INFO] [1788525943.626088842] [rosbag2_recorder]: Subscribed to topic '/fmu/out/vehicle_status_v1'
[INFO] [1788525943.627722365] [rosbag2_recorder]: Subscribed to topic '/fmu/out/vehicle_local_position_v1'
[INFO] [1788525943.628525127] [rosbag2_recorder]: Subscribed to topic '/fmu/out/vehicle_odometry'
[INFO] [1788525943.629725991] [rosbag2_recorder]: Subscribed to topic '/fmu/out/vehicle_local_position_setpoint'
[INFO] [1788525943.631156751] [rosbag2_recorder]: Subscribed to topic '/fmu/out/actuator_motors'
[INFO] [1788525943.632438767] [rosbag2_recorder]: Subscribed to topic '/fmu/out/vehicle_thrust_setpoint'
[INFO] [1788525985.512646152] [rosbag2_recorder]: Topics discovery stopped.
[INFO] [1788525985.512893359] [rosbag2_recorder]: Pausing recording.
[INFO] [1788525985.512938619] [rosbag2_cpp]: Writing remaining messages from cache to the bag. It may take a while
[INFO] [1788525985.520387312] [rosbag2_recorder]: Recording stopped
[WARN] [1788525985.520413188] [rosbag2_recorder]: Number of messages lost on the transport layer: 22
[INFO] [1788525985.521053441] [rosbag2_recorder]: Event publisher thread: Exited
