[INFO] [1788516816.744104850] [px4_navigation_external_mode]: External Mode timing contract: command_stream=0.10s state_age=0.20s initial_hold=5.0s stopped_recovery=5.0s
[INFO] [1788516816.747268049] [px4_navigation_external_mode]: External Mode command contract: planner backend PVA
[DEBUG] [1788516816.749723787] [px4_navigation_external_mode]: Waiting for FMU...
[DEBUG] [1788516819.026058389] [px4_navigation_external_mode]: Checking message compatibility...
[DEBUG] [1788516819.027419834] [px4_navigation_external_mode]: Subscriber found, continuing
[DEBUG] [1788516819.027558518] [px4_navigation_external_mode]: Publisher found, continuing
[DEBUG] [1788516819.521850277] [px4_navigation_external_mode]: Registering 'Avoidance Mission' (arming check: 1, mode: 1, mode executor: 1)
[DEBUG] [1788516819.521884744] [px4_navigation_external_mode]: Subscriber found, continuing
[DEBUG] [1788516819.521922069] [px4_navigation_external_mode]: Publisher found, continuing
[DEBUG] [1788516819.535188498] [px4_navigation_external_mode]: Got RegisterExtComponentReply
[WARN] [1788516819.535426847] [rcl.logging_rosout]: Publisher already registered for node name: 'px4_navigation_external_mode'. If this is due to multiple nodes with the same name then all logs for the logger named 'px4_navigation_external_mode' will go out over the existing publisher. As soon as any node with that name is destructed it will unregister the publisher, preventing any further logs for that name from being published on the rosout topic.
[INFO] [1788516819.540929016] [px4_navigation_external_mode]: External Mode state inputs use an independent single-thread receiver node
[INFO] [1788516819.541138606] [px4_navigation_external_mode]: Mission gate: wp=0 request=0 state=0 position_error_m=-1.000 radius_m=0.700 speed_mps=-1.000 acceptance_speed_mps=0.150 airborne=false trajectory_ready=false terminal_hold_pending=false
[DEBUG] [1788516819.550153872] [px4_navigation_external_mode]: Arming check request (id=1, only printed once)
[INFO] [1788516820.798587379] [px4_navigation_external_mode]: Mission gate: wp=0 request=0 state=0 position_error_m=3.010 radius_m=0.700 speed_mps=0.004 acceptance_speed_mps=0.150 airborne=false trajectory_ready=false terminal_hold_pending=false
[INFO] [1788516822.048617839] [px4_navigation_external_mode]: Mission gate: wp=0 request=0 state=0 position_error_m=3.011 radius_m=0.700 speed_mps=0.001 acceptance_speed_mps=0.150 airborne=false trajectory_ready=false terminal_hold_pending=false
[INFO] [1788516823.298589194] [px4_navigation_external_mode]: Mission gate: wp=0 request=0 state=0 position_error_m=3.011 radius_m=0.700 speed_mps=0.002 acceptance_speed_mps=0.150 airborne=false trajectory_ready=false terminal_hold_pending=false
[INFO] [1788516824.548625792] [px4_navigation_external_mode]: Mission gate: wp=0 request=0 state=0 position_error_m=3.012 radius_m=0.700 speed_mps=0.004 acceptance_speed_mps=0.150 airborne=false trajectory_ready=false terminal_hold_pending=false
[INFO] [1788516825.798580057] [px4_navigation_external_mode]: Mission gate: wp=0 request=0 state=0 position_error_m=3.012 radius_m=0.700 speed_mps=0.003 acceptance_speed_mps=0.150 airborne=false trajectory_ready=false terminal_hold_pending=false
[DEBUG] [1788516826.150166262] [px4_navigation_external_mode]: Mode executor 'Avoidance Mission' activated
[INFO] [1788516826.150202985] [px4_navigation_external_mode]: Avoidance Mission executor activated
[DEBUG] [1788516826.165786461] [px4_navigation_external_mode]: Mode 'Avoidance Mission' activated
[INFO] [1788516826.165928355] [px4_navigation_external_mode]: external_mode_metrics odom_callbacks=1 odom_max_gap_us=20000 trajectory_received=0 trajectory_accepted=0 trajectory_rejected=0 waypoint_handoffs_retaining_command=0 setpoint_updates=1 setpoint_max_gap_us=0 last_state_age_s=-1.000000 stale_state_failures=0 velocity_command_enu=(0.000,0.000,0.000) forward_guard_count=0
[DEBUG] [1788516826.400524137] [px4_navigation_external_mode]: Mode executor 'Avoidance Mission' deactivated (1)
[DEBUG] [1788516826.400558543] [px4_navigation_external_mode]: Owned navigation mode was deactivated by mode handover
[INFO] [1788516826.400569539] [px4_navigation_external_mode]: Avoidance Mission executor deactivated (mode_exit)
[DEBUG] [1788516826.400580421] [px4_navigation_external_mode]: Mode 'Avoidance Mission' deactivated
[DEBUG] [1788516841.315180157] [px4_navigation_external_mode]: Mode executor 'Avoidance Mission' activated
[INFO] [1788516841.315226336] [px4_navigation_external_mode]: Avoidance Mission executor activated
[DEBUG] [1788516841.330594111] [px4_navigation_external_mode]: Mode 'Avoidance Mission' activated
[INFO] [1788516841.330653706] [px4_navigation_external_mode]: Mission gate: wp=0 request=0 state=1 position_error_m=0.343 radius_m=0.700 speed_mps=0.065 acceptance_speed_mps=0.150 airborne=true trajectory_ready=false terminal_hold_pending=false
[INFO] [1788516841.330715069] [px4_navigation_external_mode]: Published mission waypoint 0 (open_start) behavior=0 next_target=(3.000,0.000,3.000)
[INFO] [1788516841.330722472] [px4_navigation_external_mode]: external_mode_metrics odom_callbacks=0 odom_max_gap_us=0 trajectory_received=0 trajectory_accepted=0 trajectory_rejected=0 waypoint_handoffs_retaining_command=0 setpoint_updates=1 setpoint_max_gap_us=0 last_state_age_s=-1.000000 stale_state_failures=0 velocity_command_enu=(0.000,0.000,0.000) forward_guard_count=0
[INFO] [1788516841.340899287] [px4_navigation_external_mode]: PX4 local frame aligned to LIO: translation_ned=(0.197,0.127,0.005)
[INFO] [1788516841.348585127] [px4_navigation_external_mode]: Mission waypoint accepted: wp=0 position_error_m=0.343 speed_mps=0.064 next_wp=1 next_request=2
[INFO] [1788516841.348677747] [px4_navigation_external_mode]: Published mission waypoint 1 (open_east) behavior=0 next_target=(6.000,0.000,3.000)
[INFO] [1788516842.590872845] [px4_navigation_external_mode]: external_mode_metrics odom_callbacks=50 odom_max_gap_us=20000 trajectory_received=55 trajectory_accepted=55 trajectory_rejected=0 waypoint_handoffs_retaining_command=0 setpoint_updates=64 setpoint_max_gap_us=16000 last_state_age_s=-1.000000 stale_state_failures=0 velocity_command_enu=(0.091,0.011,0.042) forward_guard_count=0
[INFO] [1788516842.598569773] [px4_navigation_external_mode]: Mission gate: wp=1 request=2 state=2 position_error_m=3.214 radius_m=0.700 speed_mps=0.059 acceptance_speed_mps=0.150 airborne=true trajectory_ready=true terminal_hold_pending=false
[INFO] [1788516843.848640263] [px4_navigation_external_mode]: Mission gate: wp=1 request=2 state=2 position_error_m=2.965 radius_m=0.700 speed_mps=0.520 acceptance_speed_mps=0.150 airborne=true trajectory_ready=true terminal_hold_pending=false
[INFO] [1788516843.850829318] [px4_navigation_external_mode]: external_mode_metrics odom_callbacks=101 odom_max_gap_us=24000 trajectory_received=118 trajectory_accepted=118 trajectory_rejected=0 waypoint_handoffs_retaining_command=0 setpoint_updates=127 setpoint_max_gap_us=16000 last_state_age_s=-1.000000 stale_state_failures=0 velocity_command_enu=(0.483,0.035,0.018) forward_guard_count=0
[INFO] [1788516845.098604307] [px4_navigation_external_mode]: Mission gate: wp=1 request=2 state=2 position_error_m=2.281 radius_m=0.700 speed_mps=0.793 acceptance_speed_mps=0.150 airborne=true trajectory_ready=true terminal_hold_pending=false
[INFO] [1788516845.110839720] [px4_navigation_external_mode]: external_mode_metrics odom_callbacks=151 odom_max_gap_us=24000 trajectory_received=181 trajectory_accepted=181 trajectory_rejected=0 waypoint_handoffs_retaining_command=0 setpoint_updates=190 setpoint_max_gap_us=16000 last_state_age_s=-1.000000 stale_state_failures=0 velocity_command_enu=(0.773,0.059,-0.002) forward_guard_count=0
[INFO] [1788516846.348598690] [px4_navigation_external_mode]: Mission gate: wp=1 request=2 state=2 position_error_m=1.539 radius_m=0.700 speed_mps=0.689 acceptance_speed_mps=0.150 airborne=true trajectory_ready=true terminal_hold_pending=false
[INFO] [1788516846.370841386] [px4_navigation_external_mode]: external_mode_metrics odom_callbacks=202 odom_max_gap_us=24000 trajectory_received=244 trajectory_accepted=244 trajectory_rejected=0 waypoint_handoffs_retaining_command=0 setpoint_updates=253 setpoint_max_gap_us=16000 last_state_age_s=-1.000000 stale_state_failures=0 velocity_command_enu=(0.698,0.061,-0.002) forward_guard_count=0
[INFO] [1788516847.598609006] [px4_navigation_external_mode]: Mission gate: wp=1 request=2 state=2 position_error_m=0.950 radius_m=0.700 speed_mps=0.533 acceptance_speed_mps=0.150 airborne=true trajectory_ready=true terminal_hold_pending=false
[INFO] [1788516847.630846301] [px4_navigation_external_mode]: external_mode_metrics odom_callbacks=252 odom_max_gap_us=24000 trajectory_received=307 trajectory_accepted=307 trajectory_rejected=0 waypoint_handoffs_retaining_command=0 setpoint_updates=316 setpoint_max_gap_us=16000 last_state_age_s=-1.000000 stale_state_failures=0 velocity_command_enu=(0.527,0.050,0.008) forward_guard_count=0
[INFO] [1788516848.248565876] [px4_navigation_external_mode]: Mission waypoint accepted: wp=1 position_error_m=0.690 speed_mps=0.525 next_wp=2 next_request=3
[INFO] [1788516848.248704866] [px4_navigation_external_mode]: Published mission waypoint 2 (open_north) behavior=0 next_target=(7.000,0.000,3.000)
[INFO] [1788516848.848585865] [px4_navigation_external_mode]: Mission gate: wp=2 request=3 state=2 position_error_m=3.423 radius_m=0.700 speed_mps=0.586 acceptance_speed_mps=0.150 airborne=true trajectory_ready=true terminal_hold_pending=false
[INFO] [1788516848.890848064] [px4_navigation_external_mode]: external_mode_metrics odom_callbacks=303 odom_max_gap_us=24000 trajectory_received=370 trajectory_accepted=370 trajectory_rejected=0 waypoint_handoffs_retaining_command=1 setpoint_updates=379 setpoint_max_gap_us=20000 last_state_age_s=-1.000000 stale_state_failures=0 velocity_command_enu=(0.608,0.048,0.006) forward_guard_count=0
[INFO] [1788516850.098606830] [px4_navigation_external_mode]: Mission gate: wp=2 request=3 state=2 position_error_m=1.919 radius_m=0.700 speed_mps=3.478 acceptance_speed_mps=0.150 airborne=true trajectory_ready=true terminal_hold_pending=false
[INFO] [1788516850.150861545] [px4_navigation_external_mode]: external_mode_metrics odom_callbacks=353 odom_max_gap_us=24000 trajectory_received=433 trajectory_accepted=433 trajectory_rejected=0 waypoint_handoffs_retaining_command=1 setpoint_updates=442 setpoint_max_gap_us=20000 last_state_age_s=-1.000000 stale_state_failures=0 velocity_command_enu=(2.924,0.002,0.002) forward_guard_count=0
[INFO] [1788516850.498623922] [px4_navigation_external_mode]: Mission waypoint accepted: wp=2 position_error_m=0.698 speed_mps=4.004 next_wp=3 next_request=4
[INFO] [1788516850.498730140] [px4_navigation_external_mode]: Published mission waypoint 3 (open_west) behavior=0 next_target=(7.000,0.000,3.000)
[INFO] [1788516850.848607284] [px4_navigation_external_mode]: Mission waypoint accepted: wp=3 position_error_m=0.653 speed_mps=3.347 next_wp=4 next_request=5
[INFO] [1788516850.848755475] [px4_navigation_external_mode]: Published mission waypoint 4 (open_finish) behavior=1 terminal=true
[WARN] [1788516850.852218595] [px4_navigation_external_mode]: planner backend command rejected by identity contract: health_epoch=1 mission_identity=0 prior_suffix=0 monotonic=1 command=(mission=external_mode_open_route wp=2 request=3 goal_epoch=4 localization_epoch=15255787781137 generation=3 sample=469) active=(mission=external_mode_open_route wp=4 request=5 localization_epoch=15255787781137)
[ERROR] [1788516850.971975147] [px4_navigation_external_mode]: planner backend PVA command stale; safety hold then handover to PX4 Hold
[WARN] [1788516850.972027553] [px4_navigation_external_mode]: Avoidance Mission requesting PX4 Hold handover
[DEBUG] [1788516850.972035222] [px4_navigation_external_mode]: Owned navigation mode was deactivated by mode handover
[DEBUG] [1788516851.030684332] [px4_navigation_external_mode]: Mode 'Avoidance Mission' deactivated
[INFO] [1788516875.393724088] [rclcpp]: signal_handler(SIGINT/SIGTERM)
